Component: ARM Compiler 5.06 update 7 (build 960) Tool: armlink [4d3601]

==============================================================================

Section Cross References

    main.o(.text) refers to u8g2_buffer.o(.text) for u8g2_ClearBuffer
    main.o(.text) refers to dflti.o(.text) for __aeabi_i2d
    main.o(.text) refers to ddiv.o(.text) for __aeabi_ddiv
    main.o(.text) refers to dmul.o(.text) for __aeabi_dmul
    main.o(.text) refers to dfixi.o(.text) for __aeabi_d2iz
    main.o(.text) refers to printf1.o(i.__0sprintf$1) for __2sprintf
    main.o(.text) refers to u8g2_font.o(.text) for u8g2_SetFont
    main.o(.text) refers to u8g2_box.o(.text) for u8g2_DrawRBox
    main.o(.text) refers to rf2g4.o(.text) for RF2G4_Check
    main.o(.text) refers to delay.o(.text) for delay_ms
    main.o(.text) refers to misc.o(.text) for NVIC_PriorityGroupConfig
    main.o(.text) refers to led.o(.text) for LED_Init
    main.o(.text) refers to key.o(.text) for KEY_Init_JX
    main.o(.text) refers to joystick_ad.o(.text) for AD_Init
    main.o(.text) refers to u8g2_init.o(.text) for IIC_Init
    main.o(.text) refers to stm32f10x_gpio.o(.text) for GPIO_ResetBits
    main.o(.text) refers to u8g2_fonts.o(.constdata) for u8g2_font_michaelmouse_tu
    main.o(.text) refers to multi_menu.o(.bss) for u8g2
    main.o(.text) refers to rf2g4.o(.bss) for RF2G4_Send_Data
    main.o(.text) refers to multi_menu.o(.data) for table
    main.o(.text) refers to main.o(.data) for .data
    main.o(.text) refers to u8g2_fonts.o(.constdata) for u8g2_font_ncenB08_tf
    main.o(.text) refers to key.o(.data) for key_scan
    main.o(.text) refers to joystick_ad.o(.bss) for AD_Value
    system_stm32f10x.o(.text) refers to system_stm32f10x.o(.data) for .data
    led.o(.text) refers to stm32f10x_rcc.o(.text) for RCC_APB2PeriphClockCmd
    led.o(.text) refers to stm32f10x_gpio.o(.text) for GPIO_Init
    rf2g4.o(.text) refers to stm32f10x_rcc.o(.text) for RCC_APB2PeriphClockCmd
    rf2g4.o(.text) refers to stm32f10x_gpio.o(.text) for GPIO_Init
    rf2g4.o(.text) refers to spi.o(.text) for SPI2_Init_JX
    rf2g4.o(.text) refers to rf2g4.o(.constdata) for .constdata
    spi.o(.text) refers to stm32f10x_spi.o(.text) for SPI_I2S_GetFlagStatus
    spi.o(.text) refers to stm32f10x_rcc.o(.text) for RCC_APB2PeriphClockCmd
    spi.o(.text) refers to stm32f10x_gpio.o(.text) for GPIO_Init
    key.o(.text) refers to stm32f10x_rcc.o(.text) for RCC_APB2PeriphClockCmd
    key.o(.text) refers to stm32f10x_gpio.o(.text) for GPIO_Init
    key.o(.text) refers to delay.o(.text) for delay_ms
    key.o(.text) refers to key.o(.data) for .data
    joystick_ad.o(.text) refers to stm32f10x_rcc.o(.text) for RCC_APB2PeriphClockCmd
    joystick_ad.o(.text) refers to stm32f10x_gpio.o(.text) for GPIO_Init
    joystick_ad.o(.text) refers to stm32f10x_adc.o(.text) for ADC_RegularChannelConfig
    joystick_ad.o(.text) refers to stm32f10x_dma.o(.text) for DMA_Init
    joystick_ad.o(.text) refers to joystick_ad.o(.bss) for .bss
    multi_menu.o(.text) refers to dfltui.o(.text) for __aeabi_ui2d
    multi_menu.o(.text) refers to dmul.o(.text) for __aeabi_dmul
    multi_menu.o(.text) refers to dfixui.o(.text) for __aeabi_d2uiz
    multi_menu.o(.text) refers to printf1.o(i.__0sprintf$1) for __2sprintf
    multi_menu.o(.text) refers to u8g2_font.o(.text) for u8g2_DrawStr
    multi_menu.o(.text) refers to u8g2_box.o(.text) for u8g2_DrawRFrame
    multi_menu.o(.text) refers to u8g2_hvline.o(.text) for u8g2_SetDrawColor
    multi_menu.o(.text) refers to joystick_ad.o(.bss) for AD_Value
    multi_menu.o(.text) refers to u8g2_fonts.o(.constdata) for u8g2_font_tenthinnerguys_t_all
    multi_menu.o(.text) refers to multi_menu.o(.bss) for .bss
    multi_menu.o(.text) refers to u8g2_fonts.o(.constdata) for u8g2_font_koleeko_tu
    multi_menu.o(.data) refers to multi_menu.o(.text) for fun_0
    delay.o(.text) refers to misc.o(.text) for SysTick_CLKSourceConfig
    delay.o(.text) refers to system_stm32f10x.o(.data) for SystemCoreClock
    delay.o(.text) refers to delay.o(.data) for .data
    usart.o(.text) refers to stm32f10x_rcc.o(.text) for RCC_APB2PeriphClockCmd
    usart.o(.text) refers to stm32f10x_gpio.o(.text) for GPIO_Init
    usart.o(.text) refers to misc.o(.text) for NVIC_Init
    usart.o(.text) refers to stm32f10x_usart.o(.text) for USART_Init
    usart.o(.text) refers to usart.o(.data) for .data
    usart.o(.text) refers to usart.o(.bss) for .bss
    startup_stm32f10x_md.o(RESET) refers to startup_stm32f10x_md.o(STACK) for __initial_sp
    startup_stm32f10x_md.o(RESET) refers to startup_stm32f10x_md.o(.text) for Reset_Handler
    startup_stm32f10x_md.o(RESET) refers to stm32f10x_it.o(.text) for NMI_Handler
    startup_stm32f10x_md.o(RESET) refers to usart.o(.text) for USART1_IRQHandler
    startup_stm32f10x_md.o(.text) refers to system_stm32f10x.o(.text) for SystemInit
    startup_stm32f10x_md.o(.text) refers to entry.o(.ARM.Collect$$$$00000000) for __main
[...]
    ..\u8g2\u8g2_buffer.c                    0x00000000   Number         0  u8g2_buffer.o ABSOLUTE
    ..\u8g2\u8g2_button.c                    0x00000000   Number         0  u8g2_button.o ABSOLUTE
    ..\u8g2\u8g2_circle.c                    0x00000000   Number         0  u8g2_circle.o ABSOLUTE
    ..\u8g2\u8g2_cleardisplay.c              0x00000000   Number         0  u8g2_cleardisplay.o ABSOLUTE
    ..\u8g2\u8g2_d_memory.c                  0x00000000   Number         0  u8g2_d_memory.o ABSOLUTE
    ..\u8g2\u8g2_d_setup.c                   0x00000000   Number         0  u8g2_d_setup.o ABSOLUTE
    ..\u8g2\u8g2_font.c                      0x00000000   Number         0  u8g2_font.o ABSOLUTE
    ..\u8g2\u8g2_fonts.c                     0x00000000   Number         0  u8g2_fonts.o ABSOLUTE
    ..\u8g2\u8g2_hvline.c                    0x00000000   Number         0  u8g2_hvline.o ABSOLUTE
    ..\u8g2\u8g2_init.c                      0x00000000   Number         0  u8g2_init.o ABSOLUTE
    ..\u8g2\u8g2_input_value.c               0x00000000   Number         0  u8g2_input_value.o ABSOLUTE
    ..\u8g2\u8g2_intersection.c              0x00000000   Number         0  u8g2_intersection.o ABSOLUTE
    ..\u8g2\u8g2_kerning.c                   0x00000000   Number         0  u8g2_kerning.o ABSOLUTE
    ..\u8g2\u8g2_line.c                      0x00000000   Number         0  u8g2_line.o ABSOLUTE
    ..\u8g2\u8g2_ll_hvline.c                 0x00000000   Number         0  u8g2_ll_hvline.o ABSOLUTE
    ..\u8g2\u8g2_message.c                   0x00000000   Number         0  u8g2_message.o ABSOLUTE
    ..\u8g2\u8g2_polygon.c                   0x00000000   Number         0  u8g2_polygon.o ABSOLUTE
    ..\u8g2\u8g2_selection_list.c            0x00000000   Number         0  u8g2_selection_list.o ABSOLUTE
    ..\u8g2\u8g2_setup.c                     0x00000000   Number         0  u8g2_setup.o ABSOLUTE
    ..\u8g2\u8log.c                          0x00000000   Number         0  u8log.o ABSOLUTE
    ..\u8g2\u8log_u8g2.c                     0x00000000   Number         0  u8log_u8g2.o ABSOLUTE
    ..\u8g2\u8log_u8x8.c                     0x00000000   Number         0  u8log_u8x8.o ABSOLUTE
    ..\u8g2\u8x8_8x8.c                       0x00000000   Number         0  u8x8_8x8.o ABSOLUTE
    ..\u8g2\u8x8_byte.c                      0x00000000   Number         0  u8x8_byte.o ABSOLUTE
    ..\u8g2\u8x8_cad.c                       0x00000000   Number         0  u8x8_cad.o ABSOLUTE
    ..\u8g2\u8x8_capture.c                   0x00000000   Number         0  u8x8_capture.o ABSOLUTE
    ..\u8g2\u8x8_d_ssd1306_128x64_noname.c   0x00000000   Number         0  u8x8_d_ssd1306_128x64_noname.o ABSOLUTE
    ..\u8g2\u8x8_d_stdio.c                   0x00000000   Number         0  u8x8_d_stdio.o ABSOLUTE
    ..\u8g2\u8x8_debounce.c                  0x00000000   Number         0  u8x8_debounce.o ABSOLUTE
    ..\u8g2\u8x8_display.c                   0x00000000   Number         0  u8x8_display.o ABSOLUTE
    ..\u8g2\u8x8_fonts.c                     0x00000000   Number         0  u8x8_fonts.o ABSOLUTE
    ..\u8g2\u8x8_gpio.c                      0x00000000   Number         0  u8x8_gpio.o ABSOLUTE
    ..\u8g2\u8x8_input_value.c               0x00000000   Number         0  u8x8_input_value.o ABSOLUTE
    ..\u8g2\u8x8_message.c                   0x00000000   Number         0  u8x8_message.o ABSOLUTE
    ..\u8g2\u8x8_selection_list.c            0x00000000   Number         0  u8x8_selection_list.o ABSOLUTE
    ..\u8g2\u8x8_setup.c                     0x00000000   Number         0  u8x8_setup.o ABSOLUTE
    ..\u8g2\u8x8_string.c                    0x00000000   Number         0  u8x8_string.o ABSOLUTE
    ..\u8g2\u8x8_u16toa.c                    0x00000000   Number         0  u8x8_u16toa.o ABSOLUTE
    ..\u8g2\u8x8_u8toa.c                     0x00000000   Number         0  u8x8_u8toa.o ABSOLUTE
    cdrcmple.s                               0x00000000   Number         0  cdrcmple.o ABSOLUTE
    dc.s                                     0x00000000   Number         0  dc.o ABSOLUTE
    handlers.s                               0x00000000   Number         0  handlers.o ABSOLUTE
    init.s                                   0x00000000   Number         0  init.o ABSOLUTE
    main.c                                   0x00000000   Number         0  main.o ABSOLUTE
    stm32f10x_it.c                           0x00000000   Number         0  stm32f10x_it.o ABSOLUTE
    system_stm32f10x.c                       0x00000000   Number         0  system_stm32f10x.o ABSOLUTE
    RESET                                    0x08000000   Section      236  startup_stm32f10x_md.o(RESET)
    .ARM.Collect$$$$00000000                 0x080000ec   Section        0  entry.o(.ARM.Collect$$$$00000000)
    .ARM.Collect$$$$00000001                 0x080000ec   Section        4  entry2.o(.ARM.Collect$$$$00000001)
    .ARM.Collect$$$$00000004                 0x080000f0   Section        4  entry5.o(.ARM.Collect$$$$00000004)
    .ARM.Collect$$$$00000008                 0x080000f4   Section        0  entry7b.o(.ARM.Collect$$$$00000008)
    .ARM.Collect$$$$0000000A                 0x080000f4   Section        0  entry8b.o(.ARM.Collect$$$$0000000A)
    .ARM.Collect$$$$0000000B                 0x080000f4   Section        8  entry9a.o(.ARM.Collect$$$$0000000B)
    .ARM.Collect$$$$0000000E                 0x080000fc   Section        4  entry12b.o(.ARM.Collect$$$$0000000E)
    .ARM.Collect$$$$0000000F                 0x08000100   Section        0  entry10a.o(.ARM.Collect$$$$0000000F)
    .ARM.Collect$$$$00000011                 0x08000100   Section        0  entry11a.o(.ARM.Collect$$$$00000011)
    .ARM.Collect$$$$00002712                 0x08000100   Section        4  entry2.o(.ARM.Collect$$$$00002712)
    __lit__00000000                          0x08000100   Data           4  entry2.o(.ARM.Collect$$$$00002712)
    .text                                    0x08000104   Section        0  main.o(.text)
    .text                                    0x08000508   Section        0  stm32f10x_it.o(.text)
    .text                                    0x0800051c   Section        0  system_stm32f10x.o(.text)
    SetSysClockTo72                          0x0800051d   Thumb Code   160  system_stm32f10x.o(.text)
    .text                                    0x08000670   Section        0  led.o(.text)
    .text                                    0x080006b0   Section        0  rf2g4.o(.text)
    .text                                    0x08000948   Section        0  spi.o(.text)
    .text                                    0x08000a38   Section        0  key.o(.text)
    .text                                    0x08000bdc   Section        0  joystick_ad.o(.text)
    .text                                    0x08000d0c   Section        0  multi_menu.o(.text)
    .text                                    0x08001718   Section        0  delay.o(.text)
    .text                                    0x080017b0   Section        0  usart.o(.text)
    .text                                    0x080018c4   Section       36  startup_stm32f10x_md.o(.text)
    .text                                    0x080018e8   Section        0  stm32f10x_gpio.o(.text)
    .text                                    0x08001b54   Section        0  stm32f10x_rcc.o(.text)
    .text                                    0x08001e08   Section        0  stm32f10x_usart.o(.text)
    .text                                    0x08002130   Section        0  stm32f10x_adc.o(.text)
    .text                                    0x08002460   Section        0  stm32f10x_dma.o(.text)
    .text                                    0x08002628   Section        0  stm32f10x_spi.o(.text)
    .text                                    0x0800289c   Section        0  misc.o(.text)
    .text                                    0x0800294c   Section        0  u8g2_box.o(.text)
    .text                                    0x08002bfc   Section        0  u8g2_buffer.o(.text)
    u8g2_send_buffer                         0x08002c0f   Thumb Code    78  u8g2_buffer.o(.text)
    .text                                    0x08002dd8   Section        0  u8g2_circle.o(.text)
    u8g2_draw_circle_section                 0x08002dd9   Thumb Code   186  u8g2_circle.o(.text)
    u8g2_draw_disc_section                   0x08002ed3   Thumb Code   200  u8g2_circle.o(.text)
    u8g2_draw_ellipse_section                0x08002fd9   Thumb Code    96  u8g2_circle.o(.text)
    u8g2_draw_filled_ellipse_section         0x0800307d   Thumb Code   104  u8g2_circle.o(.text)
    u8g2_draw_circle                         0x08003127   Thumb Code   102  u8g2_circle.o(.text)
    u8g2_draw_disc                           0x0800318d   Thumb Code   102  u8g2_circle.o(.text)
    u8g2_draw_ellipse                        0x080031f3   Thumb Code   218  u8g2_circle.o(.text)
    u8g2_draw_filled_ellipse                 0x080032cd   Thumb Code   216  u8g2_circle.o(.text)
    .text                                    0x080033a4   Section        0  u8g2_d_memory.o(.text)
    .text                                    0x080033b0   Section        0  u8g2_d_setup.o(.text)
    .text                                    0x080033e8   Section        0  u8g2_font.o(.text)
    u8g2_font_setup_decode                   0x080035b5   Thumb Code    52  u8g2_font.o(.text)
    u8g2_draw_string                         0x0800382f   Thumb Code   118  u8g2_font.o(.text)
    u8g2_string_width                        0x08003afb   Thumb Code   116  u8g2_font.o(.text)
    u8g2_font_get_word                       0x08003bbd   Thumb Code    20  u8g2_font.o(.text)
    .text                                    0x08003bd8   Section        0  u8g2_hvline.o(.text)
    u8g2_clip_intersection2                  0x08003bd9   Thumb Code    60  u8g2_hvline.o(.text)
    .text                                    0x08003d26   Section        0  u8g2_intersection.o(.text)
    .text                                    0x08003d6c   Section        0  u8g2_kerning.o(.text)
    .text                                    0x08003df4   Section        0  u8g2_ll_hvline.o(.text)
    .text                                    0x08003efc   Section        0  u8g2_setup.o(.text)
    u8g2_update_dimension_common             0x08003f9f   Thumb Code    70  u8g2_setup.o(.text)
    u8g2_apply_clip_window                   0x08003fe5   Thumb Code   110  u8g2_setup.o(.text)
    .text                                    0x08004230   Section        0  u8x8_8x8.o(.text)
    u8x8_get_glyph_data                      0x08004235   Thumb Code   104  u8x8_8x8.o(.text)
    u8x8_draw_string                         0x0800449d   Thumb Code    80  u8x8_8x8.o(.text)
    u8x8_draw_2x2_string                     0x08004505   Thumb Code    82  u8x8_8x8.o(.text)
    u8x8_draw_1x2_string                     0x0800456f   Thumb Code    78  u8x8_8x8.o(.text)
    u8x8_draw_2x2_subglyph                   0x08004605   Thumb Code   152  u8x8_8x8.o(.text)
    u8x8_upscale_buf                         0x0800469d   Thumb Code    26  u8x8_8x8.o(.text)
    .text                                    0x080046b8   Section        0  u8x8_byte.o(.text)
    i2c_write_byte                           0x08004c67   Thumb Code   124  u8x8_byte.o(.text)
    i2c_delay                                0x08004d9f   Thumb Code    10  u8x8_byte.o(.text)
    i2c_read_scl_and_delay                   0x08004da9   Thumb Code    20  u8x8_byte.o(.text)
    i2c_clear_scl                            0x08004dbd   Thumb Code     8  u8x8_byte.o(.text)
    i2c_read_sda                             0x08004dc5   Thumb Code     8  u8x8_byte.o(.text)
    i2c_clear_sda                            0x08004dcd   Thumb Code     8  u8x8_byte.o(.text)
    i2c_write_bit                            0x08004dd5   Thumb Code    36  u8x8_byte.o(.text)
    .text                                    0x08004dfc   Section        0  u8x8_cad.o(.text)
    u8x8_i2c_data_transfer                   0x0800567d   Thumb Code    44  u8x8_cad.o(.text)
    .text                                    0x080056a8   Section        0  u8x8_capture.o(.text)
    .text                                    0x080058b0   Section        0  u8x8_d_ssd1306_128x64_noname.o(.text)
    u8x8_d_ssd1306_sh1106_generic            0x080058b1   Thumb Code   196  u8x8_d_ssd1306_128x64_noname.o(.text)
    .text                                    0x08005b1c   Section        0  u8x8_display.o(.text)
    .text                                    0x08005cbc   Section        0  u8x8_gpio.o(.text)
    .text                                    0x08005cc8   Section        0  u8x8_setup.o(.text)
    .text                                    0x08005d30   Section        0  u8x8_u16toa.o(.text)
    .text                                    0x08005d94   Section        0  u8g2_init.o(.text)
    .text                                    0x08005e88   Section        0  memseta.o(.text)
    .text                                    0x08005eac   Section        0  dmul.o(.text)
    .text                                    0x08005f90   Section        0  ddiv.o(.text)
    .text                                    0x0800606e   Section        0  dflti.o(.text)
    .text                                    0x08006090   Section        0  dfltui.o(.text)
    .text                                    0x080060aa   Section        0  dfixi.o(.text)
    .text                                    0x080060e8   Section        0  dfixui.o(.text)
    .text                                    0x0800611a   Section        0  uidiv.o(.text)
    .text                                    0x08006146   Section        0  llushr.o(.text)
    .text                                    0x08006166   Section        0  iusefp.o(.text)
    .text                                    0x08006166   Section        0  depilogue.o(.text)
    .text                                    0x08006220   Section       36  init.o(.text)
    .text                                    0x08006244   Section        0  llshl.o(.text)
    .text                                    0x08006262   Section        0  __dczerorl2.o(.text)
    i.__0sprintf$1                           0x080062b8   Section        0  printf1.o(i.__0sprintf$1)
    i.__scatterload_copy                     0x080062e0   Section       14  handlers.o(i.__scatterload_copy)
    i.__scatterload_null                     0x080062ee   Section        2  handlers.o(i.__scatterload_null)
    i.__scatterload_zeroinit                 0x080062f0   Section       14  handlers.o(i.__scatterload_zeroinit)
    i._printf_core                           0x08006300   Section        0  printf1.o(i._printf_core)
    _printf_core                             0x08006301   Thumb Code   336  printf1.o(i._printf_core)
    i._sputc                                 0x08006454   Section        0  printf1.o(i._sputc)
    _sputc                                   0x08006455   Thumb Code    10  printf1.o(i._sputc)
    .constdata                               0x0800645e   Section       10  rf2g4.o(.constdata)
    .constdata                               0x08006468   Section     1810  u8g2_fonts.o(.constdata)
    .constdata                               0x08006b7a   Section      775  u8g2_fonts.o(.constdata)
    .constdata                               0x08006e81   Section     2554  u8g2_fonts.o(.constdata)
    .constdata                               0x0800787b   Section     2518  u8g2_fonts.o(.constdata)
    .constdata                               0x08008254   Section       12  u8g2_setup.o(.constdata)
    .constdata                               0x08008260   Section      292  u8x8_d_ssd1306_128x64_noname.o(.constdata)
    u8x8_d_ssd1306_128x64_noname_powersave0_seq 0x08008260   Data           5  u8x8_d_ssd1306_128x64_noname.o(.constdata)
    u8x8_d_ssd1306_128x64_noname_powersave1_seq 0x08008265   Data           5  u8x8_d_ssd1306_128x64_noname.o(.constdata)
    u8x8_d_ssd1306_128x64_noname_flip0_seq   0x0800826a   Data           7  u8x8_d_ssd1306_128x64_noname.o(.constdata)
    u8x8_d_ssd1306_128x64_noname_flip1_seq   0x08008271   Data           7  u8x8_d_ssd1306_128x64_noname.o(.constdata)
    u8x8_d_ssd1312_128x64_noname_flip0_seq   0x08008278   Data           7  u8x8_d_ssd1306_128x64_noname.o(.constdata)
    u8x8_d_ssd1312_128x64_noname_flip1_seq   0x0800827f   Data           7  u8x8_d_ssd1306_128x64_noname.o(.constdata)
    u8x8_d_ssd1306_128x64_noname_init_seq    0x08008286   Data          53  u8x8_d_ssd1306_128x64_noname.o(.constdata)
    u8x8_d_ssd1306_128x64_vcomh0_init_seq    0x080082bb   Data          53  u8x8_d_ssd1306_128x64_noname.o(.constdata)
    u8x8_d_ssd1306_128x64_alt0_init_seq      0x080082f0   Data          53  u8x8_d_ssd1306_128x64_noname.o(.constdata)
    u8x8_d_sh1106_128x64_winstar_init_seq    0x08008325   Data          45  u8x8_d_ssd1306_128x64_noname.o(.constdata)
    u8x8_ssd1306_128x64_noname_display_info  0x08008354   Data          24  u8x8_d_ssd1306_128x64_noname.o(.constdata)
    u8x8_sh1106_128x64_noname_display_info   0x0800836c   Data          24  u8x8_d_ssd1306_128x64_noname.o(.constdata)
    .constdata                               0x08008384   Section       24  u8x8_setup.o(.constdata)
    u8x8_null_display_info                   0x08008384   Data          24  u8x8_setup.o(.constdata)
    .data                                    0x20000000   Section        8  main.o(.data)
    .data                                    0x20000008   Section       20  system_stm32f10x.o(.data)
    .data                                    0x2000001c   Section        8  key.o(.data)
    .data                                    0x20000024   Section      240  multi_menu.o(.data)
    .data                                    0x20000114   Section        4  delay.o(.data)
    fac_us                                   0x20000114   Data           1  delay.o(.data)
    fac_ms                                   0x20000116   Data           2  delay.o(.data)
    .data                                    0x20000118   Section        2  usart.o(.data)
    .data                                    0x2000011a   Section       20  stm32f10x_rcc.o(.data)
    ADCPrescTable                            0x2000011a   Data           4  stm32f10x_rcc.o(.data)
    APBAHBPrescTable                         0x2000011e   Data          16  stm32f10x_rcc.o(.data)
    .data                                    0x2000012e   Section        8  u8g2_setup.o(.data)
    buf                                      0x2000012e   Data           8  u8g2_setup.o(.data)
    .data                                    0x20000136   Section        2  u8x8_byte.o(.data)
    last_dc                                  0x20000136   Data           1  u8x8_byte.o(.data)
    enable_pin                               0x20000137   Data           1  u8x8_byte.o(.data)
    .data                                    0x20000138   Section        6  u8x8_cad.o(.data)
    in_transfer                              0x20000138   Data           1  u8x8_cad.o(.data)
    in_transfer                              0x20000139   Data           1  u8x8_cad.o(.data)
    in_transfer                              0x2000013a   Data           1  u8x8_cad.o(.data)
    is_data                                  0x2000013b   Data           1  u8x8_cad.o(.data)
    in_transfer                              0x2000013c   Data           1  u8x8_cad.o(.data)
    is_data                                  0x2000013d   Data           1  u8x8_cad.o(.data)
    .data                                    0x2000013e   Section        6  u8x8_u16toa.o(.data)
    buf                                      0x2000013e   Data           6  u8x8_u16toa.o(.data)
    .bss                                     0x20000144   Section       14  rf2g4.o(.bss)
    .bss                                     0x20000152   Section       12  joystick_ad.o(.bss)
    .bss                                     0x20000160   Section      148  multi_menu.o(.bss)
    .bss                                     0x200001f4   Section      200  usart.o(.bss)
    .bss                                     0x200002bc   Section     1024  u8g2_d_memory.o(.bss)
    buf                                      0x200002bc   Data        1024  u8g2_d_memory.o(.bss)
    .bss                                     0x200006bc   Section       16  u8x8_cad.o(.bss)
    buf                                      0x200006bc   Data          16  u8x8_cad.o(.bss)
    STACK                                    0x200006d0   Section     1024  startup_stm32f10x_md.o(STACK)

    Global Symbols

    Symbol Name                              Value     Ov Type        Size  Object(Section)

    BuildAttributes$$THM_ISAv4$P$D$K$B$S$PE$A:L22UL41UL21$X:L11$S22US41US21$IEEE1$IW$USESV6$~STKCKD$USESV7$~SHL$OSPACE$ROPI$EBA8$MICROLIB$REQ8$PRES8$EABIv2 0x00000000   Number         0  anon$$obj.o ABSOLUTE
    __ARM_use_no_argv                        0x00000000   Number         0  main.o ABSOLUTE
    __use_no_errno                           0x00000000   Number         0  useno.o ABSOLUTE
    __use_no_exception_handling              0x00000000   Number         0  useno.o ABSOLUTE
    __use_no_fp                              0x00000000   Number         0  useno.o ABSOLUTE
    __use_no_heap                            0x00000000   Number         0  useno.o ABSOLUTE
    __use_no_heap_region                     0x00000000   Number         0  useno.o ABSOLUTE
    __use_no_semihosting                     0x00000000   Number         0  useno.o ABSOLUTE
    __use_no_semihosting_swi                 0x00000000   Number         0  useno.o ABSOLUTE
    __use_no_signal_handling                 0x00000000   Number         0  useno.o ABSOLUTE
    _printf_a                                0x00000000   Number         0  stubs.o ABSOLUTE
    _printf_c                                0x00000000   Number         0  stubs.o ABSOLUTE
    _printf_charcount                        0x00000000   Number         0  stubs.o ABSOLUTE
    _printf_d                                0x00000000   Number         0  stubs.o ABSOLUTE
    _printf_e                                0x00000000   Number         0  stubs.o ABSOLUTE
    _printf_f                                0x00000000   Number         0  stubs.o ABSOLUTE
    _printf_flags                            0x00000000   Number         0  stubs.o ABSOLUTE
    _printf_fp_dec                           0x00000000   Number         0  stubs.o ABSOLUTE
    _printf_fp_hex                           0x00000000   Number         0  stubs.o ABSOLUTE
    _printf_g                                0x00000000   Number         0  stubs.o ABSOLUTE
    _printf_i                                0x00000000   Number         0  stubs.o ABSOLUTE
    _printf_int_dec                          0x00000000   Number         0  stubs.o ABSOLUTE
    _printf_l                                0x00000000   Number         0  stubs.o ABSOLUTE
    _printf_lc                               0x00000000   Number         0  stubs.o ABSOLUTE
    _printf_ll                               0x00000000   Number         0  stubs.o ABSOLUTE
    _printf_lld                              0x00000000   Number         0  stubs.o ABSOLUTE
    _printf_lli                              0x00000000   Number         0  stubs.o ABSOLUTE
    _printf_llo                              0x00000000   Number         0  stubs.o ABSOLUTE
    _printf_llu                              0x00000000   Number         0  stubs.o ABSOLUTE
    _printf_llx                              0x00000000   Number         0  stubs.o ABSOLUTE
    _printf_longlong_dec                     0x00000000   Number         0  stubs.o ABSOLUTE
    _printf_longlong_hex                     0x00000000   Number         0  stubs.o ABSOLUTE
    _printf_longlong_oct                     0x00000000   Number         0  stubs.o ABSOLUTE
    _printf_ls                               0x00000000   Number         0  stubs.o ABSOLUTE
    _printf_mbtowc                           0x00000000   Number         0  stubs.o ABSOLUTE
    _printf_n                                0x00000000   Number         0  stubs.o ABSOLUTE
    _printf_o                                0x00000000   Number         0  stubs.o ABSOLUTE
    _printf_p                                0x00000000   Number         0  stubs.o ABSOLUTE
    _printf_percent                          0x00000000   Number         0  stubs.o ABSOLUTE
    _printf_pre_padding                      0x00000000   Number         0  stubs.o ABSOLUTE
    _printf_return_value                     0x00000000   Number         0  stubs.o ABSOLUTE
    _printf_s                                0x00000000   Number         0  stubs.o ABSOLUTE
    _printf_sizespec                         0x00000000   Number         0  stubs.o ABSOLUTE
    _printf_str                              0x00000000   Number         0  stubs.o ABSOLUTE
    _printf_truncate_signed                  0x00000000   Number         0  stubs.o ABSOLUTE
    _printf_truncate_unsigned                0x00000000   Number         0  stubs.o ABSOLUTE
    _printf_u                                0x00000000   Number         0  stubs.o ABSOLUTE
    _printf_wc                               0x00000000   Number         0  stubs.o ABSOLUTE
    _printf_wctomb                           0x00000000   Number         0  stubs.o ABSOLUTE
    _printf_widthprec                        0x00000000   Number         0  stubs.o ABSOLUTE
    _printf_x                                0x00000000   Number         0  stubs.o ABSOLUTE
    __arm_fini_                               - Undefined Weak Reference
    __cpp_initialize__aeabi_                  - Undefined Weak Reference
    __cxa_finalize                            - Undefined Weak Reference
    _clock_init                               - Undefined Weak Reference
    _microlib_exit                            - Undefined Weak Reference
    __Vectors_Size                           0x000000ec   Number         0  startup_stm32f10x_md.o ABSOLUTE
    __Vectors                                0x08000000   Data           4  startup_stm32f10x_md.o(RESET)
    __Vectors_End                            0x080000ec   Data           0  startup_stm32f10x_md.o(RESET)
    __main                                   0x080000ed   Thumb Code     0  entry.o(.ARM.Collect$$$$00000000)
    _main_stk                                0x080000ed   Thumb Code     0  entry2.o(.ARM.Collect$$$$00000001)
    _main_scatterload                        0x080000f1   Thumb Code     0  entry5.o(.ARM.Collect$$$$00000004)
    __main_after_scatterload                 0x080000f5   Thumb Code     0  entry5.o(.ARM.Collect$$$$00000004)
    _main_clock                              0x080000f5   Thumb Code     0  entry7b.o(.ARM.Collect$$$$00000008)
    _main_cpp_init                           0x080000f5   Thumb Code     0  entry8b.o(.ARM.Collect$$$$0000000A)
    _main_init                               0x080000f5   Thumb Code     0  entry9a.o(.ARM.Collect$$$$0000000B)
    __rt_lib_shutdown_fini                   0x080000fd   Thumb Code     0  entry12b.o(.ARM.Collect$$$$0000000E)
    __rt_final_cpp                           0x08000101   Thumb Code     0  entry10a.o(.ARM.Collect$$$$0000000F)
    __rt_final_exit                          0x08000101   Thumb Code     0  entry11a.o(.ARM.Collect$$$$00000011)
    startup_UI                               0x08000105   Thumb Code   208  main.o(.text)
    main                                     0x080001d5   Thumb Code   724  main.o(.text)
    NMI_Handler                              0x08000509   Thumb Code     2  stm32f10x_it.o(.text)
    HardFault_Handler                        0x0800050b   Thumb Code     2  stm32f10x_it.o(.text)
    MemManage_Handler                        0x0800050d   Thumb Code     2  stm32f10x_it.o(.text)
    BusFault_Handler                         0x0800050f   Thumb Code     2  stm32f10x_it.o(.text)
    UsageFault_Handler                       0x08000511   Thumb Code     2  stm32f10x_it.o(.text)
    SVC_Handler                              0x08000513   Thumb Code     2  stm32f10x_it.o(.text)
    DebugMon_Handler                         0x08000515   Thumb Code     2  stm32f10x_it.o(.text)
    PendSV_Handler                           0x08000517   Thumb Code     2  stm32f10x_it.o(.text)
    SysTick_Handler                          0x08000519   Thumb Code     2  stm32f10x_it.o(.text)
    SystemInit                               0x080005bd   Thumb Code    64  system_stm32f10x.o(.text)
    SystemCoreClockUpdate                    0x080005fd   Thumb Code    84  system_stm32f10x.o(.text)
    LED_Init                                 0x08000671   Thumb Code    58  led.o(.text)
    RF2G4_Init                               0x080006b1   Thumb Code    88  rf2g4.o(.text)
    RF2G4_Write_Reg                          0x08000709   Thumb Code    36  rf2g4.o(.text)
    RF2G4_Write_Cont                         0x0800072d   Thumb Code    52  rf2g4.o(.text)
    RF2G4_Read_Reg                           0x08000761   Thumb Code    30  rf2g4.o(.text)
    RF2G4_Read_Cont                          0x0800077f   Thumb Code    52  rf2g4.o(.text)
    RF2G4_Check                              0x080007b3   Thumb Code    68  rf2g4.o(.text)
    RF2G4_RX_Mode                            0x080007f7   Thumb Code    78  rf2g4.o(.text)
    RF2G4_TX_Mode                            0x08000845   Thumb Code    90  rf2g4.o(.text)
    RF2G4_Tx_Packet                          0x0800089f   Thumb Code    90  rf2g4.o(.text)
    RF2G4_Rx_Packet                          0x080008f9   Thumb Code    58  rf2g4.o(.text)
    SPI2_ReadWriteByte                       0x08000949   Thumb Code    82  spi.o(.text)
    SPI2_Init_JX                             0x0800099b   Thumb Code   132  spi.o(.text)
    SPI2_SetSpeed                            0x08000a1f   Thumb Code    18  spi.o(.text)
    KEY_Init_JX                              0x08000a39   Thumb Code   146  key.o(.text)
    RF2G4_KEY_Scan_JX                        0x08000acb   Thumb Code   244  key.o(.text)
    AD_Init                                  0x08000bdd   Thumb Code   288  joystick_ad.o(.text)
    button_show                              0x08000d0d   Thumb Code     2  multi_menu.o(.text)
    joystick_show                            0x08000d0f   Thumb Code     2  multi_menu.o(.text)
    potenti_show                             0x08000d11   Thumb Code   184  multi_menu.o(.text)
    fun_a1                                   0x08000dc9   Thumb Code   122  multi_menu.o(.text)
    fun_b1                                   0x08000e43   Thumb Code   108  multi_menu.o(.text)
    fun_c1                                   0x08000eaf   Thumb Code   108  multi_menu.o(.text)
    fun_d1                                   0x08000f1b   Thumb Code   108  multi_menu.o(.text)
    fun_a21                                  0x08000f87   Thumb Code   108  multi_menu.o(.text)
    fun_a22                                  0x08000ff3   Thumb Code   108  multi_menu.o(.text)
    fun_a23                                  0x0800105f   Thumb Code   108  multi_menu.o(.text)
    fun_a24                                  0x080010cb   Thumb Code   210  multi_menu.o(.text)
    fun_b21                                  0x0800119d   Thumb Code   110  multi_menu.o(.text)
    fun_b22                                  0x0800120b   Thumb Code   110  multi_menu.o(.text)
    fun_b23                                  0x08001279   Thumb Code   110  multi_menu.o(.text)
    fun_b24                                  0x080012e7   Thumb Code   110  multi_menu.o(.text)
    fun_c21                                  0x08001355   Thumb Code   110  multi_menu.o(.text)
    fun_c22                                  0x080013c3   Thumb Code   110  multi_menu.o(.text)
    fun_c23                                  0x08001431   Thumb Code   110  multi_menu.o(.text)
    fun_c24                                  0x0800149f   Thumb Code   110  multi_menu.o(.text)
    fun_a31                                  0x0800150d   Thumb Code     2  multi_menu.o(.text)
    fun_a32                                  0x0800150f   Thumb Code     2  multi_menu.o(.text)
    fun_a33                                  0x08001511   Thumb Code     6  multi_menu.o(.text)
    fun_b31                                  0x08001517   Thumb Code    54  multi_menu.o(.text)
    fun_b32                                  0x0800154d   Thumb Code   162  multi_menu.o(.text)
    fun_b33                                  0x080015ef   Thumb Code    60  multi_menu.o(.text)
    fun_c31                                  0x0800162b   Thumb Code    56  multi_menu.o(.text)
    fun_c32                                  0x08001663   Thumb Code    14  multi_menu.o(.text)
    fun_c33                                  0x08001671   Thumb Code    14  multi_menu.o(.text)
    fun_0                                    0x0800167f   Thumb Code    50  multi_menu.o(.text)
    delay_init                               0x08001719   Thumb Code    46  delay.o(.text)
    delay_us                                 0x08001747   Thumb Code    46  delay.o(.text)
    delay_ms                                 0x08001775   Thumb Code    46  delay.o(.text)
    _sys_exit                                0x080017b1   Thumb Code     2  usart.o(.text)
    fputc                                    0x080017b3   Thumb Code    18  usart.o(.text)
    uart_init                                0x080017c5   Thumb Code   152  usart.o(.text)
    USART1_IRQHandler                        0x0800185d   Thumb Code    88  usart.o(.text)
    Reset_Handler                            0x080018c5   Thumb Code     8  startup_stm32f10x_md.o(.text)
    ADC1_2_IRQHandler                        0x080018df   Thumb Code     0  startup_stm32f10x_md.o(.text)
    CAN1_RX1_IRQHandler                      0x080018df   Thumb Code     0  startup_stm32f10x_md.o(.text)
    CAN1_SCE_IRQHandler                      0x080018df   Thumb Code     0  startup_stm32f10x_md.o(.text)
    DMA1_Channel1_IRQHandler                 0x080018df   Thumb Code     0  startup_stm32f10x_md.o(.text)
    DMA1_Channel2_IRQHandler                 0x080018df   Thumb Code     0  startup_stm32f10x_md.o(.text)
    DMA1_Channel3_IRQHandler                 0x080018df   Thumb Code     0  startup_stm32f10x_md.o(.text)
    DMA1_Channel4_IRQHandler                 0x080018df   Thumb Code     0  startup_stm32f10x_md.o(.text)
    DMA1_Channel5_IRQHandler                 0x080018df   Thumb Code     0  startup_stm32f10x_md.o(.text)
    DMA1_Channel6_IRQHandler                 0x080018df   Thumb Code     0  startup_stm32f10x_md.o(.text)
    DMA1_Channel7_IRQHandler                 0x080018df   Thumb Code     0  startup_stm32f10x_md.o(.text)
    EXTI0_IRQHandler                         0x080018df   Thumb Code     0  startup_stm32f10x_md.o(.text)
    EXTI15_10_IRQHandler                     0x080018df   Thumb Code     0  startup_stm32f10x_md.o(.text)
    EXTI1_IRQHandler                         0x080018df   Thumb Code     0  startup_stm32f10x_md.o(.text)
    EXTI2_IRQHandler                         0x080018df   Thumb Code     0  startup_stm32f10x_md.o(.text)
    EXTI3_IRQHandler                         0x080018df   Thumb Code     0  startup_stm32f10x_md.o(.text)
    EXTI4_IRQHandler                         0x080018df   Thumb Code     0  startup_stm32f10x_md.o(.text)
    EXTI9_5_IRQHandler                       0x080018df   Thumb Code     0  startup_stm32f10x_md.o(.text)
    FLASH_IRQHandler                         0x080018df   Thumb Code     0  startup_stm32f10x_md.o(.text)
    I2C1_ER_IRQHandler                       0x080018df   Thumb Code     0  startup_stm32f10x_md.o(.text)
    I2C1_EV_IRQHandler                       0x080018df   Thumb Code     0  startup_stm32f10x_md.o(.text)
    I2C2_ER_IRQHandler                       0x080018df   Thumb Code     0  startup_stm32f10x_md.o(.text)
    I2C2_EV_IRQHandler                       0x080018df   Thumb Code     0  startup_stm32f10x_md.o(.text)
    PVD_IRQHandler                           0x080018df   Thumb Code     0  startup_stm32f10x_md.o(.text)
    RCC_IRQHandler                           0x080018df   Thumb Code     0  startup_stm32f10x_md.o(.text)
    RTCAlarm_IRQHandler                      0x080018df   Thumb Code     0  startup_stm32f10x_md.o(.text)
    RTC_IRQHandler                           0x080018df   Thumb Code     0  startup_stm32f10x_md.o(.text)
    SPI1_IRQHandler                          0x080018df   Thumb Code     0  startup_stm32f10x_md.o(.text)
    SPI2_IRQHandler                          0x080018df   Thumb Code     0  startup_stm32f10x_md.o(.text)
    TAMPER_IRQHandler                        0x080018df   Thumb Code     0  startup_stm32f10x_md.o(.text)
    TIM1_BRK_IRQHandler                      0x080018df   Thumb Code     0  startup_stm32f10x_md.o(.text)
    TIM1_CC_IRQHandler                       0x080018df   Thumb Code     0  startup_stm32f10x_md.o(.text)
    TIM1_TRG_COM_IRQHandler                  0x080018df   Thumb Code     0  startup_stm32f10x_md.o(.text)
    TIM1_UP_IRQHandler                       0x080018df   Thumb Code     0  startup_stm32f10x_md.o(.text)
    TIM2_IRQHandler                          0x080018df   Thumb Code     0  startup_stm32f10x_md.o(.text)
    TIM3_IRQHandler                          0x080018df   Thumb Code     0  startup_stm32f10x_md.o(.text)
    TIM4_IRQHandler                          0x080018df   Thumb Code     0  startup_stm32f10x_md.o(.text)
    USART2_IRQHandler                        0x080018df   Thumb Code     0  startup_stm32f10x_md.o(.text)
    USART3_IRQHandler                        0x080018df   Thumb Code     0  startup_stm32f10x_md.o(.text)
    USBWakeUp_IRQHandler                     0x080018df   Thumb Code     0  startup_stm32f10x_md.o(.text)
    USB_HP_CAN1_TX_IRQHandler                0x080018df   Thumb Code     0  startup_stm32f10x_md.o(.text)
    USB_LP_CAN1_RX0_IRQHandler               0x080018df   Thumb Code     0  startup_stm32f10x_md.o(.text)
    WWDG_IRQHandler                          0x080018df   Thumb Code     0  startup_stm32f10x_md.o(.text)
    GPIO_DeInit                              0x080018e9   Thumb Code   152  stm32f10x_gpio.o(.text)
    GPIO_AFIODeInit                          0x08001981   Thumb Code    22  stm32f10x_gpio.o(.text)
    GPIO_Init                                0x08001997   Thumb Code   164  stm32f10x_gpio.o(.text)
    GPIO_StructInit                          0x08001a3b   Thumb Code    16  stm32f10x_gpio.o(.text)
    GPIO_ReadInputDataBit                    0x08001a4b   Thumb Code    14  stm32f10x_gpio.o(.text)
    GPIO_ReadInputData                       0x08001a59   Thumb Code     6  stm32f10x_gpio.o(.text)
    GPIO_ReadOutputDataBit                   0x08001a5f   Thumb Code    14  stm32f10x_gpio.o(.text)
    GPIO_ReadOutputData                      0x08001a6d   Thumb Code     6  stm32f10x_gpio.o(.text)
    GPIO_SetBits                             0x08001a73   Thumb Code     4  stm32f10x_gpio.o(.text)
    GPIO_ResetBits                           0x08001a77   Thumb Code     4  stm32f10x_gpio.o(.text)
    GPIO_WriteBit                            0x08001a7b   Thumb Code    10  stm32f10x_gpio.o(.text)
    GPIO_Write                               0x08001a85   Thumb Code     4  stm32f10x_gpio.o(.text)
    GPIO_PinLockConfig                       0x08001a89   Thumb Code    16  stm32f10x_gpio.o(.text)
    GPIO_EventOutputConfig                   0x08001a99   Thumb Code    22  stm32f10x_gpio.o(.text)
    GPIO_EventOutputCmd                      0x08001aaf   Thumb Code     6  stm32f10x_gpio.o(.text)
    GPIO_PinRemapConfig                      0x08001ab5   Thumb Code    82  stm32f10x_gpio.o(.text)
    GPIO_EXTILineConfig                      0x08001b07   Thumb Code    34  stm32f10x_gpio.o(.text)
    GPIO_ETH_MediaInterfaceConfig            0x08001b29   Thumb Code     8  stm32f10x_gpio.o(.text)
    RCC_DeInit                               0x08001b55   Thumb Code    50  stm32f10x_rcc.o(.text)
    RCC_HSEConfig                            0x08001b87   Thumb Code    48  stm32f10x_rcc.o(.text)
    RCC_GetFlagStatus                        0x08001bb7   Thumb Code    42  stm32f10x_rcc.o(.text)
    RCC_WaitForHSEStartUp                    0x08001be1   Thumb Code    44  stm32f10x_rcc.o(.text)
    RCC_AdjustHSICalibrationValue            0x08001c0d   Thumb Code    16  stm32f10x_rcc.o(.text)
    RCC_HSICmd                               0x08001c1d   Thumb Code     6  stm32f10x_rcc.o(.text)
    RCC_PLLConfig                            0x08001c23   Thumb Code    16  stm32f10x_rcc.o(.text)
    RCC_PLLCmd                               0x08001c33   Thumb Code     6  stm32f10x_rcc.o(.text)
    RCC_SYSCLKConfig                         0x08001c39   Thumb Code    14  stm32f10x_rcc.o(.text)
    RCC_GetSYSCLKSource                      0x08001c47   Thumb Code    10  stm32f10x_rcc.o(.text)
    RCC_HCLKConfig                           0x08001c51   Thumb Code    14  stm32f10x_rcc.o(.text)
    RCC_PCLK1Config                          0x08001c5f   Thumb Code    14  stm32f10x_rcc.o(.text)
    RCC_PCLK2Config                          0x08001c6d   Thumb Code    16  stm32f10x_rcc.o(.text)
    RCC_ITConfig                             0x08001c7d   Thumb Code    18  stm32f10x_rcc.o(.text)
    RCC_USBCLKConfig                         0x08001c8f   Thumb Code     8  stm32f10x_rcc.o(.text)
    RCC_ADCCLKConfig                         0x08001c97   Thumb Code    14  stm32f10x_rcc.o(.text)
    RCC_LSEConfig                            0x08001ca5   Thumb Code    28  stm32f10x_rcc.o(.text)
    RCC_LSICmd                               0x08001cc1   Thumb Code     6  stm32f10x_rcc.o(.text)
    RCC_RTCCLKConfig                         0x08001cc7   Thumb Code    10  stm32f10x_rcc.o(.text)
    RCC_RTCCLKCmd                            0x08001cd1   Thumb Code     8  stm32f10x_rcc.o(.text)
    RCC_GetClocksFreq                        0x08001cd9   Thumb Code   128  stm32f10x_rcc.o(.text)
    RCC_AHBPeriphClockCmd                    0x08001d59   Thumb Code    18  stm32f10x_rcc.o(.text)
    RCC_APB2PeriphClockCmd                   0x08001d6b   Thumb Code    18  stm32f10x_rcc.o(.text)
    RCC_APB1PeriphClockCmd                   0x08001d7d   Thumb Code    18  stm32f10x_rcc.o(.text)
    RCC_APB2PeriphResetCmd                   0x08001d8f   Thumb Code    18  stm32f10x_rcc.o(.text)
    RCC_APB1PeriphResetCmd                   0x08001da1   Thumb Code    18  stm32f10x_rcc.o(.text)
    RCC_BackupResetCmd                       0x08001db3   Thumb Code     8  stm32f10x_rcc.o(.text)
    RCC_ClockSecuritySystemCmd               0x08001dbb   Thumb Code     6  stm32f10x_rcc.o(.text)
    RCC_MCOConfig                            0x08001dc1   Thumb Code     6  stm32f10x_rcc.o(.text)
    RCC_ClearFlag                            0x08001dc7   Thumb Code    12  stm32f10x_rcc.o(.text)
    RCC_GetITStatus                          0x08001dd3   Thumb Code    16  stm32f10x_rcc.o(.text)
    RCC_ClearITPendingBit                    0x08001de3   Thumb Code     6  stm32f10x_rcc.o(.text)
    USART_DeInit                             0x08001e09   Thumb Code    96  stm32f10x_usart.o(.text)
    USART_Init                               0x08001e69   Thumb Code   166  stm32f10x_usart.o(.text)
    USART_StructInit                         0x08001f0f   Thumb Code    22  stm32f10x_usart.o(.text)
    USART_ClockInit                          0x08001f25   Thumb Code    30  stm32f10x_usart.o(.text)
    USART_ClockStructInit                    0x08001f43   Thumb Code    12  stm32f10x_usart.o(.text)
    USART_Cmd                                0x08001f4f   Thumb Code    20  stm32f10x_usart.o(.text)
    USART_ITConfig                           0x08001f63   Thumb Code    48  stm32f10x_usart.o(.text)
    USART_DMACmd                             0x08001f93   Thumb Code    16  stm32f10x_usart.o(.text)
    USART_SetAddress                         0x08001fa3   Thumb Code    16  stm32f10x_usart.o(.text)
    USART_WakeUpConfig                       0x08001fb3   Thumb Code    16  stm32f10x_usart.o(.text)
    USART_ReceiverWakeUpCmd                  0x08001fc3   Thumb Code    20  stm32f10x_usart.o(.text)
    USART_LINBreakDetectLengthConfig         0x08001fd7   Thumb Code    16  stm32f10x_usart.o(.text)
    USART_LINCmd                             0x08001fe7   Thumb Code    20  stm32f10x_usart.o(.text)
    USART_SendData                           0x08001ffb   Thumb Code     8  stm32f10x_usart.o(.text)
    USART_ReceiveData                        0x08002003   Thumb Code     8  stm32f10x_usart.o(.text)
    USART_SendBreak                          0x0800200b   Thumb Code    10  stm32f10x_usart.o(.text)
    USART_SetGuardTime                       0x08002015   Thumb Code    16  stm32f10x_usart.o(.text)
    USART_SetPrescaler                       0x08002025   Thumb Code    16  stm32f10x_usart.o(.text)
    USART_SmartCardCmd                       0x08002035   Thumb Code    20  stm32f10x_usart.o(.text)
    USART_SmartCardNACKCmd                   0x08002049   Thumb Code    20  stm32f10x_usart.o(.text)
    USART_HalfDuplexCmd                      0x0800205d   Thumb Code    20  stm32f10x_usart.o(.text)
    USART_OverSampling8Cmd                   0x08002071   Thumb Code    20  stm32f10x_usart.o(.text)
    USART_OneBitMethodCmd                    0x08002085   Thumb Code    20  stm32f10x_usart.o(.text)
    USART_IrDAConfig                         0x08002099   Thumb Code    16  stm32f10x_usart.o(.text)
    USART_IrDACmd                            0x080020a9   Thumb Code    20  stm32f10x_usart.o(.text)
    USART_GetFlagStatus                      0x080020bd   Thumb Code    14  stm32f10x_usart.o(.text)
    USART_ClearFlag                          0x080020cb   Thumb Code     6  stm32f10x_usart.o(.text)
    USART_GetITStatus                        0x080020d1   Thumb Code    62  stm32f10x_usart.o(.text)
    USART_ClearITPendingBit                  0x0800210f   Thumb Code    12  stm32f10x_usart.o(.text)
    ADC_DeInit                               0x08002131   Thumb Code    56  stm32f10x_adc.o(.text)
    ADC_Init                                 0x08002169   Thumb Code    62  stm32f10x_adc.o(.text)
    ADC_StructInit                           0x080021a7   Thumb Code    18  stm32f10x_adc.o(.text)
    ADC_Cmd                                  0x080021b9   Thumb Code    20  stm32f10x_adc.o(.text)
    ADC_DMACmd                               0x080021cd   Thumb Code    20  stm32f10x_adc.o(.text)
    ADC_ITConfig                             0x080021e1   Thumb Code    18  stm32f10x_adc.o(.text)
    ADC_ResetCalibration                     0x080021f3   Thumb Code    10  stm32f10x_adc.o(.text)
    ADC_GetResetCalibrationStatus            0x080021fd   Thumb Code    14  stm32f10x_adc.o(.text)
    ADC_StartCalibration                     0x0800220b   Thumb Code    10  stm32f10x_adc.o(.text)
    ADC_GetCalibrationStatus                 0x08002215   Thumb Code    14  stm32f10x_adc.o(.text)
    ADC_SoftwareStartConvCmd                 0x08002223   Thumb Code    20  stm32f10x_adc.o(.text)
    ADC_GetSoftwareStartConvStatus           0x08002237   Thumb Code    14  stm32f10x_adc.o(.text)
    ADC_DiscModeChannelCountConfig           0x08002245   Thumb Code    16  stm32f10x_adc.o(.text)
    ADC_DiscModeCmd                          0x08002255   Thumb Code    20  stm32f10x_adc.o(.text)
    ADC_RegularChannelConfig                 0x08002269   Thumb Code   116  stm32f10x_adc.o(.text)
    ADC_ExternalTrigConvCmd                  0x080022dd   Thumb Code    20  stm32f10x_adc.o(.text)
    ADC_GetConversionValue                   0x080022f1   Thumb Code     6  stm32f10x_adc.o(.text)
    ADC_GetDualModeConversionValue           0x080022f7   Thumb Code     8  stm32f10x_adc.o(.text)
    ADC_AutoInjectedConvCmd                  0x080022ff   Thumb Code    20  stm32f10x_adc.o(.text)
    ADC_InjectedDiscModeCmd                  0x08002313   Thumb Code    20  stm32f10x_adc.o(.text)
    ADC_ExternalTrigInjectedConvConfig       0x08002327   Thumb Code    12  stm32f10x_adc.o(.text)
    ADC_ExternalTrigInjectedConvCmd          0x08002333   Thumb Code    20  stm32f10x_adc.o(.text)
    ADC_SoftwareStartInjectedConvCmd         0x08002347   Thumb Code    20  stm32f10x_adc.o(.text)
    ADC_GetSoftwareStartInjectedConvCmdStatus 0x0800235b   Thumb Code    14  stm32f10x_adc.o(.text)
    ADC_InjectedChannelConfig                0x08002369   Thumb Code    74  stm32f10x_adc.o(.text)
    ADC_InjectedSequencerLengthConfig        0x080023b3   Thumb Code    16  stm32f10x_adc.o(.text)
    ADC_SetInjectedOffset                    0x080023c3   Thumb Code    10  stm32f10x_adc.o(.text)
    ADC_GetInjectedConversionValue           0x080023cd   Thumb Code    14  stm32f10x_adc.o(.text)
    ADC_AnalogWatchdogCmd                    0x080023db   Thumb Code    12  stm32f10x_adc.o(.text)
    ADC_AnalogWatchdogThresholdsConfig       0x080023e7   Thumb Code     6  stm32f10x_adc.o(.text)
    ADC_AnalogWatchdogSingleChannelConfig    0x080023ed   Thumb Code    12  stm32f10x_adc.o(.text)
    ADC_TempSensorVrefintCmd                 0x080023f9   Thumb Code    24  stm32f10x_adc.o(.text)
    ADC_GetFlagStatus                        0x08002411   Thumb Code    14  stm32f10x_adc.o(.text)
    ADC_ClearFlag                            0x0800241f   Thumb Code     6  stm32f10x_adc.o(.text)
    ADC_GetITStatus                          0x08002425   Thumb Code    28  stm32f10x_adc.o(.text)
    ADC_ClearITPendingBit                    0x08002441   Thumb Code     8  stm32f10x_adc.o(.text)
    DMA_DeInit                               0x08002461   Thumb Code   218  stm32f10x_dma.o(.text)
    DMA_Init                                 0x0800253b   Thumb Code    58  stm32f10x_dma.o(.text)
    DMA_StructInit                           0x08002575   Thumb Code    26  stm32f10x_dma.o(.text)
    DMA_Cmd                                  0x0800258f   Thumb Code    22  stm32f10x_dma.o(.text)
    DMA_ITConfig                             0x080025a5   Thumb Code    16  stm32f10x_dma.o(.text)
    DMA_SetCurrDataCounter                   0x080025b5   Thumb Code     4  stm32f10x_dma.o(.text)
    DMA_GetCurrDataCounter                   0x080025b9   Thumb Code     6  stm32f10x_dma.o(.text)
    DMA_GetFlagStatus                        0x080025bf   Thumb Code    28  stm32f10x_dma.o(.text)
    DMA_ClearFlag                            0x080025db   Thumb Code    20  stm32f10x_dma.o(.text)
    DMA_GetITStatus                          0x080025ef   Thumb Code    28  stm32f10x_dma.o(.text)
    DMA_ClearITPendingBit                    0x0800260b   Thumb Code    20  stm32f10x_dma.o(.text)
    SPI_I2S_DeInit                           0x08002629   Thumb Code    72  stm32f10x_spi.o(.text)
    SPI_Init                                 0x08002671   Thumb Code    56  stm32f10x_spi.o(.text)
    I2S_Init                                 0x080026a9   Thumb Code   152  stm32f10x_spi.o(.text)
    SPI_StructInit                           0x08002741   Thumb Code    24  stm32f10x_spi.o(.text)
    I2S_StructInit                           0x08002759   Thumb Code    18  stm32f10x_spi.o(.text)
    SPI_Cmd                                  0x0800276b   Thumb Code    20  stm32f10x_spi.o(.text)
    I2S_Cmd                                  0x0800277f   Thumb Code    20  stm32f10x_spi.o(.text)
    SPI_I2S_ITConfig                         0x08002793   Thumb Code    24  stm32f10x_spi.o(.text)
    SPI_I2S_DMACmd                           0x080027ab   Thumb Code    16  stm32f10x_spi.o(.text)
    SPI_I2S_SendData                         0x080027bb   Thumb Code     4  stm32f10x_spi.o(.text)
    SPI_I2S_ReceiveData                      0x080027bf   Thumb Code     4  stm32f10x_spi.o(.text)
    SPI_NSSInternalSoftwareConfig            0x080027c3   Thumb Code    24  stm32f10x_spi.o(.text)
    SPI_SSOutputCmd                          0x080027db   Thumb Code    20  stm32f10x_spi.o(.text)
    SPI_DataSizeConfig                       0x080027ef   Thumb Code    16  stm32f10x_spi.o(.text)
    SPI_TransmitCRC                          0x080027ff   Thumb Code    10  stm32f10x_spi.o(.text)
    SPI_CalculateCRC                         0x08002809   Thumb Code    20  stm32f10x_spi.o(.text)
    SPI_GetCRC                               0x0800281d   Thumb Code    12  stm32f10x_spi.o(.text)
    SPI_GetCRCPolynomial                     0x08002829   Thumb Code     4  stm32f10x_spi.o(.text)
    SPI_BiDirectionalLineConfig              0x0800282d   Thumb Code    22  stm32f10x_spi.o(.text)
    SPI_I2S_GetFlagStatus                    0x08002843   Thumb Code    14  stm32f10x_spi.o(.text)
    SPI_I2S_ClearFlag                        0x08002851   Thumb Code     6  stm32f10x_spi.o(.text)
    SPI_I2S_GetITStatus                      0x08002857   Thumb Code    42  stm32f10x_spi.o(.text)
    SPI_I2S_ClearITPendingBit                0x08002881   Thumb Code    14  stm32f10x_spi.o(.text)
    NVIC_PriorityGroupConfig                 0x0800289d   Thumb Code    10  misc.o(.text)
    NVIC_Init                                0x080028a7   Thumb Code    94  misc.o(.text)
    NVIC_SetVectorTable                      0x08002905   Thumb Code    14  misc.o(.text)
    NVIC_SystemLPConfig                      0x08002913   Thumb Code    20  misc.o(.text)
    SysTick_CLKSourceConfig                  0x08002927   Thumb Code    24  misc.o(.text)
    u8g2_DrawBox                             0x0800294d   Thumb Code    68  u8g2_box.o(.text)
    u8g2_DrawFrame                           0x08002991   Thumb Code   136  u8g2_box.o(.text)
    u8g2_DrawRBox                            0x08002a19   Thumb Code   230  u8g2_box.o(.text)
    u8g2_DrawRFrame                          0x08002aff   Thumb Code   254  u8g2_box.o(.text)
    u8g2_ClearBuffer                         0x08002bfd   Thumb Code    18  u8g2_buffer.o(.text)
    u8g2_SendBuffer                          0x08002c5d   Thumb Code    18  u8g2_buffer.o(.text)
    u8g2_SetBufferCurrTileRow                0x08002c6f   Thumb Code    28  u8g2_buffer.o(.text)
    u8g2_FirstPage                           0x08002c8b   Thumb Code    26  u8g2_buffer.o(.text)
    u8g2_NextPage                            0x08002ca5   Thumb Code    62  u8g2_buffer.o(.text)
    u8g2_UpdateDisplayArea                   0x08002ce3   Thumb Code    74  u8g2_buffer.o(.text)
    u8g2_UpdateDisplay                       0x08002d2d   Thumb Code     2  u8g2_buffer.o(.text)
    u8g2_WriteBufferPBM                      0x08002d2f   Thumb Code    40  u8g2_buffer.o(.text)
    u8g2_WriteBufferXBM                      0x08002d57   Thumb Code    40  u8g2_buffer.o(.text)
    u8g2_WriteBufferPBM2                     0x08002d7f   Thumb Code    40  u8g2_buffer.o(.text)
    u8g2_WriteBufferXBM2                     0x08002da7   Thumb Code    40  u8g2_buffer.o(.text)
    u8g2_DrawCircle                          0x08002e93   Thumb Code    64  u8g2_circle.o(.text)
    u8g2_DrawDisc                            0x08002f9b   Thumb Code    62  u8g2_circle.o(.text)
    u8g2_DrawEllipse                         0x08003039   Thumb Code    68  u8g2_circle.o(.text)
    u8g2_DrawFilledEllipse                   0x080030e5   Thumb Code    66  u8g2_circle.o(.text)
    u8g2_m_16_8_f                            0x080033a5   Thumb Code     8  u8g2_d_memory.o(.text)
    u8g2_Setup_ssd1306_i2c_128x64_noname_f   0x080033b1   Thumb Code    42  u8g2_d_setup.o(.text)
    u8g2_read_font_info                      0x080033e9   Thumb Code   106  u8g2_font.o(.text)
    u8g2_GetFontSize                         0x08003453   Thumb Code    56  u8g2_font.o(.text)
    u8g2_GetFontBBXWidth                     0x0800348b   Thumb Code     6  u8g2_font.o(.text)
    u8g2_GetFontBBXHeight                    0x08003491   Thumb Code     6  u8g2_font.o(.text)
    u8g2_GetFontBBXOffX                      0x08003497   Thumb Code     6  u8g2_font.o(.text)
    u8g2_GetFontBBXOffY                      0x0800349d   Thumb Code     6  u8g2_font.o(.text)
    u8g2_GetFontCapitalAHeight               0x080034a3   Thumb Code     6  u8g2_font.o(.text)
    u8g2_font_decode_get_unsigned_bits       0x080034a9   Thumb Code    52  u8g2_font.o(.text)
    u8g2_font_decode_get_signed_bits         0x080034dd   Thumb Code    20  u8g2_font.o(.text)
    u8g2_add_vector_y                        0x080034f1   Thumb Code    28  u8g2_font.o(.text)
    u8g2_add_vector_x                        0x0800350d   Thumb Code    28  u8g2_font.o(.text)
    u8g2_font_decode_len                     0x08003529   Thumb Code   140  u8g2_font.o(.text)
    u8g2_font_decode_glyph                   0x080035e9   Thumb Code   276  u8g2_font.o(.text)
    u8g2_font_get_glyph_data                 0x080036fd   Thumb Code   114  u8g2_font.o(.text)
    u8g2_IsGlyph                             0x0800376f   Thumb Code    14  u8g2_font.o(.text)
    u8g2_GetGlyphWidth                       0x0800377d   Thumb Code    60  u8g2_font.o(.text)
    u8g2_SetFontMode                         0x080037b9   Thumb Code     6  u8g2_font.o(.text)
    u8g2_DrawGlyph                           0x080037bf   Thumb Code   112  u8g2_font.o(.text)
    u8g2_DrawStr                             0x080038a5   Thumb Code    10  u8g2_font.o(.text)
    u8g2_DrawUTF8                            0x080038af   Thumb Code    10  u8g2_font.o(.text)
    u8g2_DrawExtendedUTF8                    0x080038b9   Thumb Code   162  u8g2_font.o(.text)
    u8g2_DrawExtUTF8                         0x0800395b   Thumb Code   144  u8g2_font.o(.text)
    u8g2_UpdateRefHeight                     0x080039eb   Thumb Code    82  u8g2_font.o(.text)
    u8g2_SetFontRefHeightText                0x08003a3d   Thumb Code     8  u8g2_font.o(.text)
    u8g2_SetFontRefHeightExtendedText        0x08003a45   Thumb Code     8  u8g2_font.o(.text)
    u8g2_SetFontRefHeightAll                 0x08003a4d   Thumb Code     8  u8g2_font.o(.text)
    u8g2_font_calc_vref_font                 0x08003a55   Thumb Code     4  u8g2_font.o(.text)
    u8g2_SetFontPosBaseline                  0x08003a59   Thumb Code     8  u8g2_font.o(.text)
    u8g2_font_calc_vref_bottom               0x08003a61   Thumb Code     8  u8g2_font.o(.text)
    u8g2_SetFontPosBottom                    0x08003a69   Thumb Code     8  u8g2_font.o(.text)
    u8g2_font_calc_vref_top                  0x08003a71   Thumb Code    10  u8g2_font.o(.text)
    u8g2_SetFontPosTop                       0x08003a7b   Thumb Code     8  u8g2_font.o(.text)
    u8g2_font_calc_vref_center               0x08003a83   Thumb Code    24  u8g2_font.o(.text)
    u8g2_SetFontPosCenter                    0x08003a9b   Thumb Code     8  u8g2_font.o(.text)
    u8g2_SetFont                             0x08003aa3   Thumb Code    30  u8g2_font.o(.text)
    u8g2_IsAllValidUTF8                      0x08003ac1   Thumb Code    58  u8g2_font.o(.text)
    u8g2_GetStrX                             0x08003b6f   Thumb Code    60  u8g2_font.o(.text)
    u8g2_GetStrWidth                         0x08003bab   Thumb Code     6  u8g2_font.o(.text)
    u8g2_GetUTF8Width                        0x08003bb1   Thumb Code     6  u8g2_font.o(.text)
    u8g2_SetFontDirection                    0x08003bb7   Thumb Code     6  u8g2_font.o(.text)
    u8g2_draw_hv_line_2dir                   0x08003c15   Thumb Code    18  u8g2_hvline.o(.text)
    u8g2_DrawHVLine                          0x08003c27   Thumb Code   170  u8g2_hvline.o(.text)
    u8g2_DrawHLine                           0x08003cd1   Thumb Code    12  u8g2_hvline.o(.text)
    u8g2_DrawVLine                           0x08003cdd   Thumb Code    12  u8g2_hvline.o(.text)
    u8g2_DrawPixel                           0x08003ce9   Thumb Code    46  u8g2_hvline.o(.text)
    u8g2_SetDrawColor                        0x08003d17   Thumb Code    16  u8g2_hvline.o(.text)
    u8g2_is_intersection_decision_tree       0x08003d27   Thumb Code    24  u8g2_intersection.o(.text)
    u8g2_IsIntersection                      0x08003d3f   Thumb Code    46  u8g2_intersection.o(.text)
    u8g2_GetKerning                          0x08003d6d   Thumb Code    84  u8g2_kerning.o(.text)
    u8g2_GetKerningByTable                   0x08003dc1   Thumb Code    52  u8g2_kerning.o(.text)
    u8g2_ll_hvline_vertical_top_lsb          0x08003df5   Thumb Code   144  u8g2_ll_hvline.o(.text)
    u8g2_ll_hvline_horizontal_right_lsb      0x08003e85   Thumb Code   118  u8g2_ll_hvline.o(.text)
    u8g2_SetMaxClipWindow                    0x08003efd   Thumb Code    28  u8g2_setup.o(.text)
    u8g2_SetClipWindow                       0x08003f19   Thumb Code    28  u8g2_setup.o(.text)
    u8g2_SetupBuffer                         0x08003f35   Thumb Code    66  u8g2_setup.o(.text)
    u8g2_SetDisplayRotation                  0x08003f77   Thumb Code    22  u8g2_setup.o(.text)
    u8g2_SendF                               0x08003f8d   Thumb Code    18  u8g2_setup.o(.text)
    u8g2_update_dimension_r0                 0x08004053   Thumb Code     2  u8g2_setup.o(.text)
    u8g2_update_page_win_r0                  0x08004055   Thumb Code    32  u8g2_setup.o(.text)
    u8g2_update_dimension_r1                 0x08004075   Thumb Code    24  u8g2_setup.o(.text)
    u8g2_update_page_win_r1                  0x0800408d   Thumb Code    32  u8g2_setup.o(.text)
    u8g2_update_dimension_r2                 0x080040ad   Thumb Code     2  u8g2_setup.o(.text)
    u8g2_update_page_win_r2                  0x080040af   Thumb Code    48  u8g2_setup.o(.text)
    u8g2_update_dimension_r3                 0x080040df   Thumb Code    24  u8g2_setup.o(.text)
    u8g2_update_page_win_r3                  0x080040f7   Thumb Code    48  u8g2_setup.o(.text)
    u8g2_draw_l90_r0                         0x08004127   Thumb Code    12  u8g2_setup.o(.text)
    u8g2_draw_l90_mirrorr_r0                 0x08004133   Thumb Code    32  u8g2_setup.o(.text)
    u8g2_draw_mirror_vertical_r0             0x08004153   Thumb Code    32  u8g2_setup.o(.text)
    u8g2_draw_l90_r1                         0x08004173   Thumb Code    42  u8g2_setup.o(.text)
    u8g2_draw_l90_r2                         0x0800419d   Thumb Code    54  u8g2_setup.o(.text)
    u8g2_draw_l90_r3                         0x080041d3   Thumb Code    42  u8g2_setup.o(.text)
    u8g2_Setup_null                          0x080041fd   Thumb Code    34  u8g2_setup.o(.text)
    u8x8_SetFont                             0x08004231   Thumb Code     4  u8x8_8x8.o(.text)
    u8x8_DrawGlyph                           0x0800429d   Thumb Code    90  u8x8_8x8.o(.text)
    u8x8_upscale_byte                        0x080042f7   Thumb Code    36  u8x8_8x8.o(.text)
    u8x8_Draw2x2Glyph                        0x0800431b   Thumb Code    74  u8x8_8x8.o(.text)
    u8x8_Draw1x2Glyph                        0x08004365   Thumb Code   146  u8x8_8x8.o(.text)
    u8x8_utf8_init                           0x080043f7   Thumb Code     8  u8x8_8x8.o(.text)
    u8x8_ascii_next                          0x080043ff   Thumb Code    14  u8x8_8x8.o(.text)
    u8x8_utf8_next                           0x0800440d   Thumb Code   144  u8x8_8x8.o(.text)
    u8x8_DrawString                          0x080044ed   Thumb Code    12  u8x8_8x8.o(.text)
    u8x8_DrawUTF8                            0x080044f9   Thumb Code    12  u8x8_8x8.o(.text)
    u8x8_Draw2x2String                       0x08004557   Thumb Code    12  u8x8_8x8.o(.text)
    u8x8_Draw2x2UTF8                         0x08004563   Thumb Code    12  u8x8_8x8.o(.text)
    u8x8_Draw1x2String                       0x080045bd   Thumb Code    12  u8x8_8x8.o(.text)
    u8x8_Draw1x2UTF8                         0x080045c9   Thumb Code    12  u8x8_8x8.o(.text)
    u8x8_GetUTF8Len                          0x080045d5   Thumb Code    48  u8x8_8x8.o(.text)
    u8x8_byte_SetDC                          0x080046b9   Thumb Code    16  u8x8_byte.o(.text)
    u8x8_byte_SendBytes                      0x080046c9   Thumb Code    16  u8x8_byte.o(.text)
    u8x8_byte_SendByte                       0x080046d9   Thumb Code    14  u8x8_byte.o(.text)
    u8x8_byte_StartTransfer                  0x080046e7   Thumb Code    16  u8x8_byte.o(.text)
    u8x8_byte_EndTransfer                    0x080046f7   Thumb Code    16  u8x8_byte.o(.text)
    u8x8_byte_empty                          0x08004707   Thumb Code     4  u8x8_byte.o(.text)
    u8x8_byte_4wire_sw_spi                   0x0800470b   Thumb Code   232  u8x8_byte.o(.text)
    u8x8_byte_8bit_6800mode                  0x080047f3   Thumb Code   214  u8x8_byte.o(.text)
    u8x8_byte_8bit_8080mode                  0x080048c9   Thumb Code   212  u8x8_byte.o(.text)
    u8x8_byte_3wire_sw_spi                   0x0800499d   Thumb Code   250  u8x8_byte.o(.text)
    u8x8_byte_set_ks0108_cs                  0x08004a97   Thumb Code    46  u8x8_byte.o(.text)
    u8x8_byte_ks0108                         0x08004ac5   Thumb Code   206  u8x8_byte.o(.text)
    u8x8_byte_sed1520                        0x08004b93   Thumb Code   212  u8x8_byte.o(.text)
    u8x8_byte_sw_i2c                         0x08004ce3   Thumb Code   188  u8x8_byte.o(.text)
    u8x8_cad_SendCmd                         0x08004dfd   Thumb Code    16  u8x8_cad.o(.text)
    u8x8_cad_SendArg                         0x08004e0d   Thumb Code    16  u8x8_cad.o(.text)
    u8x8_cad_SendMultipleArg                 0x08004e1d   Thumb Code    38  u8x8_cad.o(.text)
    u8x8_cad_SendData                        0x08004e43   Thumb Code    16  u8x8_cad.o(.text)
    u8x8_cad_StartTransfer                   0x08004e53   Thumb Code    16  u8x8_cad.o(.text)
    u8x8_cad_EndTransfer                     0x08004e63   Thumb Code    16  u8x8_cad.o(.text)
    u8x8_cad_vsendf                          0x08004e73   Thumb Code    80  u8x8_cad.o(.text)
    u8x8_SendF                               0x08004ec3   Thumb Code    18  u8x8_cad.o(.text)
    u8x8_cad_SendSequence                    0x08004ed5   Thumb Code   104  u8x8_cad.o(.text)
    u8x8_cad_empty                           0x08004f3d   Thumb Code    44  u8x8_cad.o(.text)
    u8x8_cad_110                             0x08004f69   Thumb Code    80  u8x8_cad.o(.text)
    u8x8_gu800_cad_110                       0x08004fb9   Thumb Code   116  u8x8_cad.o(.text)
    u8x8_cad_100                             0x0800502d   Thumb Code    84  u8x8_cad.o(.text)
    u8x8_cad_001                             0x08005081   Thumb Code    80  u8x8_cad.o(.text)
    u8x8_cad_011                             0x080050d1   Thumb Code    84  u8x8_cad.o(.text)
    u8x8_cad_st7920_spi                      0x08005125   Thumb Code   242  u8x8_cad.o(.text)
    u8x8_cad_ssd13xx_i2c                     0x08005217   Thumb Code   122  u8x8_cad.o(.text)
    u8x8_cad_ssd13xx_fast_i2c                0x08005291   Thumb Code   180  u8x8_cad.o(.text)
    u8x8_cad_st75256_i2c                     0x08005345   Thumb Code   132  u8x8_cad.o(.text)
    u8x8_cad_ld7032_i2c                      0x080053c9   Thumb Code   174  u8x8_cad.o(.text)
    u8x8_cad_uc16xx_i2c                      0x08005477   Thumb Code   234  u8x8_cad.o(.text)
    u8x8_cad_uc1638_i2c                      0x08005561   Thumb Code   284  u8x8_cad.o(.text)
    u8x8_capture_get_pixel_1                 0x080056a9   Thumb Code    28  u8x8_capture.o(.text)
    u8x8_capture_get_pixel_2                 0x080056c5   Thumb Code    32  u8x8_capture.o(.text)
    u8x8_capture_write_pbm_pre               0x080056e5   Thumb Code    42  u8x8_capture.o(.text)
    u8x8_capture_write_pbm_buffer            0x0800570f   Thumb Code    84  u8x8_capture.o(.text)
    u8x8_capture_write_xbm_pre               0x08005763   Thumb Code    50  u8x8_capture.o(.text)
    u8x8_capture_write_xbm_buffer            0x08005795   Thumb Code   176  u8x8_capture.o(.text)
    u8x8_d_ssd1306_128x64_noname             0x08005975   Thumb Code    56  u8x8_d_ssd1306_128x64_noname.o(.text)
    u8x8_d_ssd1312_128x64_noname             0x080059ad   Thumb Code    86  u8x8_d_ssd1306_128x64_noname.o(.text)
    u8x8_d_ssd1306_128x64_vcomh0             0x08005a03   Thumb Code    56  u8x8_d_ssd1306_128x64_noname.o(.text)
    u8x8_d_ssd1306_128x64_alt0               0x08005a3b   Thumb Code    56  u8x8_d_ssd1306_128x64_noname.o(.text)
    u8x8_d_sh1106_128x64_noname              0x08005a73   Thumb Code    54  u8x8_d_ssd1306_128x64_noname.o(.text)
    u8x8_d_sh1106_128x64_vcomh0              0x08005aa9   Thumb Code    54  u8x8_d_ssd1306_128x64_noname.o(.text)
    u8x8_d_sh1106_128x64_winstar             0x08005adf   Thumb Code    54  u8x8_d_ssd1306_128x64_noname.o(.text)
    u8x8_d_helper_display_setup_memory       0x08005b1d   Thumb Code    10  u8x8_display.o(.text)
    u8x8_d_helper_display_init               0x08005b27   Thumb Code    96  u8x8_display.o(.text)
    u8x8_DrawTile                            0x08005b87   Thumb Code    30  u8x8_display.o(.text)
    u8x8_SetupMemory                         0x08005ba5   Thumb Code    16  u8x8_display.o(.text)
    u8x8_InitInterface                       0x08005bb5   Thumb Code    32  u8x8_display.o(.text)
    u8x8_InitDisplay                         0x08005bd5   Thumb Code    16  u8x8_display.o(.text)
    u8x8_SetPowerSave                        0x08005be5   Thumb Code    16  u8x8_display.o(.text)
    u8x8_SetFlipMode                         0x08005bf5   Thumb Code    16  u8x8_display.o(.text)
    u8x8_SetContrast                         0x08005c05   Thumb Code    16  u8x8_display.o(.text)
    u8x8_RefreshDisplay                      0x08005c15   Thumb Code    16  u8x8_display.o(.text)
    u8x8_ClearDisplayWithTile                0x08005c25   Thumb Code    58  u8x8_display.o(.text)
    u8x8_ClearDisplay                        0x08005c5f   Thumb Code    16  u8x8_display.o(.text)
    u8x8_FillDisplay                         0x08005c6f   Thumb Code    20  u8x8_display.o(.text)
    u8x8_ClearLine                           0x08005c83   Thumb Code    48  u8x8_display.o(.text)
    u8x8_gpio_call                           0x08005cbd   Thumb Code    12  u8x8_gpio.o(.text)
    u8x8_dummy_cb                            0x08005cc9   Thumb Code     4  u8x8_setup.o(.text)
    u8x8_d_null_cb                           0x08005ccd   Thumb Code    28  u8x8_setup.o(.text)
    u8x8_SetupDefaults                       0x08005ce9   Thumb Code    34  u8x8_setup.o(.text)
    u8x8_Setup                               0x08005d0b   Thumb Code    34  u8x8_setup.o(.text)
    u8x8_u16toap                             0x08005d31   Thumb Code    46  u8x8_u16toa.o(.text)
    u8x8_u16toa                              0x08005d5f   Thumb Code    20  u8x8_u16toa.o(.text)
    u8x8_utoa                                0x08005d73   Thumb Code    28  u8x8_u16toa.o(.text)
    IIC_Init                                 0x08005d95   Thumb Code    40  u8g2_init.o(.text)
    u8x8_gpio_and_delay                      0x08005dbd   Thumb Code   152  u8g2_init.o(.text)
    u8g2Init                                 0x08005e55   Thumb Code    40  u8g2_init.o(.text)
    __aeabi_memset                           0x08005e89   Thumb Code    14  memseta.o(.text)
    __aeabi_memset4                          0x08005e89   Thumb Code     0  memseta.o(.text)
    __aeabi_memset8                          0x08005e89   Thumb Code     0  memseta.o(.text)
    __aeabi_memclr                           0x08005e97   Thumb Code     4  memseta.o(.text)
    __aeabi_memclr4                          0x08005e97   Thumb Code     0  memseta.o(.text)
    __aeabi_memclr8                          0x08005e97   Thumb Code     0  memseta.o(.text)
    _memset$wrapper                          0x08005e9b   Thumb Code    18  memseta.o(.text)
    __aeabi_dmul                             0x08005ead   Thumb Code   228  dmul.o(.text)
    __aeabi_ddiv                             0x08005f91   Thumb Code   222  ddiv.o(.text)
    __aeabi_i2d                              0x0800606f   Thumb Code    34  dflti.o(.text)
    __aeabi_ui2d                             0x08006091   Thumb Code    26  dfltui.o(.text)
    __aeabi_d2iz                             0x080060ab   Thumb Code    62  dfixi.o(.text)
    __aeabi_d2uiz                            0x080060e9   Thumb Code    50  dfixui.o(.text)
    __aeabi_uidiv                            0x0800611b   Thumb Code     0  uidiv.o(.text)
    __aeabi_uidivmod                         0x0800611b   Thumb Code    44  uidiv.o(.text)
    __aeabi_llsr                             0x08006147   Thumb Code    32  llushr.o(.text)
    _ll_ushift_r                             0x08006147   Thumb Code     0  llushr.o(.text)
    __I$use$fp                               0x08006167   Thumb Code     0  iusefp.o(.text)
    _double_round                            0x08006167   Thumb Code    30  depilogue.o(.text)
    _double_epilogue                         0x08006185   Thumb Code   156  depilogue.o(.text)
    __scatterload                            0x08006221   Thumb Code    28  init.o(.text)
    __scatterload_rt2                        0x08006221   Thumb Code     0  init.o(.text)
    __aeabi_llsl                             0x08006245   Thumb Code    30  llshl.o(.text)
    _ll_shift_l                              0x08006245   Thumb Code     0  llshl.o(.text)
    __decompress                             0x08006263   Thumb Code     0  __dczerorl2.o(.text)
    __decompress1                            0x08006263   Thumb Code    86  __dczerorl2.o(.text)
    __0sprintf$1                             0x080062b9   Thumb Code    34  printf1.o(i.__0sprintf$1)
    __1sprintf$1                             0x080062b9   Thumb Code     0  printf1.o(i.__0sprintf$1)
    __2sprintf                               0x080062b9   Thumb Code     0  printf1.o(i.__0sprintf$1)
    __scatterload_copy                       0x080062e1   Thumb Code    14  handlers.o(i.__scatterload_copy)
    __scatterload_null                       0x080062ef   Thumb Code     2  handlers.o(i.__scatterload_null)
    __scatterload_zeroinit                   0x080062f1   Thumb Code    14  handlers.o(i.__scatterload_zeroinit)
    RF2G4_ADDR_TX                            0x0800645e   Data           5  rf2g4.o(.constdata)
    RF2G4_ADDR_RX                            0x08006463   Data           5  rf2g4.o(.constdata)
    u8g2_font_michaelmouse_tu                0x08006468   Data        1810  u8g2_fonts.o(.constdata)
    u8g2_font_koleeko_tu                     0x08006b7a   Data         775  u8g2_fonts.o(.constdata)
    u8g2_font_tenthinnerguys_t_all           0x08006e81   Data        2554  u8g2_fonts.o(.constdata)
    u8g2_font_ncenB08_tf                     0x0800787b   Data        2518  u8g2_fonts.o(.constdata)
    u8g2_cb_r0                               0x08008254   Data          12  u8g2_setup.o(.constdata)
    Region$$Table$$Base                      0x0800839c   Number         0  anon$$obj.o(Region$$Table)
    Region$$Table$$Limit                     0x080083bc   Number         0  anon$$obj.o(Region$$Table)
    func_index                               0x20000000   Data           1  main.o(.data)
    current_operation_index                  0x20000004   Data           4  main.o(.data)
    SystemCoreClock                          0x20000008   Data           4  system_stm32f10x.o(.data)
    AHBPrescTable                            0x2000000c   Data          16  system_stm32f10x.o(.data)
    key_scan                                 0x2000001c   Data           8  key.o(.data)
    table                                    0x20000024   Data         240  multi_menu.o(.data)
    USART_RX_STA                             0x20000118   Data           2  usart.o(.data)
    RF2G4_Send_Data                          0x20000144   Data          14  rf2g4.o(.bss)
    AD_Value                                 0x20000152   Data          12  joystick_ad.o(.bss)
    u8g2                                     0x20000160   Data         148  multi_menu.o(.bss)
    USART_RX_BUF                             0x200001f4   Data         200  usart.o(.bss)
    __initial_sp                             0x20000ad0   Data           0  startup_stm32f10x_md.o(STACK)



==============================================================================

Memory Map of the image

  Image Entry point : 0x080000ed

  Load Region LR_IROM1 (Base: 0x08000000, Size: 0x00008500, Max: 0x00010000, ABSOLUTE, COMPRESSED[0x000084a0])

    Execution Region ER_IROM1 (Exec base: 0x08000000, Load base: 0x08000000, Size: 0x000083bc, Max: 0x00010000, ABSOLUTE)

    Exec Addr    Load Addr    Size         Type   Attr      Idx    E Section Name        Object

    0x08000000   0x08000000   0x000000ec   Data   RO          500    RESET               startup_stm32f10x_md.o
    0x080000ec   0x080000ec   0x00000000   Code   RO         3319  * .ARM.Collect$$$$00000000  mc_w.l(entry.o)
    0x080000ec   0x080000ec   0x00000004   Code   RO         3597    .ARM.Collect$$$$00000001  mc_w.l(entry2.o)
    0x080000f0   0x080000f0   0x00000004   Code   RO         3600    .ARM.Collect$$$$00000004  mc_w.l(entry5.o)
    0x080000f4   0x080000f4   0x00000000   Code   RO         3602    .ARM.Collect$$$$00000008  mc_w.l(entry7b.o)
    0x080000f4   0x080000f4   0x00000000   Code   RO         3604    .ARM.Collect$$$$0000000A  mc_w.l(entry8b.o)
    0x080000f4   0x080000f4   0x00000008   Code   RO         3605    .ARM.Collect$$$$0000000B  mc_w.l(entry9a.o)
    0x080000fc   0x080000fc   0x00000004   Code   RO         3612    .ARM.Collect$$$$0000000E  mc_w.l(entry12b.o)
    0x08000100   0x08000100   0x00000000   Code   RO         3607    .ARM.Collect$$$$0000000F  mc_w.l(entry10a.o)
    0x08000100   0x08000100   0x00000000   Code   RO         3609    .ARM.Collect$$$$00000011  mc_w.l(entry11a.o)
    0x08000100   0x08000100   0x00000004   Code   RO         3598    .ARM.Collect$$$$00002712  mc_w.l(entry2.o)
    0x08000104   0x08000104   0x00000404   Code   RO            1    .text               main.o
    0x08000508   0x08000508   0x00000012   Code   RO          159    .text               stm32f10x_it.o
    0x0800051a   0x0800051a   0x00000002   PAD
    0x0800051c   0x0800051c   0x00000154   Code   RO          257    .text               system_stm32f10x.o
    0x08000670   0x08000670   0x00000040   Code   RO          275    .text               led.o
    0x080006b0   0x080006b0   0x00000298   Code   RO          316    .text               rf2g4.o
    0x08000948   0x08000948   0x000000f0   Code   RO          357    .text               spi.o
    0x08000a38   0x08000a38   0x000001a4   Code   RO          369    .text               key.o
    0x08000bdc   0x08000bdc   0x00000130   Code   RO          387    .text               joystick_ad.o
    0x08000d0c   0x08000d0c   0x00000a0c   Code   RO          405    .text               multi_menu.o
    0x08001718   0x08001718   0x00000098   Code   RO          433    .text               delay.o
    0x080017b0   0x080017b0   0x00000114   Code   RO          464    .text               usart.o
    0x080018c4   0x080018c4   0x00000024   Code   RO          501    .text               startup_stm32f10x_md.o
    0x080018e8   0x080018e8   0x0000026c   Code   RO          505    .text               stm32f10x_gpio.o
    0x08001b54   0x08001b54   0x000002b4   Code   RO          517    .text               stm32f10x_rcc.o
    0x08001e08   0x08001e08   0x00000328   Code   RO          531    .text               stm32f10x_usart.o
    0x08002130   0x08002130   0x00000330   Code   RO          543    .text               stm32f10x_adc.o
    0x08002460   0x08002460   0x000001c8   Code   RO          555    .text               stm32f10x_dma.o
    0x08002628   0x08002628   0x00000274   Code   RO          591    .text               stm32f10x_spi.o
    0x0800289c   0x0800289c   0x000000b0   Code   RO          616    .text               misc.o
    0x0800294c   0x0800294c   0x000002b0   Code   RO          736    .text               u8g2_box.o
    0x08002bfc   0x08002bfc   0x000001dc   Code   RO          748    .text               u8g2_buffer.o
    0x08002dd8   0x08002dd8   0x000005cc   Code   RO          773    .text               u8g2_circle.o
    0x080033a4   0x080033a4   0x0000000c   Code   RO          797    .text               u8g2_d_memory.o
    0x080033b0   0x080033b0   0x00000038   Code   RO          810    .text               u8g2_d_setup.o
    0x080033e8   0x080033e8   0x000007f0   Code   RO          822    .text               u8g2_font.o
    0x08003bd8   0x08003bd8   0x0000014e   Code   RO         2762    .text               u8g2_hvline.o
    0x08003d26   0x08003d26   0x00000046   Code   RO         2789    .text               u8g2_intersection.o
    0x08003d6c   0x08003d6c   0x00000088   Code   RO         2802    .text               u8g2_kerning.o
    0x08003df4   0x08003df4   0x00000106   Code   RO         2826    .text               u8g2_ll_hvline.o
    0x08003efa   0x08003efa   0x00000002   PAD
    0x08003efc   0x08003efc   0x00000334   Code   RO         2878    .text               u8g2_setup.o
    0x08004230   0x08004230   0x00000486   Code   RO         2948    .text               u8x8_8x8.o
    0x080046b6   0x080046b6   0x00000002   PAD
    0x080046b8   0x080046b8   0x00000744   Code   RO         2961    .text               u8x8_byte.o
    0x08004dfc   0x08004dfc   0x000008ac   Code   RO         2974    .text               u8x8_cad.o
    0x080056a8   0x080056a8   0x00000208   Code   RO         2989    .text               u8x8_capture.o
    0x080058b0   0x080058b0   0x0000026c   Code   RO         3001    .text               u8x8_d_ssd1306_128x64_noname.o
    0x08005b1c   0x08005b1c   0x000001a0   Code   RO         3043    .text               u8x8_display.o
    0x08005cbc   0x08005cbc   0x0000000c   Code   RO         3196    .text               u8x8_gpio.o
    0x08005cc8   0x08005cc8   0x00000068   Code   RO         3245    .text               u8x8_setup.o
    0x08005d30   0x08005d30   0x00000064   Code   RO         3287    .text               u8x8_u16toa.o
    0x08005d94   0x08005d94   0x000000f4   Code   RO         3301    .text               u8g2_init.o
    0x08005e88   0x08005e88   0x00000024   Code   RO         3322    .text               mc_w.l(memseta.o)
    0x08005eac   0x08005eac   0x000000e4   Code   RO         3585    .text               mf_w.l(dmul.o)
    0x08005f90   0x08005f90   0x000000de   Code   RO         3587    .text               mf_w.l(ddiv.o)
    0x0800606e   0x0800606e   0x00000022   Code   RO         3589    .text               mf_w.l(dflti.o)
    0x08006090   0x08006090   0x0000001a   Code   RO         3591    .text               mf_w.l(dfltui.o)
    0x080060aa   0x080060aa   0x0000003e   Code   RO         3593    .text               mf_w.l(dfixi.o)
    0x080060e8   0x080060e8   0x00000032   Code   RO         3595    .text               mf_w.l(dfixui.o)
    0x0800611a   0x0800611a   0x0000002c   Code   RO         3613    .text               mc_w.l(uidiv.o)
    0x08006146   0x08006146   0x00000020   Code   RO         3617    .text               mc_w.l(llushr.o)
    0x08006166   0x08006166   0x00000000   Code   RO         3619    .text               mc_w.l(iusefp.o)
    0x08006166   0x08006166   0x000000ba   Code   RO         3620    .text               mf_w.l(depilogue.o)
    0x08006220   0x08006220   0x00000024   Code   RO         3628    .text               mc_w.l(init.o)
    0x08006244   0x08006244   0x0000001e   Code   RO         3630    .text               mc_w.l(llshl.o)
    0x08006262   0x08006262   0x00000056   Code   RO         3642    .text               mc_w.l(__dczerorl2.o)
    0x080062b8   0x080062b8   0x00000028   Code   RO         3371    i.__0sprintf$1      mc_w.l(printf1.o)
    0x080062e0   0x080062e0   0x0000000e   Code   RO         3636    i.__scatterload_copy  mc_w.l(handlers.o)
    0x080062ee   0x080062ee   0x00000002   Code   RO         3637    i.__scatterload_null  mc_w.l(handlers.o)
    0x080062f0   0x080062f0   0x0000000e   Code   RO         3638    i.__scatterload_zeroinit  mc_w.l(handlers.o)
    0x080062fe   0x080062fe   0x00000002   PAD
    0x08006300   0x08006300   0x00000154   Code   RO         3376    i._printf_core      mc_w.l(printf1.o)
    0x08006454   0x08006454   0x0000000a   Code   RO         3378    i._sputc            mc_w.l(printf1.o)
    0x0800645e   0x0800645e   0x0000000a   Data   RO          319    .constdata          rf2g4.o
    0x08006468   0x08006468   0x00000712   Data   RO         1497    .constdata          u8g2_fonts.o
    0x08006b7a   0x08006b7a   0x00000307   Data   RO         1527    .constdata          u8g2_fonts.o
    0x08006e81   0x08006e81   0x000009fa   Data   RO         1546    .constdata          u8g2_fonts.o
    0x0800787b   0x0800787b   0x000009d6   Data   RO         2099    .constdata          u8g2_fonts.o
    0x08008251   0x08008251   0x00000003   PAD
    0x08008254   0x08008254   0x0000000c   Data   RO         2879    .constdata          u8g2_setup.o
    0x08008260   0x08008260   0x00000124   Data   RO         3002    .constdata          u8x8_d_ssd1306_128x64_noname.o
    0x08008384   0x08008384   0x00000018   Data   RO         3246    .constdata          u8x8_setup.o
    0x0800839c   0x0800839c   0x00000020   Data   RO         3634    Region$$Table       anon$$obj.o


    Execution Region RW_IRAM1 (Exec base: 0x20000000, Load base: 0x080083bc, Size: 0x00000ad0, Max: 0x00005000, ABSOLUTE, COMPRESSED[0x000000e4])

    Exec Addr    Load Addr    Size         Type   Attr      Idx    E Section Name        Object

    0x20000000   COMPRESSED   0x00000008   Data   RW            2    .data               main.o
    0x20000008   COMPRESSED   0x00000014   Data   RW          258    .data               system_stm32f10x.o
    0x2000001c   COMPRESSED   0x00000008   Data   RW          370    .data               key.o
    0x20000024   COMPRESSED   0x000000f0   Data   RW          407    .data               multi_menu.o
    0x20000114   COMPRESSED   0x00000004   Data   RW          434    .data               delay.o
    0x20000118   COMPRESSED   0x00000002   Data   RW          466    .data               usart.o
    0x2000011a   COMPRESSED   0x00000014   Data   RW          518    .data               stm32f10x_rcc.o
    0x2000012e   COMPRESSED   0x00000008   Data   RW         2885    .data               u8g2_setup.o
    0x20000136   COMPRESSED   0x00000002   Data   RW         2962    .data               u8x8_byte.o
    0x20000138   COMPRESSED   0x00000006   Data   RW         2976    .data               u8x8_cad.o
    0x2000013e   COMPRESSED   0x00000006   Data   RW         3288    .data               u8x8_u16toa.o
    0x20000144        -       0x0000000e   Zero   RW          317    .bss                rf2g4.o
    0x20000152        -       0x0000000c   Zero   RW          388    .bss                joystick_ad.o
    0x2000015e   COMPRESSED   0x00000002   PAD
    0x20000160        -       0x00000094   Zero   RW          406    .bss                multi_menu.o
    0x200001f4        -       0x000000c8   Zero   RW          465    .bss                usart.o
    0x200002bc        -       0x00000400   Zero   RW          798    .bss                u8g2_d_memory.o
    0x200006bc        -       0x00000010   Zero   RW         2975    .bss                u8x8_cad.o
    0x200006cc   COMPRESSED   0x00000004   PAD
    0x200006d0        -       0x00000400   Zero   RW          498    STACK               startup_stm32f10x_md.o


==============================================================================

Image component sizes


      Code (inc. data)   RO Data    RW Data    ZI Data      Debug   Object Name

       152         14          0          4          0       1127   delay.o
       304         16          0          0         12       1437   joystick_ad.o
       420         30          0          8          0       1527   key.o
        64          6          0          0          0     212999   led.o
      1028         96          0          8          0     367071   main.o
       176         14          0          0          0       1893   misc.o
      2572        304          0        240        148     163598   multi_menu.o
       664         22         10          0         14       3984   rf2g4.o
       240          8          0          0          0       1248   spi.o
        36          8        236          0       1024        800   startup_stm32f10x_md.o
       816         24          0          0          0      11285   stm32f10x_adc.o
       456         10          0          0          0       4682   stm32f10x_dma.o
       620         36          0          0          0       5861   stm32f10x_gpio.o
        18          0          0          0          0      41174   stm32f10x_it.o
       692         32          0         20          0       9036   stm32f10x_rcc.o
       628         14          0          0          0       6998   stm32f10x_spi.o
       808         22          0          0          0       8780   stm32f10x_usart.o
         0          0          0          0          0         32   sys.o
       340         32          0         20          0       1815   system_stm32f10x.o
       688          0          0          0          0       2136   u8g2_box.o
       476         10          0          0          0       4024   u8g2_buffer.o
      1484          0          0          0          0       7320   u8g2_circle.o
        12          4          0          0       1024        832   u8g2_d_memory.o
        56         14          0          0          0       1037   u8g2_d_setup.o
      2032          8          0          0          0      15305   u8g2_font.o
         0          0       7657          0          0     143081   u8g2_fonts.o
       334          0          0          0          0       2764   u8g2_hvline.o
       244         12          0          0          0       1200   u8g2_init.o
        70          0          0          0          0       1535   u8g2_intersection.o
       136          0          0          0          0       1557   u8g2_kerning.o
       262          0          0          0          0       1986   u8g2_ll_hvline.o
       820         18         12          8          0     146665   u8g2_setup.o
      1158          0          0          0          0       8746   u8x8_8x8.o
      1860          4          0          2          0       8361   u8x8_byte.o
      2220         86          0          6         16      11140   u8x8_cad.o
       520        108          0          0          0       3578   u8x8_capture.o
       620          8        292          0          0       5113   u8x8_d_ssd1306_128x64_noname.o
       416         10          0          0          0       3811   u8x8_display.o
        12          0          0          0          0        577   u8x8_gpio.o
       104          4         24          0          0       1629   u8x8_setup.o
       100          6          0          6          0       1459   u8x8_u16toa.o
       276         16          0          2        200       3262   usart.o

    ----------------------------------------------------------------------
     23940        996       8266        324       2444    1222465   Object Totals
         0          0         32          0          0          0   (incl. Generated)
         6          0          3          0          6          0   (incl. Padding)

    ----------------------------------------------------------------------

      Code (inc. data)   RO Data    RW Data    ZI Data      Debug   Library Member Name

        86          0          0          0          0          0   __dczerorl2.o
         0          0          0          0          0          0   entry.o
         0          0          0          0          0          0   entry10a.o
         0          0          0          0          0          0   entry11a.o
         4          0          0          0          0          0   entry12b.o
         8          4          0          0          0          0   entry2.o
         4          0          0          0          0          0   entry5.o
         0          0          0          0          0          0   entry7b.o
         0          0          0          0          0          0   entry8b.o
         8          4          0          0          0          0   entry9a.o
        30          0          0          0          0          0   handlers.o
        36          8          0          0          0         68   init.o
         0          0          0          0          0          0   iusefp.o
        30          0          0          0          0         68   llshl.o
        32          0          0          0          0         68   llushr.o
        36          0          0          0          0        108   memseta.o
       390         10          0          0          0        252   printf1.o
        44          0          0          0          0         80   uidiv.o
       222          0          0          0          0        100   ddiv.o
       186          0          0          0          0        176   depilogue.o
        62          0          0          0          0         80   dfixi.o
        50          0          0          0          0         76   dfixui.o
        34          0          0          0          0         76   dflti.o
        26          0          0          0          0         76   dfltui.o
       228          0          0          0          0         96   dmul.o

    ----------------------------------------------------------------------
      1518         26          0          0          0       1324   Library Totals
         2          0          0          0          0          0   (incl. Padding)

    ----------------------------------------------------------------------

      Code (inc. data)   RO Data    RW Data    ZI Data      Debug   Library Name

       708         26          0          0          0        644   mc_w.l
       808          0          0          0          0        680   mf_w.l

    ----------------------------------------------------------------------
      1518         26          0          0          0       1324   Library Totals

    ----------------------------------------------------------------------

==============================================================================


      Code (inc. data)   RO Data    RW Data    ZI Data      Debug   

     25458       1022       8266        324       2444    1219289   Grand Totals
     25458       1022       8266        228       2444    1219289   ELF Image Totals (compressed)
     25458       1022       8266        228          0          0   ROM Totals

==============================================================================

    Total RO  Size (Code + RO Data)                33724 (  32.93kB)
    Total RW  Size (RW Data + ZI Data)              2768 (   2.70kB)
    Total ROM Size (Code + RO Data + RW Data)      33952 (  33.16kB)

==============================================================================

