<!doctype html public "-//w3c//dtd html 4.0 transitional//en">
<html><head>
<title>Static Call Graph - [..\OBJ\LED.axf]</title></head>
<body><HR>
<H1>Static Call Graph for image ..\OBJ\LED.axf</H1><HR>
<BR><P>#&#060CALLGRAPH&#062# ARM Linker, 5060960: Last Updated: Wed Jun 17 21:11:41 2026
<BR><P>
<H3>Maximum Stack Usage =        356 bytes + Unknown(Cycles, Untraceable Function Pointers)</H3><H3>
Call chain for Maximum Stack Depth:</H3>
main &rArr; startup_UI &rArr; u8g2_DrawRBox &rArr; u8g2_DrawDisc &rArr; u8g2_draw_disc &rArr; u8g2_draw_disc_section &rArr; u8g2_DrawVLine &rArr; u8g2_DrawHVLine &rArr; u8g2_clip_intersection2
<P>
<H3>
Mutually Recursive functions
</H3> <LI><a href="#[1c]">HardFault_Handler</a>&nbsp;&nbsp;&nbsp;&rArr;&nbsp;&nbsp;&nbsp;<a href="#[1c]">HardFault_Handler</a><BR>
 <LI><a href="#[1d]">MemManage_Handler</a>&nbsp;&nbsp;&nbsp;&rArr;&nbsp;&nbsp;&nbsp;<a href="#[1d]">MemManage_Handler</a><BR>
 <LI><a href="#[1e]">BusFault_Handler</a>&nbsp;&nbsp;&nbsp;&rArr;&nbsp;&nbsp;&nbsp;<a href="#[1e]">BusFault_Handler</a><BR>
 <LI><a href="#[1f]">UsageFault_Handler</a>&nbsp;&nbsp;&nbsp;&rArr;&nbsp;&nbsp;&nbsp;<a href="#[1f]">UsageFault_Handler</a><BR>
 <LI><a href="#[36]">ADC1_2_IRQHandler</a>&nbsp;&nbsp;&nbsp;&rArr;&nbsp;&nbsp;&nbsp;<a href="#[36]">ADC1_2_IRQHandler</a><BR>
</UL>
<P>
<H3>
Function Pointers
</H3><UL>
 <LI><a href="#[36]">ADC1_2_IRQHandler</a> from startup_stm32f10x_md.o(.text) referenced from startup_stm32f10x_md.o(RESET)
 <LI><a href="#[1e]">BusFault_Handler</a> from stm32f10x_it.o(.text) referenced from startup_stm32f10x_md.o(RESET)
 <LI><a href="#[39]">CAN1_RX1_IRQHandler</a> from startup_stm32f10x_md.o(.text) referenced from startup_stm32f10x_md.o(RESET)
 <LI><a href="#[3a]">CAN1_SCE_IRQHandler</a> from startup_stm32f10x_md.o(.text) referenced from startup_stm32f10x_md.o(RESET)
 <LI><a href="#[2f]">DMA1_Channel1_IRQHandler</a> from startup_stm32f10x_md.o(.text) referenced from startup_stm32f10x_md.o(RESET)
 <LI><a href="#[30]">DMA1_Channel2_IRQHandler</a> from startup_stm32f10x_md.o(.text) referenced from startup_stm32f10x_md.o(RESET)
 <LI><a href="#[31]">DMA1_Channel3_IRQHandler</a> from startup_stm32f10x_md.o(.text) referenced from startup_stm32f10x_md.o(RESET)
 <LI><a href="#[32]">DMA1_Channel4_IRQHandler</a> from startup_stm32f10x_md.o(.text) referenced from startup_stm32f10x_md.o(RESET)
 <LI><a href="#[33]">DMA1_Channel5_IRQHandler</a> from startup_stm32f10x_md.o(.text) referenced from startup_stm32f10x_md.o(RESET)
 <LI><a href="#[34]">DMA1_Channel6_IRQHandler</a> from startup_stm32f10x_md.o(.text) referenced from startup_stm32f10x_md.o(RESET)
 <LI><a href="#[35]">DMA1_Channel7_IRQHandler</a> from startup_stm32f10x_md.o(.text) referenced from startup_stm32f10x_md.o(RESET)
 <LI><a href="#[21]">DebugMon_Handler</a> from stm32f10x_it.o(.text) referenced from startup_stm32f10x_md.o(RESET)
 <LI><a href="#[2a]">EXTI0_IRQHandler</a> from startup_stm32f10x_md.o(.text) referenced from startup_stm32f10x_md.o(RESET)
 <LI><a href="#[4c]">EXTI15_10_IRQHandler</a> from startup_stm32f10x_md.o(.text) referenced from startup_stm32f10x_md.o(RESET)
 <LI><a href="#[2b]">EXTI1_IRQHandler</a> from startup_stm32f10x_md.o(.text) referenced from startup_stm32f10x_md.o(RESET)
 <LI><a href="#[2c]">EXTI2_IRQHandler</a> from startup_stm32f10x_md.o(.text) referenced from startup_stm32f10x_md.o(RESET)
 <LI><a href="#[2d]">EXTI3_IRQHandler</a> from startup_stm32f10x_md.o(.text) referenced from startup_stm32f10x_md.o(RESET)
 <LI><a href="#[2e]">EXTI4_IRQHandler</a> from startup_stm32f10x_md.o(.text) referenced from startup_stm32f10x_md.o(RESET)
 <LI><a href="#[3b]">EXTI9_5_IRQHandler</a> from startup_stm32f10x_md.o(.text) referenced from startup_stm32f10x_md.o(RESET)
 <LI><a href="#[28]">FLASH_IRQHandler</a> from startup_stm32f10x_md.o(.text) referenced from startup_stm32f10x_md.o(RESET)
 <LI><a href="#[1c]">HardFault_Handler</a> from stm32f10x_it.o(.text) referenced from startup_stm32f10x_md.o(RESET)
 <LI><a href="#[44]">I2C1_ER_IRQHandler</a> from startup_stm32f10x_md.o(.text) referenced from startup_stm32f10x_md.o(RESET)
 <LI><a href="#[43]">I2C1_EV_IRQHandler</a> from startup_stm32f10x_md.o(.text) referenced from startup_stm32f10x_md.o(RESET)
 <LI><a href="#[46]">I2C2_ER_IRQHandler</a> from startup_stm32f10x_md.o(.text) referenced from startup_stm32f10x_md.o(RESET)
 <LI><a href="#[45]">I2C2_EV_IRQHandler</a> from startup_stm32f10x_md.o(.text) referenced from startup_stm32f10x_md.o(RESET)
 <LI><a href="#[1d]">MemManage_Handler</a> from stm32f10x_it.o(.text) referenced from startup_stm32f10x_md.o(RESET)
 <LI><a href="#[1b]">NMI_Handler</a> from stm32f10x_it.o(.text) referenced from startup_stm32f10x_md.o(RESET)
 <LI><a href="#[25]">PVD_IRQHandler</a> from startup_stm32f10x_md.o(.text) referenced from startup_stm32f10x_md.o(RESET)
 <LI><a href="#[22]">PendSV_Handler</a> from stm32f10x_it.o(.text) referenced from startup_stm32f10x_md.o(RESET)
 <LI><a href="#[29]">RCC_IRQHandler</a> from startup_stm32f10x_md.o(.text) referenced from startup_stm32f10x_md.o(RESET)
 <LI><a href="#[4d]">RTCAlarm_IRQHandler</a> from startup_stm32f10x_md.o(.text) referenced from startup_stm32f10x_md.o(RESET)
 <LI><a href="#[27]">RTC_IRQHandler</a> from startup_stm32f10x_md.o(.text) referenced from startup_stm32f10x_md.o(RESET)
 <LI><a href="#[1a]">Reset_Handler</a> from startup_stm32f10x_md.o(.text) referenced from startup_stm32f10x_md.o(RESET)
 <LI><a href="#[47]">SPI1_IRQHandler</a> from startup_stm32f10x_md.o(.text) referenced from startup_stm32f10x_md.o(RESET)
 <LI><a href="#[48]">SPI2_IRQHandler</a> from startup_stm32f10x_md.o(.text) referenced from startup_stm32f10x_md.o(RESET)
 <LI><a href="#[20]">SVC_Handler</a> from stm32f10x_it.o(.text) referenced from startup_stm32f10x_md.o(RESET)
 <LI><a href="#[23]">SysTick_Handler</a> from stm32f10x_it.o(.text) referenced from startup_stm32f10x_md.o(RESET)
 <LI><a href="#[50]">SystemInit</a> from system_stm32f10x.o(.text) referenced from startup_stm32f10x_md.o(.text)
 <LI><a href="#[26]">TAMPER_IRQHandler</a> from startup_stm32f10x_md.o(.text) referenced from startup_stm32f10x_md.o(RESET)
 <LI><a href="#[3c]">TIM1_BRK_IRQHandler</a> from startup_stm32f10x_md.o(.text) referenced from startup_stm32f10x_md.o(RESET)
 <LI><a href="#[3f]">TIM1_CC_IRQHandler</a> from startup_stm32f10x_md.o(.text) referenced from startup_stm32f10x_md.o(RESET)
 <LI><a href="#[3e]">TIM1_TRG_COM_IRQHandler</a> from startup_stm32f10x_md.o(.text) referenced from startup_stm32f10x_md.o(RESET)
 <LI><a href="#[3d]">TIM1_UP_IRQHandler</a> from startup_stm32f10x_md.o(.text) referenced from startup_stm32f10x_md.o(RESET)
 <LI><a href="#[40]">TIM2_IRQHandler</a> from startup_stm32f10x_md.o(.text) referenced from startup_stm32f10x_md.o(RESET)
 <LI><a href="#[41]">TIM3_IRQHandler</a> from startup_stm32f10x_md.o(.text) referenced from startup_stm32f10x_md.o(RESET)
 <LI><a href="#[42]">TIM4_IRQHandler</a> from startup_stm32f10x_md.o(.text) referenced from startup_stm32f10x_md.o(RESET)
 <LI><a href="#[49]">USART1_IRQHandler</a> from usart.o(.text) referenced from startup_stm32f10x_md.o(RESET)
 <LI><a href="#[4a]">USART2_IRQHandler</a> from startup_stm32f10x_md.o(.text) referenced from startup_stm32f10x_md.o(RESET)
 <LI><a href="#[4b]">USART3_IRQHandler</a> from startup_stm32f10x_md.o(.text) referenced from startup_stm32f10x_md.o(RESET)
 <LI><a href="#[4e]">USBWakeUp_IRQHandler</a> from startup_stm32f10x_md.o(.text) referenced from startup_stm32f10x_md.o(RESET)
 <LI><a href="#[37]">USB_HP_CAN1_TX_IRQHandler</a> from startup_stm32f10x_md.o(.text) referenced from startup_stm32f10x_md.o(RESET)
 <LI><a href="#[38]">USB_LP_CAN1_RX0_IRQHandler</a> from startup_stm32f10x_md.o(.text) referenced from startup_stm32f10x_md.o(RESET)
 <LI><a href="#[1f]">UsageFault_Handler</a> from stm32f10x_it.o(.text) referenced from startup_stm32f10x_md.o(RESET)
 <LI><a href="#[24]">WWDG_IRQHandler</a> from startup_stm32f10x_md.o(.text) referenced from startup_stm32f10x_md.o(RESET)
 <LI><a href="#[51]">__main</a> from entry.o(.ARM.Collect$$$$00000000) referenced from startup_stm32f10x_md.o(.text)
 <LI><a href="#[5c]">_sputc</a> from printf1.o(i._sputc) referenced from printf1.o(i.__0sprintf$1)
 <LI><a href="#[0]">fun_0</a> from multi_menu.o(.text) referenced 2 times from multi_menu.o(.data)
 <LI><a href="#[1]">fun_a1</a> from multi_menu.o(.text) referenced 2 times from multi_menu.o(.data)
 <LI><a href="#[5]">fun_a21</a> from multi_menu.o(.text) referenced 2 times from multi_menu.o(.data)
 <LI><a href="#[6]">fun_a22</a> from multi_menu.o(.text) referenced 2 times from multi_menu.o(.data)
 <LI><a href="#[7]">fun_a23</a> from multi_menu.o(.text) referenced 2 times from multi_menu.o(.data)
 <LI><a href="#[8]">fun_a24</a> from multi_menu.o(.text) referenced 2 times from multi_menu.o(.data)
 <LI><a href="#[11]">fun_a31</a> from multi_menu.o(.text) referenced 2 times from multi_menu.o(.data)
 <LI><a href="#[12]">fun_a32</a> from multi_menu.o(.text) referenced 2 times from multi_menu.o(.data)
 <LI><a href="#[13]">fun_a33</a> from multi_menu.o(.text) referenced 2 times from multi_menu.o(.data)
 <LI><a href="#[2]">fun_b1</a> from multi_menu.o(.text) referenced 2 times from multi_menu.o(.data)
 <LI><a href="#[9]">fun_b21</a> from multi_menu.o(.text) referenced 2 times from multi_menu.o(.data)
 <LI><a href="#[a]">fun_b22</a> from multi_menu.o(.text) referenced 2 times from multi_menu.o(.data)
 <LI><a href="#[b]">fun_b23</a> from multi_menu.o(.text) referenced 2 times from multi_menu.o(.data)
 <LI><a href="#[c]">fun_b24</a> from multi_menu.o(.text) referenced 2 times from multi_menu.o(.data)
 <LI><a href="#[14]">fun_b31</a> from multi_menu.o(.text) referenced 2 times from multi_menu.o(.data)
 <LI><a href="#[15]">fun_b32</a> from multi_menu.o(.text) referenced 2 times from multi_menu.o(.data)
 <LI><a href="#[16]">fun_b33</a> from multi_menu.o(.text) referenced 2 times from multi_menu.o(.data)
 <LI><a href="#[3]">fun_c1</a> from multi_menu.o(.text) referenced 2 times from multi_menu.o(.data)
 <LI><a href="#[d]">fun_c21</a> from multi_menu.o(.text) referenced 2 times from multi_menu.o(.data)
 <LI><a href="#[e]">fun_c22</a> from multi_menu.o(.text) referenced 2 times from multi_menu.o(.data)
 <LI><a href="#[f]">fun_c23</a> from multi_menu.o(.text) referenced 2 times from multi_menu.o(.data)
 <LI><a href="#[10]">fun_c24</a> from multi_menu.o(.text) referenced 2 times from multi_menu.o(.data)
 <LI><a href="#[17]">fun_c31</a> from multi_menu.o(.text) referenced 2 times from multi_menu.o(.data)
 <LI><a href="#[18]">fun_c32</a> from multi_menu.o(.text) referenced 2 times from multi_menu.o(.data)
 <LI><a href="#[19]">fun_c33</a> from multi_menu.o(.text) referenced 2 times from multi_menu.o(.data)
 <LI><a href="#[4]">fun_d1</a> from multi_menu.o(.text) referenced 2 times from multi_menu.o(.data)
 <LI><a href="#[4f]">main</a> from main.o(.text) referenced from entry9a.o(.ARM.Collect$$$$0000000B)
 <LI><a href="#[5f]">u8g2_draw_l90_r0</a> from u8g2_setup.o(.text) referenced from u8g2_setup.o(.constdata)
 <LI><a href="#[f7]">u8g2_font_calc_vref_bottom</a> from u8g2_font.o(.text) referenced from u8g2_font.o(.text)
 <LI><a href="#[f9]">u8g2_font_calc_vref_center</a> from u8g2_font.o(.text) referenced from u8g2_font.o(.text)
 <LI><a href="#[f6]">u8g2_font_calc_vref_font</a> from u8g2_font.o(.text) referenced from u8g2_font.o(.text)
 <LI><a href="#[f8]">u8g2_font_calc_vref_top</a> from u8g2_font.o(.text) referenced from u8g2_font.o(.text)
 <LI><a href="#[56]">u8g2_ll_hvline_vertical_top_lsb</a> from u8g2_ll_hvline.o(.text) referenced 2 times from u8g2_d_setup.o(.text)
 <LI><a href="#[5d]">u8g2_update_dimension_r0</a> from u8g2_setup.o(.text) referenced from u8g2_setup.o(.constdata)
 <LI><a href="#[5e]">u8g2_update_page_win_r0</a> from u8g2_setup.o(.text) referenced from u8g2_setup.o(.constdata)
 <LI><a href="#[57]">u8x8_ascii_next</a> from u8x8_8x8.o(.text) referenced 4 times from u8g2_font.o(.text)
 <LI><a href="#[5b]">u8x8_byte_sw_i2c</a> from u8x8_byte.o(.text) referenced from u8g2_init.o(.text)
 <LI><a href="#[59]">u8x8_cad_empty</a> from u8x8_cad.o(.text) referenced from u8g2_setup.o(.text)
 <LI><a href="#[54]">u8x8_cad_ssd13xx_fast_i2c</a> from u8x8_cad.o(.text) referenced from u8g2_d_setup.o(.text)
 <LI><a href="#[52]">u8x8_capture_get_pixel_1</a> from u8x8_capture.o(.text) referenced from u8g2_buffer.o(.text)
 <LI><a href="#[53]">u8x8_capture_get_pixel_2</a> from u8x8_capture.o(.text) referenced from u8g2_buffer.o(.text)
 <LI><a href="#[5a]">u8x8_d_null_cb</a> from u8x8_setup.o(.text) referenced from u8g2_setup.o(.text)
 <LI><a href="#[55]">u8x8_d_ssd1306_128x64_noname</a> from u8x8_d_ssd1306_128x64_noname.o(.text) referenced from u8g2_d_setup.o(.text)
 <LI><a href="#[158]">u8x8_dummy_cb</a> from u8x8_setup.o(.text) referenced from u8x8_setup.o(.text)
 <LI><a href="#[15d]">u8x8_gpio_and_delay</a> from u8g2_init.o(.text) referenced from u8g2_init.o(.text)
 <LI><a href="#[58]">u8x8_utf8_next</a> from u8x8_8x8.o(.text) referenced 4 times from u8g2_font.o(.text)
</UL>
<P>
<H3>
Global Symbols
</H3>
<P><STRONG><a name="[51]"></a>__main</STRONG> (Thumb, 0 bytes, Stack size unknown bytes, entry.o(.ARM.Collect$$$$00000000))
<BR>[Address Reference Count : 1]<UL><LI> startup_stm32f10x_md.o(.text)
</UL>
<P><STRONG><a name="[16b]"></a>_main_stk</STRONG> (Thumb, 0 bytes, Stack size unknown bytes, entry2.o(.ARM.Collect$$$$00000001))

<P><STRONG><a name="[60]"></a>_main_scatterload</STRONG> (Thumb, 0 bytes, Stack size unknown bytes, entry5.o(.ARM.Collect$$$$00000004))
<BR><BR>[Calls]<UL><LI><a href="#[61]">&gt;&gt;</a>&nbsp;&nbsp;&nbsp;__scatterload
</UL>

<P><STRONG><a name="[167]"></a>__main_after_scatterload</STRONG> (Thumb, 0 bytes, Stack size unknown bytes, entry5.o(.ARM.Collect$$$$00000004))
<BR><BR>[Called By]<UL><LI><a href="#[61]">&gt;&gt;</a>&nbsp;&nbsp;&nbsp;__scatterload
</UL>

<P><STRONG><a name="[16c]"></a>_main_clock</STRONG> (Thumb, 0 bytes, Stack size unknown bytes, entry7b.o(.ARM.Collect$$$$00000008))

<P><STRONG><a name="[16d]"></a>_main_cpp_init</STRONG> (Thumb, 0 bytes, Stack size unknown bytes, entry8b.o(.ARM.Collect$$$$0000000A))

<P><STRONG><a name="[16e]"></a>_main_init</STRONG> (Thumb, 0 bytes, Stack size unknown bytes, entry9a.o(.ARM.Collect$$$$0000000B))

<P><STRONG><a name="[16f]"></a>__rt_lib_shutdown_fini</STRONG> (Thumb, 0 bytes, Stack size unknown bytes, entry12b.o(.ARM.Collect$$$$0000000E))

<P><STRONG><a name="[170]"></a>__rt_final_cpp</STRONG> (Thumb, 0 bytes, Stack size unknown bytes, entry10a.o(.ARM.Collect$$$$0000000F))

<P><STRONG><a name="[171]"></a>__rt_final_exit</STRONG> (Thumb, 0 bytes, Stack size unknown bytes, entry11a.o(.ARM.Collect$$$$00000011))

<P><STRONG><a name="[62]"></a>startup_UI</STRONG> (Thumb, 208 bytes, Stack size 56 bytes, main.o(.text))
<BR><BR>[Stack]<UL><LI>Max Depth = 340<LI>Call Chain = startup_UI &rArr; u8g2_DrawRBox &rArr; u8g2_DrawDisc &rArr; u8g2_draw_disc &rArr; u8g2_draw_disc_section &rArr; u8g2_DrawVLine &rArr; u8g2_DrawHVLine &rArr; u8g2_clip_intersection2
</UL>
<BR>[Calls]<UL><LI><a href="#[69]">&gt;&gt;</a>&nbsp;&nbsp;&nbsp;u8g2_SetFont
<LI><a href="#[6d]">&gt;&gt;</a>&nbsp;&nbsp;&nbsp;u8g2_SendBuffer
<LI><a href="#[6a]">&gt;&gt;</a>&nbsp;&nbsp;&nbsp;u8g2_DrawStr
<LI><a href="#[6c]">&gt;&gt;</a>&nbsp;&nbsp;&nbsp;u8g2_DrawRFrame
<LI><a href="#[6b]">&gt;&gt;</a>&nbsp;&nbsp;&nbsp;u8g2_DrawRBox
<LI><a href="#[63]">&gt;&gt;</a>&nbsp;&nbsp;&nbsp;u8g2_ClearBuffer
<LI><a href="#[6f]">&gt;&gt;</a>&nbsp;&nbsp;&nbsp;delay_ms
<LI><a href="#[64]">&gt;&gt;</a>&nbsp;&nbsp;&nbsp;__aeabi_i2d
<LI><a href="#[66]">&gt;&gt;</a>&nbsp;&nbsp;&nbsp;__aeabi_dmul
<LI><a href="#[65]">&gt;&gt;</a>&nbsp;&nbsp;&nbsp;__aeabi_ddiv
<LI><a href="#[67]">&gt;&gt;</a>&nbsp;&nbsp;&nbsp;__aeabi_d2iz
<LI><a href="#[6e]">&gt;&gt;</a>&nbsp;&nbsp;&nbsp;RF2G4_Check
<LI><a href="#[68]">&gt;&gt;</a>&nbsp;&nbsp;&nbsp;__2sprintf
</UL>
<BR>[Called By]<UL><LI><a href="#[4f]">&gt;&gt;</a>&nbsp;&nbsp;&nbsp;main
</UL>

<P><STRONG><a name="[4f]"></a>main</STRONG> (Thumb, 724 bytes, Stack size 16 bytes, main.o(.text))
<BR><BR>[Stack]<UL><LI>Max Depth = 356<LI>Call Chain = main &rArr; startup_UI &rArr; u8g2_DrawRBox &rArr; u8g2_DrawDisc &rArr; u8g2_draw_disc &rArr; u8g2_draw_disc_section &rArr; u8g2_DrawVLine &rArr; u8g2_DrawHVLine &rArr; u8g2_clip_intersection2
</UL>
<BR>[Calls]<UL><LI><a href="#[69]">&gt;&gt;</a>&nbsp;&nbsp;&nbsp;u8g2_SetFont
<LI><a href="#[6d]">&gt;&gt;</a>&nbsp;&nbsp;&nbsp;u8g2_SendBuffer
<LI><a href="#[6a]">&gt;&gt;</a>&nbsp;&nbsp;&nbsp;u8g2_DrawStr
<LI><a href="#[63]">&gt;&gt;</a>&nbsp;&nbsp;&nbsp;u8g2_ClearBuffer
<LI><a href="#[77]">&gt;&gt;</a>&nbsp;&nbsp;&nbsp;u8g2Init
<LI><a href="#[6f]">&gt;&gt;</a>&nbsp;&nbsp;&nbsp;delay_ms
<LI><a href="#[71]">&gt;&gt;</a>&nbsp;&nbsp;&nbsp;delay_init
<LI><a href="#[7a]">&gt;&gt;</a>&nbsp;&nbsp;&nbsp;RF2G4_Tx_Packet
<LI><a href="#[78]">&gt;&gt;</a>&nbsp;&nbsp;&nbsp;RF2G4_TX_Mode
<LI><a href="#[79]">&gt;&gt;</a>&nbsp;&nbsp;&nbsp;RF2G4_KEY_Scan_JX
<LI><a href="#[75]">&gt;&gt;</a>&nbsp;&nbsp;&nbsp;RF2G4_Init
<LI><a href="#[70]">&gt;&gt;</a>&nbsp;&nbsp;&nbsp;NVIC_PriorityGroupConfig
<LI><a href="#[72]">&gt;&gt;</a>&nbsp;&nbsp;&nbsp;LED_Init
<LI><a href="#[73]">&gt;&gt;</a>&nbsp;&nbsp;&nbsp;KEY_Init_JX
<LI><a href="#[76]">&gt;&gt;</a>&nbsp;&nbsp;&nbsp;IIC_Init
<LI><a href="#[7c]">&gt;&gt;</a>&nbsp;&nbsp;&nbsp;GPIO_SetBits
<LI><a href="#[7b]">&gt;&gt;</a>&nbsp;&nbsp;&nbsp;GPIO_ResetBits
<LI><a href="#[74]">&gt;&gt;</a>&nbsp;&nbsp;&nbsp;AD_Init
<LI><a href="#[62]">&gt;&gt;</a>&nbsp;&nbsp;&nbsp;startup_UI
<LI><a href="#[68]">&gt;&gt;</a>&nbsp;&nbsp;&nbsp;__2sprintf
</UL>
<BR>[Address Reference Count : 1]<UL><LI> entry9a.o(.ARM.Collect$$$$0000000B)
</UL>
<P><STRONG><a name="[1b]"></a>NMI_Handler</STRONG> (Thumb, 2 bytes, Stack size 0 bytes, stm32f10x_it.o(.text))
<BR>[Address Reference Count : 1]<UL><LI> startup_stm32f10x_md.o(RESET)
</UL>
<P><STRONG><a name="[1c]"></a>HardFault_Handler</STRONG> (Thumb, 2 bytes, Stack size 0 bytes, stm32f10x_it.o(.text))
<BR><BR>[Calls]<UL><LI><a href="#[1c]">&gt;&gt;</a>&nbsp;&nbsp;&nbsp;HardFault_Handler
</UL>
<BR>[Called By]<UL><LI><a href="#[1c]">&gt;&gt;</a>&nbsp;&nbsp;&nbsp;HardFault_Handler
</UL>
<BR>[Address Reference Count : 1]<UL><LI> startup_stm32f10x_md.o(RESET)
</UL>
<P><STRONG><a name="[1d]"></a>MemManage_Handler</STRONG> (Thumb, 2 bytes, Stack size 0 bytes, stm32f10x_it.o(.text))
<BR><BR>[Calls]<UL><LI><a href="#[1d]">&gt;&gt;</a>&nbsp;&nbsp;&nbsp;MemManage_Handler
</UL>
<BR>[Called By]<UL><LI><a href="#[1d]">&gt;&gt;</a>&nbsp;&nbsp;&nbsp;MemManage_Handler
</UL>
<BR>[Address Reference Count : 1]<UL><LI> startup_stm32f10x_md.o(RESET)
</UL>
<P><STRONG><a name="[1e]"></a>BusFault_Handler</STRONG> (Thumb, 2 bytes, Stack size 0 bytes, stm32f10x_it.o(.text))
<BR><BR>[Calls]<UL><LI><a href="#[1e]">&gt;&gt;</a>&nbsp;&nbsp;&nbsp;BusFault_Handler
</UL>
<BR>[Called By]<UL><LI><a href="#[1e]">&gt;&gt;</a>&nbsp;&nbsp;&nbsp;BusFault_Handler
</UL>
<BR>[Address Reference Count : 1]<UL><LI> startup_stm32f10x_md.o(RESET)
</UL>
<P><STRONG><a name="[1f]"></a>UsageFault_Handler</STRONG> (Thumb, 2 bytes, Stack size 0 bytes, stm32f10x_it.o(.text))
<BR><BR>[Calls]<UL><LI><a href="#[1f]">&gt;&gt;</a>&nbsp;&nbsp;&nbsp;UsageFault_Handler
</UL>
<BR>[Called By]<UL><LI><a href="#[1f]">&gt;&gt;</a>&nbsp;&nbsp;&nbsp;UsageFault_Handler
</UL>
<BR>[Address Reference Count : 1]<UL><LI> startup_stm32f10x_md.o(RESET)
</UL>
<P><STRONG><a name="[20]"></a>SVC_Handler</STRONG> (Thumb, 2 bytes, Stack size 0 bytes, stm32f10x_it.o(.text))
<BR>[Address Reference Count : 1]<UL><LI> startup_stm32f10x_md.o(RESET)
</UL>
<P><STRONG><a name="[21]"></a>DebugMon_Handler</STRONG> (Thumb, 2 bytes, Stack size 0 bytes, stm32f10x_it.o(.text))
<BR>[Address Reference Count : 1]<UL><LI> startup_stm32f10x_md.o(RESET)
</UL>
<P><STRONG><a name="[22]"></a>PendSV_Handler</STRONG> (Thumb, 2 bytes, Stack size 0 bytes, stm32f10x_it.o(.text))
<BR>[Address Reference Count : 1]<UL><LI> startup_stm32f10x_md.o(RESET)
</UL>
<P><STRONG><a name="[23]"></a>SysTick_Handler</STRONG> (Thumb, 2 bytes, Stack size 0 bytes, stm32f10x_it.o(.text))
<BR>[Address Reference Count : 1]<UL><LI> startup_stm32f10x_md.o(RESET)
</UL>
<P><STRONG><a name="[50]"></a>SystemInit</STRONG> (Thumb, 64 bytes, Stack size 8 bytes, system_stm32f10x.o(.text))
<BR><BR>[Stack]<UL><LI>Max Depth = 20<LI>Call Chain = SystemInit &rArr; SetSysClockTo72
</UL>
<BR>[Calls]<UL><LI><a href="#[7d]">&gt;&gt;</a>&nbsp;&nbsp;&nbsp;SetSysClockTo72
</UL>
<BR>[Address Reference Count : 1]<UL><LI> startup_stm32f10x_md.o(.text)
</UL>
<P><STRONG><a name="[172]"></a>SystemCoreClockUpdate</STRONG> (Thumb, 84 bytes, Stack size 8 bytes, system_stm32f10x.o(.text), UNUSED)

<P><STRONG><a name="[72]"></a>LED_Init</STRONG> (Thumb, 58 bytes, Stack size 16 bytes, led.o(.text))
<BR><BR>[Stack]<UL><LI>Max Depth = 36<LI>Call Chain = LED_Init &rArr; GPIO_Init
</UL>
<BR>[Calls]<UL><LI><a href="#[7e]">&gt;&gt;</a>&nbsp;&nbsp;&nbsp;RCC_APB2PeriphClockCmd
<LI><a href="#[7f]">&gt;&gt;</a>&nbsp;&nbsp;&nbsp;GPIO_Init
<LI><a href="#[7c]">&gt;&gt;</a>&nbsp;&nbsp;&nbsp;GPIO_SetBits
<LI><a href="#[7b]">&gt;&gt;</a>&nbsp;&nbsp;&nbsp;GPIO_ResetBits
</UL>
<BR>[Called By]<UL><LI><a href="#[4f]">&gt;&gt;</a>&nbsp;&nbsp;&nbsp;main
</UL>

<P><STRONG><a name="[75]"></a>RF2G4_Init</STRONG> (Thumb, 88 bytes, Stack size 16 bytes, rf2g4.o(.text))
<BR><BR>[Stack]<UL><LI>Max Depth = 80<LI>Call Chain = RF2G4_Init &rArr; SPI2_Init_JX &rArr; SPI2_ReadWriteByte
</UL>
<BR>[Calls]<UL><LI><a href="#[80]">&gt;&gt;</a>&nbsp;&nbsp;&nbsp;SPI2_Init_JX
<LI><a href="#[7e]">&gt;&gt;</a>&nbsp;&nbsp;&nbsp;RCC_APB2PeriphClockCmd
<LI><a href="#[7f]">&gt;&gt;</a>&nbsp;&nbsp;&nbsp;GPIO_Init
<LI><a href="#[7b]">&gt;&gt;</a>&nbsp;&nbsp;&nbsp;GPIO_ResetBits
</UL>
<BR>[Called By]<UL><LI><a href="#[4f]">&gt;&gt;</a>&nbsp;&nbsp;&nbsp;main
</UL>

<P><STRONG><a name="[81]"></a>RF2G4_Write_Reg</STRONG> (Thumb, 36 bytes, Stack size 16 bytes, rf2g4.o(.text))
<BR><BR>[Stack]<UL><LI>Max Depth = 40<LI>Call Chain = RF2G4_Write_Reg &rArr; SPI2_ReadWriteByte
</UL>
<BR>[Calls]<UL><LI><a href="#[82]">&gt;&gt;</a>&nbsp;&nbsp;&nbsp;SPI2_ReadWriteByte
</UL>
<BR>[Called By]<UL><LI><a href="#[88]">&gt;&gt;</a>&nbsp;&nbsp;&nbsp;RF2G4_Rx_Packet
<LI><a href="#[87]">&gt;&gt;</a>&nbsp;&nbsp;&nbsp;RF2G4_RX_Mode
<LI><a href="#[7a]">&gt;&gt;</a>&nbsp;&nbsp;&nbsp;RF2G4_Tx_Packet
<LI><a href="#[78]">&gt;&gt;</a>&nbsp;&nbsp;&nbsp;RF2G4_TX_Mode
</UL>

<P><STRONG><a name="[83]"></a>RF2G4_Write_Cont</STRONG> (Thumb, 52 bytes, Stack size 24 bytes, rf2g4.o(.text))
<BR><BR>[Stack]<UL><LI>Max Depth = 48<LI>Call Chain = RF2G4_Write_Cont &rArr; SPI2_ReadWriteByte
</UL>
<BR>[Calls]<UL><LI><a href="#[82]">&gt;&gt;</a>&nbsp;&nbsp;&nbsp;SPI2_ReadWriteByte
</UL>
<BR>[Called By]<UL><LI><a href="#[87]">&gt;&gt;</a>&nbsp;&nbsp;&nbsp;RF2G4_RX_Mode
<LI><a href="#[7a]">&gt;&gt;</a>&nbsp;&nbsp;&nbsp;RF2G4_Tx_Packet
<LI><a href="#[78]">&gt;&gt;</a>&nbsp;&nbsp;&nbsp;RF2G4_TX_Mode
<LI><a href="#[6e]">&gt;&gt;</a>&nbsp;&nbsp;&nbsp;RF2G4_Check
</UL>

<P><STRONG><a name="[84]"></a>RF2G4_Read_Reg</STRONG> (Thumb, 30 bytes, Stack size 8 bytes, rf2g4.o(.text))
<BR><BR>[Stack]<UL><LI>Max Depth = 32<LI>Call Chain = RF2G4_Read_Reg &rArr; SPI2_ReadWriteByte
</UL>
<BR>[Calls]<UL><LI><a href="#[82]">&gt;&gt;</a>&nbsp;&nbsp;&nbsp;SPI2_ReadWriteByte
</UL>
<BR>[Called By]<UL><LI><a href="#[88]">&gt;&gt;</a>&nbsp;&nbsp;&nbsp;RF2G4_Rx_Packet
<LI><a href="#[7a]">&gt;&gt;</a>&nbsp;&nbsp;&nbsp;RF2G4_Tx_Packet
</UL>

<P><STRONG><a name="[85]"></a>RF2G4_Read_Cont</STRONG> (Thumb, 52 bytes, Stack size 24 bytes, rf2g4.o(.text))
<BR><BR>[Stack]<UL><LI>Max Depth = 48<LI>Call Chain = RF2G4_Read_Cont &rArr; SPI2_ReadWriteByte
</UL>
<BR>[Calls]<UL><LI><a href="#[82]">&gt;&gt;</a>&nbsp;&nbsp;&nbsp;SPI2_ReadWriteByte
</UL>
<BR>[Called By]<UL><LI><a href="#[88]">&gt;&gt;</a>&nbsp;&nbsp;&nbsp;RF2G4_Rx_Packet
<LI><a href="#[6e]">&gt;&gt;</a>&nbsp;&nbsp;&nbsp;RF2G4_Check
</UL>

<P><STRONG><a name="[6e]"></a>RF2G4_Check</STRONG> (Thumb, 68 bytes, Stack size 16 bytes, rf2g4.o(.text))
<BR><BR>[Stack]<UL><LI>Max Depth = 64<LI>Call Chain = RF2G4_Check &rArr; RF2G4_Read_Cont &rArr; SPI2_ReadWriteByte
</UL>
<BR>[Calls]<UL><LI><a href="#[86]">&gt;&gt;</a>&nbsp;&nbsp;&nbsp;SPI2_SetSpeed
<LI><a href="#[85]">&gt;&gt;</a>&nbsp;&nbsp;&nbsp;RF2G4_Read_Cont
<LI><a href="#[83]">&gt;&gt;</a>&nbsp;&nbsp;&nbsp;RF2G4_Write_Cont
</UL>
<BR>[Called By]<UL><LI><a href="#[62]">&gt;&gt;</a>&nbsp;&nbsp;&nbsp;startup_UI
</UL>

<P><STRONG><a name="[87]"></a>RF2G4_RX_Mode</STRONG> (Thumb, 78 bytes, Stack size 8 bytes, rf2g4.o(.text), UNUSED)
<BR><BR>[Calls]<UL><LI><a href="#[83]">&gt;&gt;</a>&nbsp;&nbsp;&nbsp;RF2G4_Write_Cont
<LI><a href="#[81]">&gt;&gt;</a>&nbsp;&nbsp;&nbsp;RF2G4_Write_Reg
</UL>

<P><STRONG><a name="[78]"></a>RF2G4_TX_Mode</STRONG> (Thumb, 90 bytes, Stack size 8 bytes, rf2g4.o(.text))
<BR><BR>[Stack]<UL><LI>Max Depth = 56<LI>Call Chain = RF2G4_TX_Mode &rArr; RF2G4_Write_Cont &rArr; SPI2_ReadWriteByte
</UL>
<BR>[Calls]<UL><LI><a href="#[83]">&gt;&gt;</a>&nbsp;&nbsp;&nbsp;RF2G4_Write_Cont
<LI><a href="#[81]">&gt;&gt;</a>&nbsp;&nbsp;&nbsp;RF2G4_Write_Reg
</UL>
<BR>[Called By]<UL><LI><a href="#[4f]">&gt;&gt;</a>&nbsp;&nbsp;&nbsp;main
</UL>

<P><STRONG><a name="[7a]"></a>RF2G4_Tx_Packet</STRONG> (Thumb, 90 bytes, Stack size 16 bytes, rf2g4.o(.text))
<BR><BR>[Stack]<UL><LI>Max Depth = 64<LI>Call Chain = RF2G4_Tx_Packet &rArr; RF2G4_Write_Cont &rArr; SPI2_ReadWriteByte
</UL>
<BR>[Calls]<UL><LI><a href="#[86]">&gt;&gt;</a>&nbsp;&nbsp;&nbsp;SPI2_SetSpeed
<LI><a href="#[84]">&gt;&gt;</a>&nbsp;&nbsp;&nbsp;RF2G4_Read_Reg
<LI><a href="#[83]">&gt;&gt;</a>&nbsp;&nbsp;&nbsp;RF2G4_Write_Cont
<LI><a href="#[81]">&gt;&gt;</a>&nbsp;&nbsp;&nbsp;RF2G4_Write_Reg
</UL>
<BR>[Called By]<UL><LI><a href="#[4f]">&gt;&gt;</a>&nbsp;&nbsp;&nbsp;main
</UL>

<P><STRONG><a name="[88]"></a>RF2G4_Rx_Packet</STRONG> (Thumb, 58 bytes, Stack size 16 bytes, rf2g4.o(.text), UNUSED)
<BR><BR>[Calls]<UL><LI><a href="#[86]">&gt;&gt;</a>&nbsp;&nbsp;&nbsp;SPI2_SetSpeed
<LI><a href="#[85]">&gt;&gt;</a>&nbsp;&nbsp;&nbsp;RF2G4_Read_Cont
<LI><a href="#[84]">&gt;&gt;</a>&nbsp;&nbsp;&nbsp;RF2G4_Read_Reg
<LI><a href="#[81]">&gt;&gt;</a>&nbsp;&nbsp;&nbsp;RF2G4_Write_Reg
</UL>

<P><STRONG><a name="[82]"></a>SPI2_ReadWriteByte</STRONG> (Thumb, 82 bytes, Stack size 24 bytes, spi.o(.text))
<BR><BR>[Stack]<UL><LI>Max Depth = 24<LI>Call Chain = SPI2_ReadWriteByte
</UL>
<BR>[Calls]<UL><LI><a href="#[8a]">&gt;&gt;</a>&nbsp;&nbsp;&nbsp;SPI_I2S_SendData
<LI><a href="#[8b]">&gt;&gt;</a>&nbsp;&nbsp;&nbsp;SPI_I2S_ReceiveData
<LI><a href="#[89]">&gt;&gt;</a>&nbsp;&nbsp;&nbsp;SPI_I2S_GetFlagStatus
</UL>
<BR>[Called By]<UL><LI><a href="#[80]">&gt;&gt;</a>&nbsp;&nbsp;&nbsp;SPI2_Init_JX
<LI><a href="#[85]">&gt;&gt;</a>&nbsp;&nbsp;&nbsp;RF2G4_Read_Cont
<LI><a href="#[84]">&gt;&gt;</a>&nbsp;&nbsp;&nbsp;RF2G4_Read_Reg
<LI><a href="#[83]">&gt;&gt;</a>&nbsp;&nbsp;&nbsp;RF2G4_Write_Cont
<LI><a href="#[81]">&gt;&gt;</a>&nbsp;&nbsp;&nbsp;RF2G4_Write_Reg
</UL>

<P><STRONG><a name="[80]"></a>SPI2_Init_JX</STRONG> (Thumb, 132 bytes, Stack size 40 bytes, spi.o(.text))
<BR><BR>[Stack]<UL><LI>Max Depth = 64<LI>Call Chain = SPI2_Init_JX &rArr; SPI2_ReadWriteByte
</UL>
<BR>[Calls]<UL><LI><a href="#[8d]">&gt;&gt;</a>&nbsp;&nbsp;&nbsp;SPI_Init
<LI><a href="#[8e]">&gt;&gt;</a>&nbsp;&nbsp;&nbsp;SPI_Cmd
<LI><a href="#[8c]">&gt;&gt;</a>&nbsp;&nbsp;&nbsp;RCC_APB1PeriphClockCmd
<LI><a href="#[82]">&gt;&gt;</a>&nbsp;&nbsp;&nbsp;SPI2_ReadWriteByte
<LI><a href="#[7e]">&gt;&gt;</a>&nbsp;&nbsp;&nbsp;RCC_APB2PeriphClockCmd
<LI><a href="#[7f]">&gt;&gt;</a>&nbsp;&nbsp;&nbsp;GPIO_Init
<LI><a href="#[7c]">&gt;&gt;</a>&nbsp;&nbsp;&nbsp;GPIO_SetBits
</UL>
<BR>[Called By]<UL><LI><a href="#[75]">&gt;&gt;</a>&nbsp;&nbsp;&nbsp;RF2G4_Init
</UL>

<P><STRONG><a name="[86]"></a>SPI2_SetSpeed</STRONG> (Thumb, 18 bytes, Stack size 0 bytes, spi.o(.text))
<BR><BR>[Called By]<UL><LI><a href="#[88]">&gt;&gt;</a>&nbsp;&nbsp;&nbsp;RF2G4_Rx_Packet
<LI><a href="#[7a]">&gt;&gt;</a>&nbsp;&nbsp;&nbsp;RF2G4_Tx_Packet
<LI><a href="#[6e]">&gt;&gt;</a>&nbsp;&nbsp;&nbsp;RF2G4_Check
</UL>

<P><STRONG><a name="[73]"></a>KEY_Init_JX</STRONG> (Thumb, 146 bytes, Stack size 24 bytes, key.o(.text))
<BR><BR>[Stack]<UL><LI>Max Depth = 44<LI>Call Chain = KEY_Init_JX &rArr; GPIO_Init
</UL>
<BR>[Calls]<UL><LI><a href="#[7e]">&gt;&gt;</a>&nbsp;&nbsp;&nbsp;RCC_APB2PeriphClockCmd
<LI><a href="#[7f]">&gt;&gt;</a>&nbsp;&nbsp;&nbsp;GPIO_Init
</UL>
<BR>[Called By]<UL><LI><a href="#[4f]">&gt;&gt;</a>&nbsp;&nbsp;&nbsp;main
</UL>

<P><STRONG><a name="[79]"></a>RF2G4_KEY_Scan_JX</STRONG> (Thumb, 244 bytes, Stack size 24 bytes, key.o(.text))
<BR><BR>[Stack]<UL><LI>Max Depth = 24<LI>Call Chain = RF2G4_KEY_Scan_JX
</UL>
<BR>[Calls]<UL><LI><a href="#[6f]">&gt;&gt;</a>&nbsp;&nbsp;&nbsp;delay_ms
</UL>
<BR>[Called By]<UL><LI><a href="#[4f]">&gt;&gt;</a>&nbsp;&nbsp;&nbsp;main
</UL>

<P><STRONG><a name="[74]"></a>AD_Init</STRONG> (Thumb, 288 bytes, Stack size 88 bytes, joystick_ad.o(.text))
<BR><BR>[Stack]<UL><LI>Max Depth = 108<LI>Call Chain = AD_Init &rArr; GPIO_Init
</UL>
<BR>[Calls]<UL><LI><a href="#[8f]">&gt;&gt;</a>&nbsp;&nbsp;&nbsp;RCC_AHBPeriphClockCmd
<LI><a href="#[90]">&gt;&gt;</a>&nbsp;&nbsp;&nbsp;RCC_ADCCLKConfig
<LI><a href="#[93]">&gt;&gt;</a>&nbsp;&nbsp;&nbsp;DMA_Init
<LI><a href="#[94]">&gt;&gt;</a>&nbsp;&nbsp;&nbsp;DMA_Cmd
<LI><a href="#[99]">&gt;&gt;</a>&nbsp;&nbsp;&nbsp;ADC_StartCalibration
<LI><a href="#[9b]">&gt;&gt;</a>&nbsp;&nbsp;&nbsp;ADC_SoftwareStartConvCmd
<LI><a href="#[97]">&gt;&gt;</a>&nbsp;&nbsp;&nbsp;ADC_ResetCalibration
<LI><a href="#[91]">&gt;&gt;</a>&nbsp;&nbsp;&nbsp;ADC_RegularChannelConfig
<LI><a href="#[92]">&gt;&gt;</a>&nbsp;&nbsp;&nbsp;ADC_Init
<LI><a href="#[98]">&gt;&gt;</a>&nbsp;&nbsp;&nbsp;ADC_GetResetCalibrationStatus
<LI><a href="#[9a]">&gt;&gt;</a>&nbsp;&nbsp;&nbsp;ADC_GetCalibrationStatus
<LI><a href="#[95]">&gt;&gt;</a>&nbsp;&nbsp;&nbsp;ADC_DMACmd
<LI><a href="#[96]">&gt;&gt;</a>&nbsp;&nbsp;&nbsp;ADC_Cmd
<LI><a href="#[7e]">&gt;&gt;</a>&nbsp;&nbsp;&nbsp;RCC_APB2PeriphClockCmd
<LI><a href="#[7f]">&gt;&gt;</a>&nbsp;&nbsp;&nbsp;GPIO_Init
</UL>
<BR>[Called By]<UL><LI><a href="#[4f]">&gt;&gt;</a>&nbsp;&nbsp;&nbsp;main
</UL>

<P><STRONG><a name="[173]"></a>button_show</STRONG> (Thumb, 2 bytes, Stack size 0 bytes, multi_menu.o(.text), UNUSED)

<P><STRONG><a name="[174]"></a>joystick_show</STRONG> (Thumb, 2 bytes, Stack size 0 bytes, multi_menu.o(.text), UNUSED)

<P><STRONG><a name="[9c]"></a>potenti_show</STRONG> (Thumb, 184 bytes, Stack size 56 bytes, multi_menu.o(.text))
<BR><BR>[Stack]<UL><LI>Max Depth = 340<LI>Call Chain = potenti_show &rArr; u8g2_DrawRBox &rArr; u8g2_DrawDisc &rArr; u8g2_draw_disc &rArr; u8g2_draw_disc_section &rArr; u8g2_DrawVLine &rArr; u8g2_DrawHVLine &rArr; u8g2_clip_intersection2
</UL>
<BR>[Calls]<UL><LI><a href="#[9d]">&gt;&gt;</a>&nbsp;&nbsp;&nbsp;__aeabi_ui2d
<LI><a href="#[9e]">&gt;&gt;</a>&nbsp;&nbsp;&nbsp;__aeabi_d2uiz
<LI><a href="#[6a]">&gt;&gt;</a>&nbsp;&nbsp;&nbsp;u8g2_DrawStr
<LI><a href="#[6c]">&gt;&gt;</a>&nbsp;&nbsp;&nbsp;u8g2_DrawRFrame
<LI><a href="#[6b]">&gt;&gt;</a>&nbsp;&nbsp;&nbsp;u8g2_DrawRBox
<LI><a href="#[66]">&gt;&gt;</a>&nbsp;&nbsp;&nbsp;__aeabi_dmul
<LI><a href="#[68]">&gt;&gt;</a>&nbsp;&nbsp;&nbsp;__2sprintf
</UL>
<BR>[Called By]<UL><LI><a href="#[13]">&gt;&gt;</a>&nbsp;&nbsp;&nbsp;fun_a33
</UL>

<P><STRONG><a name="[1]"></a>fun_a1</STRONG> (Thumb, 122 bytes, Stack size 16 bytes, multi_menu.o(.text))
<BR><BR>[Stack]<UL><LI>Max Depth = 300<LI>Call Chain = fun_a1 &rArr; u8g2_DrawRBox &rArr; u8g2_DrawDisc &rArr; u8g2_draw_disc &rArr; u8g2_draw_disc_section &rArr; u8g2_DrawVLine &rArr; u8g2_DrawHVLine &rArr; u8g2_clip_intersection2
</UL>
<BR>[Calls]<UL><LI><a href="#[9f]">&gt;&gt;</a>&nbsp;&nbsp;&nbsp;u8g2_SetFontPosBaseline
<LI><a href="#[a0]">&gt;&gt;</a>&nbsp;&nbsp;&nbsp;u8g2_SetFontMode
<LI><a href="#[a1]">&gt;&gt;</a>&nbsp;&nbsp;&nbsp;u8g2_SetDrawColor
<LI><a href="#[69]">&gt;&gt;</a>&nbsp;&nbsp;&nbsp;u8g2_SetFont
<LI><a href="#[6a]">&gt;&gt;</a>&nbsp;&nbsp;&nbsp;u8g2_DrawStr
<LI><a href="#[6b]">&gt;&gt;</a>&nbsp;&nbsp;&nbsp;u8g2_DrawRBox
</UL>
<BR>[Address Reference Count : 1]<UL><LI> multi_menu.o(.data)
</UL>
<P><STRONG><a name="[2]"></a>fun_b1</STRONG> (Thumb, 108 bytes, Stack size 16 bytes, multi_menu.o(.text))
<BR><BR>[Stack]<UL><LI>Max Depth = 300<LI>Call Chain = fun_b1 &rArr; u8g2_DrawRBox &rArr; u8g2_DrawDisc &rArr; u8g2_draw_disc &rArr; u8g2_draw_disc_section &rArr; u8g2_DrawVLine &rArr; u8g2_DrawHVLine &rArr; u8g2_clip_intersection2
</UL>
<BR>[Calls]<UL><LI><a href="#[a0]">&gt;&gt;</a>&nbsp;&nbsp;&nbsp;u8g2_SetFontMode
<LI><a href="#[a1]">&gt;&gt;</a>&nbsp;&nbsp;&nbsp;u8g2_SetDrawColor
<LI><a href="#[6a]">&gt;&gt;</a>&nbsp;&nbsp;&nbsp;u8g2_DrawStr
<LI><a href="#[6b]">&gt;&gt;</a>&nbsp;&nbsp;&nbsp;u8g2_DrawRBox
</UL>
<BR>[Address Reference Count : 1]<UL><LI> multi_menu.o(.data)
</UL>
<P><STRONG><a name="[3]"></a>fun_c1</STRONG> (Thumb, 108 bytes, Stack size 16 bytes, multi_menu.o(.text))
<BR><BR>[Stack]<UL><LI>Max Depth = 300<LI>Call Chain = fun_c1 &rArr; u8g2_DrawRBox &rArr; u8g2_DrawDisc &rArr; u8g2_draw_disc &rArr; u8g2_draw_disc_section &rArr; u8g2_DrawVLine &rArr; u8g2_DrawHVLine &rArr; u8g2_clip_intersection2
</UL>
<BR>[Calls]<UL><LI><a href="#[a0]">&gt;&gt;</a>&nbsp;&nbsp;&nbsp;u8g2_SetFontMode
<LI><a href="#[a1]">&gt;&gt;</a>&nbsp;&nbsp;&nbsp;u8g2_SetDrawColor
<LI><a href="#[6a]">&gt;&gt;</a>&nbsp;&nbsp;&nbsp;u8g2_DrawStr
<LI><a href="#[6b]">&gt;&gt;</a>&nbsp;&nbsp;&nbsp;u8g2_DrawRBox
</UL>
<BR>[Address Reference Count : 1]<UL><LI> multi_menu.o(.data)
</UL>
<P><STRONG><a name="[4]"></a>fun_d1</STRONG> (Thumb, 108 bytes, Stack size 16 bytes, multi_menu.o(.text))
<BR><BR>[Stack]<UL><LI>Max Depth = 300<LI>Call Chain = fun_d1 &rArr; u8g2_DrawRBox &rArr; u8g2_DrawDisc &rArr; u8g2_draw_disc &rArr; u8g2_draw_disc_section &rArr; u8g2_DrawVLine &rArr; u8g2_DrawHVLine &rArr; u8g2_clip_intersection2
</UL>
<BR>[Calls]<UL><LI><a href="#[a0]">&gt;&gt;</a>&nbsp;&nbsp;&nbsp;u8g2_SetFontMode
<LI><a href="#[a1]">&gt;&gt;</a>&nbsp;&nbsp;&nbsp;u8g2_SetDrawColor
<LI><a href="#[6a]">&gt;&gt;</a>&nbsp;&nbsp;&nbsp;u8g2_DrawStr
<LI><a href="#[6b]">&gt;&gt;</a>&nbsp;&nbsp;&nbsp;u8g2_DrawRBox
</UL>
<BR>[Address Reference Count : 1]<UL><LI> multi_menu.o(.data)
</UL>
<P><STRONG><a name="[5]"></a>fun_a21</STRONG> (Thumb, 108 bytes, Stack size 16 bytes, multi_menu.o(.text))
<BR><BR>[Stack]<UL><LI>Max Depth = 300<LI>Call Chain = fun_a21 &rArr; u8g2_DrawRBox &rArr; u8g2_DrawDisc &rArr; u8g2_draw_disc &rArr; u8g2_draw_disc_section &rArr; u8g2_DrawVLine &rArr; u8g2_DrawHVLine &rArr; u8g2_clip_intersection2
</UL>
<BR>[Calls]<UL><LI><a href="#[a0]">&gt;&gt;</a>&nbsp;&nbsp;&nbsp;u8g2_SetFontMode
<LI><a href="#[a1]">&gt;&gt;</a>&nbsp;&nbsp;&nbsp;u8g2_SetDrawColor
<LI><a href="#[6a]">&gt;&gt;</a>&nbsp;&nbsp;&nbsp;u8g2_DrawStr
<LI><a href="#[6b]">&gt;&gt;</a>&nbsp;&nbsp;&nbsp;u8g2_DrawRBox
</UL>
<BR>[Address Reference Count : 1]<UL><LI> multi_menu.o(.data)
</UL>
<P><STRONG><a name="[6]"></a>fun_a22</STRONG> (Thumb, 108 bytes, Stack size 16 bytes, multi_menu.o(.text))
<BR><BR>[Stack]<UL><LI>Max Depth = 300<LI>Call Chain = fun_a22 &rArr; u8g2_DrawRBox &rArr; u8g2_DrawDisc &rArr; u8g2_draw_disc &rArr; u8g2_draw_disc_section &rArr; u8g2_DrawVLine &rArr; u8g2_DrawHVLine &rArr; u8g2_clip_intersection2
</UL>
<BR>[Calls]<UL><LI><a href="#[a0]">&gt;&gt;</a>&nbsp;&nbsp;&nbsp;u8g2_SetFontMode
<LI><a href="#[a1]">&gt;&gt;</a>&nbsp;&nbsp;&nbsp;u8g2_SetDrawColor
<LI><a href="#[6a]">&gt;&gt;</a>&nbsp;&nbsp;&nbsp;u8g2_DrawStr
<LI><a href="#[6b]">&gt;&gt;</a>&nbsp;&nbsp;&nbsp;u8g2_DrawRBox
</UL>
<BR>[Address Reference Count : 1]<UL><LI> multi_menu.o(.data)
</UL>
<P><STRONG><a name="[7]"></a>fun_a23</STRONG> (Thumb, 108 bytes, Stack size 16 bytes, multi_menu.o(.text))
<BR><BR>[Stack]<UL><LI>Max Depth = 300<LI>Call Chain = fun_a23 &rArr; u8g2_DrawRBox &rArr; u8g2_DrawDisc &rArr; u8g2_draw_disc &rArr; u8g2_draw_disc_section &rArr; u8g2_DrawVLine &rArr; u8g2_DrawHVLine &rArr; u8g2_clip_intersection2
</UL>
<BR>[Calls]<UL><LI><a href="#[a0]">&gt;&gt;</a>&nbsp;&nbsp;&nbsp;u8g2_SetFontMode
<LI><a href="#[a1]">&gt;&gt;</a>&nbsp;&nbsp;&nbsp;u8g2_SetDrawColor
<LI><a href="#[6a]">&gt;&gt;</a>&nbsp;&nbsp;&nbsp;u8g2_DrawStr
<LI><a href="#[6b]">&gt;&gt;</a>&nbsp;&nbsp;&nbsp;u8g2_DrawRBox
</UL>
<BR>[Address Reference Count : 1]<UL><LI> multi_menu.o(.data)
</UL>
<P><STRONG><a name="[8]"></a>fun_a24</STRONG> (Thumb, 210 bytes, Stack size 16 bytes, multi_menu.o(.text))
<BR><BR>[Stack]<UL><LI>Max Depth = 300<LI>Call Chain = fun_a24 &rArr; u8g2_DrawRBox &rArr; u8g2_DrawDisc &rArr; u8g2_draw_disc &rArr; u8g2_draw_disc_section &rArr; u8g2_DrawVLine &rArr; u8g2_DrawHVLine &rArr; u8g2_clip_intersection2
</UL>
<BR>[Calls]<UL><LI><a href="#[a0]">&gt;&gt;</a>&nbsp;&nbsp;&nbsp;u8g2_SetFontMode
<LI><a href="#[a1]">&gt;&gt;</a>&nbsp;&nbsp;&nbsp;u8g2_SetDrawColor
<LI><a href="#[6a]">&gt;&gt;</a>&nbsp;&nbsp;&nbsp;u8g2_DrawStr
<LI><a href="#[6b]">&gt;&gt;</a>&nbsp;&nbsp;&nbsp;u8g2_DrawRBox
</UL>
<BR>[Address Reference Count : 1]<UL><LI> multi_menu.o(.data)
</UL>
<P><STRONG><a name="[9]"></a>fun_b21</STRONG> (Thumb, 110 bytes, Stack size 16 bytes, multi_menu.o(.text))
<BR><BR>[Stack]<UL><LI>Max Depth = 300<LI>Call Chain = fun_b21 &rArr; u8g2_DrawRBox &rArr; u8g2_DrawDisc &rArr; u8g2_draw_disc &rArr; u8g2_draw_disc_section &rArr; u8g2_DrawVLine &rArr; u8g2_DrawHVLine &rArr; u8g2_clip_intersection2
</UL>
<BR>[Calls]<UL><LI><a href="#[a0]">&gt;&gt;</a>&nbsp;&nbsp;&nbsp;u8g2_SetFontMode
<LI><a href="#[a1]">&gt;&gt;</a>&nbsp;&nbsp;&nbsp;u8g2_SetDrawColor
<LI><a href="#[6a]">&gt;&gt;</a>&nbsp;&nbsp;&nbsp;u8g2_DrawStr
<LI><a href="#[6b]">&gt;&gt;</a>&nbsp;&nbsp;&nbsp;u8g2_DrawRBox
</UL>
<BR>[Address Reference Count : 1]<UL><LI> multi_menu.o(.data)
</UL>
<P><STRONG><a name="[a]"></a>fun_b22</STRONG> (Thumb, 110 bytes, Stack size 16 bytes, multi_menu.o(.text))
<BR><BR>[Stack]<UL><LI>Max Depth = 300<LI>Call Chain = fun_b22 &rArr; u8g2_DrawRBox &rArr; u8g2_DrawDisc &rArr; u8g2_draw_disc &rArr; u8g2_draw_disc_section &rArr; u8g2_DrawVLine &rArr; u8g2_DrawHVLine &rArr; u8g2_clip_intersection2
</UL>
<BR>[Calls]<UL><LI><a href="#[a0]">&gt;&gt;</a>&nbsp;&nbsp;&nbsp;u8g2_SetFontMode
<LI><a href="#[a1]">&gt;&gt;</a>&nbsp;&nbsp;&nbsp;u8g2_SetDrawColor
<LI><a href="#[6a]">&gt;&gt;</a>&nbsp;&nbsp;&nbsp;u8g2_DrawStr
<LI><a href="#[6b]">&gt;&gt;</a>&nbsp;&nbsp;&nbsp;u8g2_DrawRBox
</UL>
<BR>[Address Reference Count : 1]<UL><LI> multi_menu.o(.data)
</UL>
<P><STRONG><a name="[b]"></a>fun_b23</STRONG> (Thumb, 110 bytes, Stack size 16 bytes, multi_menu.o(.text))
<BR><BR>[Stack]<UL><LI>Max Depth = 300<LI>Call Chain = fun_b23 &rArr; u8g2_DrawRBox &rArr; u8g2_DrawDisc &rArr; u8g2_draw_disc &rArr; u8g2_draw_disc_section &rArr; u8g2_DrawVLine &rArr; u8g2_DrawHVLine &rArr; u8g2_clip_intersection2
</UL>
<BR>[Calls]<UL><LI><a href="#[a0]">&gt;&gt;</a>&nbsp;&nbsp;&nbsp;u8g2_SetFontMode
<LI><a href="#[a1]">&gt;&gt;</a>&nbsp;&nbsp;&nbsp;u8g2_SetDrawColor
<LI><a href="#[6a]">&gt;&gt;</a>&nbsp;&nbsp;&nbsp;u8g2_DrawStr
<LI><a href="#[6b]">&gt;&gt;</a>&nbsp;&nbsp;&nbsp;u8g2_DrawRBox
</UL>
<BR>[Address Reference Count : 1]<UL><LI> multi_menu.o(.data)
</UL>
<P><STRONG><a name="[c]"></a>fun_b24</STRONG> (Thumb, 110 bytes, Stack size 16 bytes, multi_menu.o(.text))
<BR><BR>[Stack]<UL><LI>Max Depth = 300<LI>Call Chain = fun_b24 &rArr; u8g2_DrawRBox &rArr; u8g2_DrawDisc &rArr; u8g2_draw_disc &rArr; u8g2_draw_disc_section &rArr; u8g2_DrawVLine &rArr; u8g2_DrawHVLine &rArr; u8g2_clip_intersection2
</UL>
<BR>[Calls]<UL><LI><a href="#[a0]">&gt;&gt;</a>&nbsp;&nbsp;&nbsp;u8g2_SetFontMode
<LI><a href="#[a1]">&gt;&gt;</a>&nbsp;&nbsp;&nbsp;u8g2_SetDrawColor
<LI><a href="#[6a]">&gt;&gt;</a>&nbsp;&nbsp;&nbsp;u8g2_DrawStr
<LI><a href="#[6b]">&gt;&gt;</a>&nbsp;&nbsp;&nbsp;u8g2_DrawRBox
</UL>
<BR>[Address Reference Count : 1]<UL><LI> multi_menu.o(.data)
</UL>
<P><STRONG><a name="[d]"></a>fun_c21</STRONG> (Thumb, 110 bytes, Stack size 16 bytes, multi_menu.o(.text))
<BR><BR>[Stack]<UL><LI>Max Depth = 300<LI>Call Chain = fun_c21 &rArr; u8g2_DrawRBox &rArr; u8g2_DrawDisc &rArr; u8g2_draw_disc &rArr; u8g2_draw_disc_section &rArr; u8g2_DrawVLine &rArr; u8g2_DrawHVLine &rArr; u8g2_clip_intersection2
</UL>
<BR>[Calls]<UL><LI><a href="#[a0]">&gt;&gt;</a>&nbsp;&nbsp;&nbsp;u8g2_SetFontMode
<LI><a href="#[a1]">&gt;&gt;</a>&nbsp;&nbsp;&nbsp;u8g2_SetDrawColor
<LI><a href="#[6a]">&gt;&gt;</a>&nbsp;&nbsp;&nbsp;u8g2_DrawStr
<LI><a href="#[6b]">&gt;&gt;</a>&nbsp;&nbsp;&nbsp;u8g2_DrawRBox
</UL>
<BR>[Address Reference Count : 1]<UL><LI> multi_menu.o(.data)
</UL>
<P><STRONG><a name="[e]"></a>fun_c22</STRONG> (Thumb, 110 bytes, Stack size 16 bytes, multi_menu.o(.text))
<BR><BR>[Stack]<UL><LI>Max Depth = 300<LI>Call Chain = fun_c22 &rArr; u8g2_DrawRBox &rArr; u8g2_DrawDisc &rArr; u8g2_draw_disc &rArr; u8g2_draw_disc_section &rArr; u8g2_DrawVLine &rArr; u8g2_DrawHVLine &rArr; u8g2_clip_intersection2
</UL>
<BR>[Calls]<UL><LI><a href="#[a0]">&gt;&gt;</a>&nbsp;&nbsp;&nbsp;u8g2_SetFontMode
<LI><a href="#[a1]">&gt;&gt;</a>&nbsp;&nbsp;&nbsp;u8g2_SetDrawColor
<LI><a href="#[6a]">&gt;&gt;</a>&nbsp;&nbsp;&nbsp;u8g2_DrawStr
<LI><a href="#[6b]">&gt;&gt;</a>&nbsp;&nbsp;&nbsp;u8g2_DrawRBox
</UL>
<BR>[Address Reference Count : 1]<UL><LI> multi_menu.o(.data)
</UL>
<P><STRONG><a name="[f]"></a>fun_c23</STRONG> (Thumb, 110 bytes, Stack size 16 bytes, multi_menu.o(.text))
<BR><BR>[Stack]<UL><LI>Max Depth = 300<LI>Call Chain = fun_c23 &rArr; u8g2_DrawRBox &rArr; u8g2_DrawDisc &rArr; u8g2_draw_disc &rArr; u8g2_draw_disc_section &rArr; u8g2_DrawVLine &rArr; u8g2_DrawHVLine &rArr; u8g2_clip_intersection2
</UL>
<BR>[Calls]<UL><LI><a href="#[a0]">&gt;&gt;</a>&nbsp;&nbsp;&nbsp;u8g2_SetFontMode
<LI><a href="#[a1]">&gt;&gt;</a>&nbsp;&nbsp;&nbsp;u8g2_SetDrawColor
<LI><a href="#[6a]">&gt;&gt;</a>&nbsp;&nbsp;&nbsp;u8g2_DrawStr
<LI><a href="#[6b]">&gt;&gt;</a>&nbsp;&nbsp;&nbsp;u8g2_DrawRBox
</UL>
<BR>[Address Reference Count : 1]<UL><LI> multi_menu.o(.data)
</UL>
<P><STRONG><a name="[10]"></a>fun_c24</STRONG> (Thumb, 110 bytes, Stack size 16 bytes, multi_menu.o(.text))
<BR><BR>[Stack]<UL><LI>Max Depth = 300<LI>Call Chain = fun_c24 &rArr; u8g2_DrawRBox &rArr; u8g2_DrawDisc &rArr; u8g2_draw_disc &rArr; u8g2_draw_disc_section &rArr; u8g2_DrawVLine &rArr; u8g2_DrawHVLine &rArr; u8g2_clip_intersection2
</UL>
<BR>[Calls]<UL><LI><a href="#[a0]">&gt;&gt;</a>&nbsp;&nbsp;&nbsp;u8g2_SetFontMode
<LI><a href="#[a1]">&gt;&gt;</a>&nbsp;&nbsp;&nbsp;u8g2_SetDrawColor
<LI><a href="#[6a]">&gt;&gt;</a>&nbsp;&nbsp;&nbsp;u8g2_DrawStr
<LI><a href="#[6b]">&gt;&gt;</a>&nbsp;&nbsp;&nbsp;u8g2_DrawRBox
</UL>
<BR>[Address Reference Count : 1]<UL><LI> multi_menu.o(.data)
</UL>
<P><STRONG><a name="[11]"></a>fun_a31</STRONG> (Thumb, 2 bytes, Stack size 0 bytes, multi_menu.o(.text))
<BR>[Address Reference Count : 1]<UL><LI> multi_menu.o(.data)
</UL>
<P><STRONG><a name="[12]"></a>fun_a32</STRONG> (Thumb, 2 bytes, Stack size 0 bytes, multi_menu.o(.text))
<BR>[Address Reference Count : 1]<UL><LI> multi_menu.o(.data)
</UL>
<P><STRONG><a name="[13]"></a>fun_a33</STRONG> (Thumb, 6 bytes, Stack size 0 bytes, multi_menu.o(.text))
<BR><BR>[Stack]<UL><LI>Max Depth = 340<LI>Call Chain = fun_a33 &rArr; potenti_show &rArr; u8g2_DrawRBox &rArr; u8g2_DrawDisc &rArr; u8g2_draw_disc &rArr; u8g2_draw_disc_section &rArr; u8g2_DrawVLine &rArr; u8g2_DrawHVLine &rArr; u8g2_clip_intersection2
</UL>
<BR>[Calls]<UL><LI><a href="#[9c]">&gt;&gt;</a>&nbsp;&nbsp;&nbsp;potenti_show
</UL>
<BR>[Address Reference Count : 1]<UL><LI> multi_menu.o(.data)
</UL>
<P><STRONG><a name="[14]"></a>fun_b31</STRONG> (Thumb, 54 bytes, Stack size 8 bytes, multi_menu.o(.text))
<BR><BR>[Stack]<UL><LI>Max Depth = 204<LI>Call Chain = fun_b31 &rArr; u8g2_DrawStr &rArr; u8g2_draw_string &rArr; u8g2_DrawGlyph &rArr; u8g2_font_decode_glyph &rArr; u8g2_font_decode_len &rArr; u8g2_DrawHVLine &rArr; u8g2_clip_intersection2
</UL>
<BR>[Calls]<UL><LI><a href="#[6a]">&gt;&gt;</a>&nbsp;&nbsp;&nbsp;u8g2_DrawStr
</UL>
<BR>[Address Reference Count : 1]<UL><LI> multi_menu.o(.data)
</UL>
<P><STRONG><a name="[15]"></a>fun_b32</STRONG> (Thumb, 162 bytes, Stack size 8 bytes, multi_menu.o(.text))
<BR><BR>[Stack]<UL><LI>Max Depth = 204<LI>Call Chain = fun_b32 &rArr; u8g2_DrawStr &rArr; u8g2_draw_string &rArr; u8g2_DrawGlyph &rArr; u8g2_font_decode_glyph &rArr; u8g2_font_decode_len &rArr; u8g2_DrawHVLine &rArr; u8g2_clip_intersection2
</UL>
<BR>[Calls]<UL><LI><a href="#[6a]">&gt;&gt;</a>&nbsp;&nbsp;&nbsp;u8g2_DrawStr
</UL>
<BR>[Address Reference Count : 1]<UL><LI> multi_menu.o(.data)
</UL>
<P><STRONG><a name="[16]"></a>fun_b33</STRONG> (Thumb, 60 bytes, Stack size 8 bytes, multi_menu.o(.text))
<BR><BR>[Stack]<UL><LI>Max Depth = 204<LI>Call Chain = fun_b33 &rArr; u8g2_DrawStr &rArr; u8g2_draw_string &rArr; u8g2_DrawGlyph &rArr; u8g2_font_decode_glyph &rArr; u8g2_font_decode_len &rArr; u8g2_DrawHVLine &rArr; u8g2_clip_intersection2
</UL>
<BR>[Calls]<UL><LI><a href="#[6a]">&gt;&gt;</a>&nbsp;&nbsp;&nbsp;u8g2_DrawStr
</UL>
<BR>[Address Reference Count : 1]<UL><LI> multi_menu.o(.data)
</UL>
<P><STRONG><a name="[17]"></a>fun_c31</STRONG> (Thumb, 56 bytes, Stack size 8 bytes, multi_menu.o(.text))
<BR><BR>[Stack]<UL><LI>Max Depth = 204<LI>Call Chain = fun_c31 &rArr; u8g2_DrawStr &rArr; u8g2_draw_string &rArr; u8g2_DrawGlyph &rArr; u8g2_font_decode_glyph &rArr; u8g2_font_decode_len &rArr; u8g2_DrawHVLine &rArr; u8g2_clip_intersection2
</UL>
<BR>[Calls]<UL><LI><a href="#[6a]">&gt;&gt;</a>&nbsp;&nbsp;&nbsp;u8g2_DrawStr
</UL>
<BR>[Address Reference Count : 1]<UL><LI> multi_menu.o(.data)
</UL>
<P><STRONG><a name="[18]"></a>fun_c32</STRONG> (Thumb, 14 bytes, Stack size 0 bytes, multi_menu.o(.text))
<BR><BR>[Stack]<UL><LI>Max Depth = 196<LI>Call Chain = fun_c32 &rArr; u8g2_DrawStr &rArr; u8g2_draw_string &rArr; u8g2_DrawGlyph &rArr; u8g2_font_decode_glyph &rArr; u8g2_font_decode_len &rArr; u8g2_DrawHVLine &rArr; u8g2_clip_intersection2
</UL>
<BR>[Calls]<UL><LI><a href="#[6a]">&gt;&gt;</a>&nbsp;&nbsp;&nbsp;u8g2_DrawStr
</UL>
<BR>[Address Reference Count : 1]<UL><LI> multi_menu.o(.data)
</UL>
<P><STRONG><a name="[19]"></a>fun_c33</STRONG> (Thumb, 14 bytes, Stack size 0 bytes, multi_menu.o(.text))
<BR><BR>[Stack]<UL><LI>Max Depth = 196<LI>Call Chain = fun_c33 &rArr; u8g2_DrawStr &rArr; u8g2_draw_string &rArr; u8g2_DrawGlyph &rArr; u8g2_font_decode_glyph &rArr; u8g2_font_decode_len &rArr; u8g2_DrawHVLine &rArr; u8g2_clip_intersection2
</UL>
<BR>[Calls]<UL><LI><a href="#[6a]">&gt;&gt;</a>&nbsp;&nbsp;&nbsp;u8g2_DrawStr
</UL>
<BR>[Address Reference Count : 1]<UL><LI> multi_menu.o(.data)
</UL>
<P><STRONG><a name="[0]"></a>fun_0</STRONG> (Thumb, 50 bytes, Stack size 8 bytes, multi_menu.o(.text))
<BR><BR>[Stack]<UL><LI>Max Depth = 204<LI>Call Chain = fun_0 &rArr; u8g2_DrawStr &rArr; u8g2_draw_string &rArr; u8g2_DrawGlyph &rArr; u8g2_font_decode_glyph &rArr; u8g2_font_decode_len &rArr; u8g2_DrawHVLine &rArr; u8g2_clip_intersection2
</UL>
<BR>[Calls]<UL><LI><a href="#[69]">&gt;&gt;</a>&nbsp;&nbsp;&nbsp;u8g2_SetFont
<LI><a href="#[6a]">&gt;&gt;</a>&nbsp;&nbsp;&nbsp;u8g2_DrawStr
</UL>
<BR>[Address Reference Count : 1]<UL><LI> multi_menu.o(.data)
</UL>
<P><STRONG><a name="[71]"></a>delay_init</STRONG> (Thumb, 46 bytes, Stack size 8 bytes, delay.o(.text))
<BR><BR>[Stack]<UL><LI>Max Depth = 8<LI>Call Chain = delay_init
</UL>
<BR>[Calls]<UL><LI><a href="#[a2]">&gt;&gt;</a>&nbsp;&nbsp;&nbsp;SysTick_CLKSourceConfig
</UL>
<BR>[Called By]<UL><LI><a href="#[4f]">&gt;&gt;</a>&nbsp;&nbsp;&nbsp;main
</UL>

<P><STRONG><a name="[15e]"></a>delay_us</STRONG> (Thumb, 46 bytes, Stack size 0 bytes, delay.o(.text))
<BR><BR>[Called By]<UL><LI><a href="#[15d]">&gt;&gt;</a>&nbsp;&nbsp;&nbsp;u8x8_gpio_and_delay
</UL>

<P><STRONG><a name="[6f]"></a>delay_ms</STRONG> (Thumb, 46 bytes, Stack size 0 bytes, delay.o(.text))
<BR><BR>[Called By]<UL><LI><a href="#[79]">&gt;&gt;</a>&nbsp;&nbsp;&nbsp;RF2G4_KEY_Scan_JX
<LI><a href="#[4f]">&gt;&gt;</a>&nbsp;&nbsp;&nbsp;main
<LI><a href="#[62]">&gt;&gt;</a>&nbsp;&nbsp;&nbsp;startup_UI
<LI><a href="#[15d]">&gt;&gt;</a>&nbsp;&nbsp;&nbsp;u8x8_gpio_and_delay
</UL>

<P><STRONG><a name="[175]"></a>_sys_exit</STRONG> (Thumb, 2 bytes, Stack size 0 bytes, usart.o(.text), UNUSED)

<P><STRONG><a name="[176]"></a>fputc</STRONG> (Thumb, 18 bytes, Stack size 0 bytes, usart.o(.text), UNUSED)

<P><STRONG><a name="[a3]"></a>uart_init</STRONG> (Thumb, 152 bytes, Stack size 40 bytes, usart.o(.text), UNUSED)
<BR><BR>[Calls]<UL><LI><a href="#[a5]">&gt;&gt;</a>&nbsp;&nbsp;&nbsp;USART_Init
<LI><a href="#[a6]">&gt;&gt;</a>&nbsp;&nbsp;&nbsp;USART_ITConfig
<LI><a href="#[a7]">&gt;&gt;</a>&nbsp;&nbsp;&nbsp;USART_Cmd
<LI><a href="#[a4]">&gt;&gt;</a>&nbsp;&nbsp;&nbsp;NVIC_Init
<LI><a href="#[7e]">&gt;&gt;</a>&nbsp;&nbsp;&nbsp;RCC_APB2PeriphClockCmd
<LI><a href="#[7f]">&gt;&gt;</a>&nbsp;&nbsp;&nbsp;GPIO_Init
</UL>

<P><STRONG><a name="[49]"></a>USART1_IRQHandler</STRONG> (Thumb, 88 bytes, Stack size 16 bytes, usart.o(.text))
<BR><BR>[Stack]<UL><LI>Max Depth = 28<LI>Call Chain = USART1_IRQHandler &rArr; USART_GetITStatus
</UL>
<BR>[Calls]<UL><LI><a href="#[a9]">&gt;&gt;</a>&nbsp;&nbsp;&nbsp;USART_ReceiveData
<LI><a href="#[a8]">&gt;&gt;</a>&nbsp;&nbsp;&nbsp;USART_GetITStatus
</UL>
<BR>[Address Reference Count : 1]<UL><LI> startup_stm32f10x_md.o(RESET)
</UL>
<P><STRONG><a name="[1a]"></a>Reset_Handler</STRONG> (Thumb, 8 bytes, Stack size 0 bytes, startup_stm32f10x_md.o(.text))
<BR>[Address Reference Count : 1]<UL><LI> startup_stm32f10x_md.o(RESET)
</UL>
<P><STRONG><a name="[36]"></a>ADC1_2_IRQHandler</STRONG> (Thumb, 0 bytes, Stack size 0 bytes, startup_stm32f10x_md.o(.text))
<BR><BR>[Calls]<UL><LI><a href="#[36]">&gt;&gt;</a>&nbsp;&nbsp;&nbsp;ADC1_2_IRQHandler
</UL>
<BR>[Called By]<UL><LI><a href="#[36]">&gt;&gt;</a>&nbsp;&nbsp;&nbsp;ADC1_2_IRQHandler
</UL>
<BR>[Address Reference Count : 1]<UL><LI> startup_stm32f10x_md.o(RESET)
</UL>
<P><STRONG><a name="[39]"></a>CAN1_RX1_IRQHandler</STRONG> (Thumb, 0 bytes, Stack size 0 bytes, startup_stm32f10x_md.o(.text))
<BR>[Address Reference Count : 1]<UL><LI> startup_stm32f10x_md.o(RESET)
</UL>
<P><STRONG><a name="[3a]"></a>CAN1_SCE_IRQHandler</STRONG> (Thumb, 0 bytes, Stack size 0 bytes, startup_stm32f10x_md.o(.text))
<BR>[Address Reference Count : 1]<UL><LI> startup_stm32f10x_md.o(RESET)
</UL>
<P><STRONG><a name="[2f]"></a>DMA1_Channel1_IRQHandler</STRONG> (Thumb, 0 bytes, Stack size 0 bytes, startup_stm32f10x_md.o(.text))
<BR>[Address Reference Count : 1]<UL><LI> startup_stm32f10x_md.o(RESET)
</UL>
<P><STRONG><a name="[30]"></a>DMA1_Channel2_IRQHandler</STRONG> (Thumb, 0 bytes, Stack size 0 bytes, startup_stm32f10x_md.o(.text))
<BR>[Address Reference Count : 1]<UL><LI> startup_stm32f10x_md.o(RESET)
</UL>
<P><STRONG><a name="[31]"></a>DMA1_Channel3_IRQHandler</STRONG> (Thumb, 0 bytes, Stack size 0 bytes, startup_stm32f10x_md.o(.text))
<BR>[Address Reference Count : 1]<UL><LI> startup_stm32f10x_md.o(RESET)
</UL>
<P><STRONG><a name="[32]"></a>DMA1_Channel4_IRQHandler</STRONG> (Thumb, 0 bytes, Stack size 0 bytes, startup_stm32f10x_md.o(.text))
<BR>[Address Reference Count : 1]<UL><LI> startup_stm32f10x_md.o(RESET)
</UL>
<P><STRONG><a name="[33]"></a>DMA1_Channel5_IRQHandler</STRONG> (Thumb, 0 bytes, Stack size 0 bytes, startup_stm32f10x_md.o(.text))
<BR>[Address Reference Count : 1]<UL><LI> startup_stm32f10x_md.o(RESET)
</UL>
<P><STRONG><a name="[34]"></a>DMA1_Channel6_IRQHandler</STRONG> (Thumb, 0 bytes, Stack size 0 bytes, startup_stm32f10x_md.o(.text))
<BR>[Address Reference Count : 1]<UL><LI> startup_stm32f10x_md.o(RESET)
</UL>
<P><STRONG><a name="[35]"></a>DMA1_Channel7_IRQHandler</STRONG> (Thumb, 0 bytes, Stack size 0 bytes, startup_stm32f10x_md.o(.text))
<BR>[Address Reference Count : 1]<UL><LI> startup_stm32f10x_md.o(RESET)
</UL>
<P><STRONG><a name="[2a]"></a>EXTI0_IRQHandler</STRONG> (Thumb, 0 bytes, Stack size 0 bytes, startup_stm32f10x_md.o(.text))
<BR>[Address Reference Count : 1]<UL><LI> startup_stm32f10x_md.o(RESET)
</UL>
<P><STRONG><a name="[4c]"></a>EXTI15_10_IRQHandler</STRONG> (Thumb, 0 bytes, Stack size 0 bytes, startup_stm32f10x_md.o(.text))
<BR>[Address Reference Count : 1]<UL><LI> startup_stm32f10x_md.o(RESET)
</UL>
<P><STRONG><a name="[2b]"></a>EXTI1_IRQHandler</STRONG> (Thumb, 0 bytes, Stack size 0 bytes, startup_stm32f10x_md.o(.text))
<BR>[Address Reference Count : 1]<UL><LI> startup_stm32f10x_md.o(RESET)
</UL>
<P><STRONG><a name="[2c]"></a>EXTI2_IRQHandler</STRONG> (Thumb, 0 bytes, Stack size 0 bytes, startup_stm32f10x_md.o(.text))
<BR>[Address Reference Count : 1]<UL><LI> startup_stm32f10x_md.o(RESET)
</UL>
<P><STRONG><a name="[2d]"></a>EXTI3_IRQHandler</STRONG> (Thumb, 0 bytes, Stack size 0 bytes, startup_stm32f10x_md.o(.text))
<BR>[Address Reference Count : 1]<UL><LI> startup_stm32f10x_md.o(RESET)
</UL>
<P><STRONG><a name="[2e]"></a>EXTI4_IRQHandler</STRONG> (Thumb, 0 bytes, Stack size 0 bytes, startup_stm32f10x_md.o(.text))
<BR>[Address Reference Count : 1]<UL><LI> startup_stm32f10x_md.o(RESET)
</UL>
<P><STRONG><a name="[3b]"></a>EXTI9_5_IRQHandler</STRONG> (Thumb, 0 bytes, Stack size 0 bytes, startup_stm32f10x_md.o(.text))
<BR>[Address Reference Count : 1]<UL><LI> startup_stm32f10x_md.o(RESET)
</UL>
<P><STRONG><a name="[28]"></a>FLASH_IRQHandler</STRONG> (Thumb, 0 bytes, Stack size 0 bytes, startup_stm32f10x_md.o(.text))
<BR>[Address Reference Count : 1]<UL><LI> startup_stm32f10x_md.o(RESET)
</UL>
<P><STRONG><a name="[44]"></a>I2C1_ER_IRQHandler</STRONG> (Thumb, 0 bytes, Stack size 0 bytes, startup_stm32f10x_md.o(.text))
<BR>[Address Reference Count : 1]<UL><LI> startup_stm32f10x_md.o(RESET)
</UL>
<P><STRONG><a name="[43]"></a>I2C1_EV_IRQHandler</STRONG> (Thumb, 0 bytes, Stack size 0 bytes, startup_stm32f10x_md.o(.text))
<BR>[Address Reference Count : 1]<UL><LI> startup_stm32f10x_md.o(RESET)
</UL>
<P><STRONG><a name="[46]"></a>I2C2_ER_IRQHandler</STRONG> (Thumb, 0 bytes, Stack size 0 bytes, startup_stm32f10x_md.o(.text))
<BR>[Address Reference Count : 1]<UL><LI> startup_stm32f10x_md.o(RESET)
</UL>
<P><STRONG><a name="[45]"></a>I2C2_EV_IRQHandler</STRONG> (Thumb, 0 bytes, Stack size 0 bytes, startup_stm32f10x_md.o(.text))
<BR>[Address Reference Count : 1]<UL><LI> startup_stm32f10x_md.o(RESET)
</UL>
<P><STRONG><a name="[25]"></a>PVD_IRQHandler</STRONG> (Thumb, 0 bytes, Stack size 0 bytes, startup_stm32f10x_md.o(.text))
<BR>[Address Reference Count : 1]<UL><LI> startup_stm32f10x_md.o(RESET)
</UL>
<P><STRONG><a name="[29]"></a>RCC_IRQHandler</STRONG> (Thumb, 0 bytes, Stack size 0 bytes, startup_stm32f10x_md.o(.text))
<BR>[Address Reference Count : 1]<UL><LI> startup_stm32f10x_md.o(RESET)
</UL>
<P><STRONG><a name="[4d]"></a>RTCAlarm_IRQHandler</STRONG> (Thumb, 0 bytes, Stack size 0 bytes, startup_stm32f10x_md.o(.text))
<BR>[Address Reference Count : 1]<UL><LI> startup_stm32f10x_md.o(RESET)
</UL>
<P><STRONG><a name="[27]"></a>RTC_IRQHandler</STRONG> (Thumb, 0 bytes, Stack size 0 bytes, startup_stm32f10x_md.o(.text))
<BR>[Address Reference Count : 1]<UL><LI> startup_stm32f10x_md.o(RESET)
</UL>
<P><STRONG><a name="[47]"></a>SPI1_IRQHandler</STRONG> (Thumb, 0 bytes, Stack size 0 bytes, startup_stm32f10x_md.o(.text))
<BR>[Address Reference Count : 1]<UL><LI> startup_stm32f10x_md.o(RESET)
</UL>
<P><STRONG><a name="[48]"></a>SPI2_IRQHandler</STRONG> (Thumb, 0 bytes, Stack size 0 bytes, startup_stm32f10x_md.o(.text))
<BR>[Address Reference Count : 1]<UL><LI> startup_stm32f10x_md.o(RESET)
</UL>
<P><STRONG><a name="[26]"></a>TAMPER_IRQHandler</STRONG> (Thumb, 0 bytes, Stack size 0 bytes, startup_stm32f10x_md.o(.text))
<BR>[Address Reference Count : 1]<UL><LI> startup_stm32f10x_md.o(RESET)
</UL>
<P><STRONG><a name="[3c]"></a>TIM1_BRK_IRQHandler</STRONG> (Thumb, 0 bytes, Stack size 0 bytes, startup_stm32f10x_md.o(.text))
<BR>[Address Reference Count : 1]<UL><LI> startup_stm32f10x_md.o(RESET)
</UL>
<P><STRONG><a name="[3f]"></a>TIM1_CC_IRQHandler</STRONG> (Thumb, 0 bytes, Stack size 0 bytes, startup_stm32f10x_md.o(.text))
<BR>[Address Reference Count : 1]<UL><LI> startup_stm32f10x_md.o(RESET)
</UL>
<P><STRONG><a name="[3e]"></a>TIM1_TRG_COM_IRQHandler</STRONG> (Thumb, 0 bytes, Stack size 0 bytes, startup_stm32f10x_md.o(.text))
<BR>[Address Reference Count : 1]<UL><LI> startup_stm32f10x_md.o(RESET)
</UL>
<P><STRONG><a name="[3d]"></a>TIM1_UP_IRQHandler</STRONG> (Thumb, 0 bytes, Stack size 0 bytes, startup_stm32f10x_md.o(.text))
<BR>[Address Reference Count : 1]<UL><LI> startup_stm32f10x_md.o(RESET)
</UL>
<P><STRONG><a name="[40]"></a>TIM2_IRQHandler</STRONG> (Thumb, 0 bytes, Stack size 0 bytes, startup_stm32f10x_md.o(.text))
<BR>[Address Reference Count : 1]<UL><LI> startup_stm32f10x_md.o(RESET)
</UL>
<P><STRONG><a name="[41]"></a>TIM3_IRQHandler</STRONG> (Thumb, 0 bytes, Stack size 0 bytes, startup_stm32f10x_md.o(.text))
<BR>[Address Reference Count : 1]<UL><LI> startup_stm32f10x_md.o(RESET)
</UL>
<P><STRONG><a name="[42]"></a>TIM4_IRQHandler</STRONG> (Thumb, 0 bytes, Stack size 0 bytes, startup_stm32f10x_md.o(.text))
<BR>[Address Reference Count : 1]<UL><LI> startup_stm32f10x_md.o(RESET)
</UL>
<P><STRONG><a name="[4a]"></a>USART2_IRQHandler</STRONG> (Thumb, 0 bytes, Stack size 0 bytes, startup_stm32f10x_md.o(.text))
<BR>[Address Reference Count : 1]<UL><LI> startup_stm32f10x_md.o(RESET)
</UL>
<P><STRONG><a name="[4b]"></a>USART3_IRQHandler</STRONG> (Thumb, 0 bytes, Stack size 0 bytes, startup_stm32f10x_md.o(.text))
<BR>[Address Reference Count : 1]<UL><LI> startup_stm32f10x_md.o(RESET)
</UL>
<P><STRONG><a name="[4e]"></a>USBWakeUp_IRQHandler</STRONG> (Thumb, 0 bytes, Stack size 0 bytes, startup_stm32f10x_md.o(.text))
<BR>[Address Reference Count : 1]<UL><LI> startup_stm32f10x_md.o(RESET)
</UL>
<P><STRONG><a name="[37]"></a>USB_HP_CAN1_TX_IRQHandler</STRONG> (Thumb, 0 bytes, Stack size 0 bytes, startup_stm32f10x_md.o(.text))
<BR>[Address Reference Count : 1]<UL><LI> startup_stm32f10x_md.o(RESET)
</UL>
<P><STRONG><a name="[38]"></a>USB_LP_CAN1_RX0_IRQHandler</STRONG> (Thumb, 0 bytes, Stack size 0 bytes, startup_stm32f10x_md.o(.text))
<BR>[Address Reference Count : 1]<UL><LI> startup_stm32f10x_md.o(RESET)
</UL>
<P><STRONG><a name="[24]"></a>WWDG_IRQHandler</STRONG> (Thumb, 0 bytes, Stack size 0 bytes, startup_stm32f10x_md.o(.text))
<BR>[Address Reference Count : 1]<UL><LI> startup_stm32f10x_md.o(RESET)
</UL>
<P><STRONG><a name="[aa]"></a>GPIO_DeInit</STRONG> (Thumb, 152 bytes, Stack size 8 bytes, stm32f10x_gpio.o(.text), UNUSED)
<BR><BR>[Calls]<UL><LI><a href="#[ab]">&gt;&gt;</a>&nbsp;&nbsp;&nbsp;RCC_APB2PeriphResetCmd
</UL>

<P><STRONG><a name="[ac]"></a>GPIO_AFIODeInit</STRONG> (Thumb, 22 bytes, Stack size 8 bytes, stm32f10x_gpio.o(.text), UNUSED)
<BR><BR>[Calls]<UL><LI><a href="#[ab]">&gt;&gt;</a>&nbsp;&nbsp;&nbsp;RCC_APB2PeriphResetCmd
</UL>

<P><STRONG><a name="[7f]"></a>GPIO_Init</STRONG> (Thumb, 164 bytes, Stack size 20 bytes, stm32f10x_gpio.o(.text))
<BR><BR>[Stack]<UL><LI>Max Depth = 20<LI>Call Chain = GPIO_Init
</UL>
<BR>[Called By]<UL><LI><a href="#[a3]">&gt;&gt;</a>&nbsp;&nbsp;&nbsp;uart_init
<LI><a href="#[80]">&gt;&gt;</a>&nbsp;&nbsp;&nbsp;SPI2_Init_JX
<LI><a href="#[75]">&gt;&gt;</a>&nbsp;&nbsp;&nbsp;RF2G4_Init
<LI><a href="#[72]">&gt;&gt;</a>&nbsp;&nbsp;&nbsp;LED_Init
<LI><a href="#[73]">&gt;&gt;</a>&nbsp;&nbsp;&nbsp;KEY_Init_JX
<LI><a href="#[76]">&gt;&gt;</a>&nbsp;&nbsp;&nbsp;IIC_Init
<LI><a href="#[74]">&gt;&gt;</a>&nbsp;&nbsp;&nbsp;AD_Init
</UL>

<P><STRONG><a name="[177]"></a>GPIO_StructInit</STRONG> (Thumb, 16 bytes, Stack size 0 bytes, stm32f10x_gpio.o(.text), UNUSED)

<P><STRONG><a name="[178]"></a>GPIO_ReadInputDataBit</STRONG> (Thumb, 14 bytes, Stack size 0 bytes, stm32f10x_gpio.o(.text), UNUSED)

<P><STRONG><a name="[179]"></a>GPIO_ReadInputData</STRONG> (Thumb, 6 bytes, Stack size 0 bytes, stm32f10x_gpio.o(.text), UNUSED)

<P><STRONG><a name="[17a]"></a>GPIO_ReadOutputDataBit</STRONG> (Thumb, 14 bytes, Stack size 0 bytes, stm32f10x_gpio.o(.text), UNUSED)

<P><STRONG><a name="[17b]"></a>GPIO_ReadOutputData</STRONG> (Thumb, 6 bytes, Stack size 0 bytes, stm32f10x_gpio.o(.text), UNUSED)

<P><STRONG><a name="[7c]"></a>GPIO_SetBits</STRONG> (Thumb, 4 bytes, Stack size 0 bytes, stm32f10x_gpio.o(.text))
<BR><BR>[Called By]<UL><LI><a href="#[80]">&gt;&gt;</a>&nbsp;&nbsp;&nbsp;SPI2_Init_JX
<LI><a href="#[72]">&gt;&gt;</a>&nbsp;&nbsp;&nbsp;LED_Init
<LI><a href="#[4f]">&gt;&gt;</a>&nbsp;&nbsp;&nbsp;main
<LI><a href="#[15d]">&gt;&gt;</a>&nbsp;&nbsp;&nbsp;u8x8_gpio_and_delay
</UL>

<P><STRONG><a name="[7b]"></a>GPIO_ResetBits</STRONG> (Thumb, 4 bytes, Stack size 0 bytes, stm32f10x_gpio.o(.text))
<BR><BR>[Called By]<UL><LI><a href="#[75]">&gt;&gt;</a>&nbsp;&nbsp;&nbsp;RF2G4_Init
<LI><a href="#[72]">&gt;&gt;</a>&nbsp;&nbsp;&nbsp;LED_Init
<LI><a href="#[4f]">&gt;&gt;</a>&nbsp;&nbsp;&nbsp;main
<LI><a href="#[15d]">&gt;&gt;</a>&nbsp;&nbsp;&nbsp;u8x8_gpio_and_delay
</UL>

<P><STRONG><a name="[17c]"></a>GPIO_WriteBit</STRONG> (Thumb, 10 bytes, Stack size 0 bytes, stm32f10x_gpio.o(.text), UNUSED)

<P><STRONG><a name="[17d]"></a>GPIO_Write</STRONG> (Thumb, 4 bytes, Stack size 0 bytes, stm32f10x_gpio.o(.text), UNUSED)

<P><STRONG><a name="[17e]"></a>GPIO_PinLockConfig</STRONG> (Thumb, 16 bytes, Stack size 0 bytes, stm32f10x_gpio.o(.text), UNUSED)

<P><STRONG><a name="[17f]"></a>GPIO_EventOutputConfig</STRONG> (Thumb, 22 bytes, Stack size 8 bytes, stm32f10x_gpio.o(.text), UNUSED)

<P><STRONG><a name="[180]"></a>GPIO_EventOutputCmd</STRONG> (Thumb, 6 bytes, Stack size 0 bytes, stm32f10x_gpio.o(.text), UNUSED)

<P><STRONG><a name="[181]"></a>GPIO_PinRemapConfig</STRONG> (Thumb, 82 bytes, Stack size 20 bytes, stm32f10x_gpio.o(.text), UNUSED)

<P><STRONG><a name="[182]"></a>GPIO_EXTILineConfig</STRONG> (Thumb, 34 bytes, Stack size 8 bytes, stm32f10x_gpio.o(.text), UNUSED)

<P><STRONG><a name="[183]"></a>GPIO_ETH_MediaInterfaceConfig</STRONG> (Thumb, 8 bytes, Stack size 0 bytes, stm32f10x_gpio.o(.text), UNUSED)

<P><STRONG><a name="[184]"></a>RCC_DeInit</STRONG> (Thumb, 50 bytes, Stack size 0 bytes, stm32f10x_rcc.o(.text), UNUSED)

<P><STRONG><a name="[185]"></a>RCC_HSEConfig</STRONG> (Thumb, 48 bytes, Stack size 0 bytes, stm32f10x_rcc.o(.text), UNUSED)

<P><STRONG><a name="[ae]"></a>RCC_GetFlagStatus</STRONG> (Thumb, 42 bytes, Stack size 0 bytes, stm32f10x_rcc.o(.text), UNUSED)
<BR><BR>[Called By]<UL><LI><a href="#[ad]">&gt;&gt;</a>&nbsp;&nbsp;&nbsp;RCC_WaitForHSEStartUp
</UL>

<P><STRONG><a name="[ad]"></a>RCC_WaitForHSEStartUp</STRONG> (Thumb, 44 bytes, Stack size 12 bytes, stm32f10x_rcc.o(.text), UNUSED)
<BR><BR>[Calls]<UL><LI><a href="#[ae]">&gt;&gt;</a>&nbsp;&nbsp;&nbsp;RCC_GetFlagStatus
</UL>

<P><STRONG><a name="[186]"></a>RCC_AdjustHSICalibrationValue</STRONG> (Thumb, 16 bytes, Stack size 0 bytes, stm32f10x_rcc.o(.text), UNUSED)

<P><STRONG><a name="[187]"></a>RCC_HSICmd</STRONG> (Thumb, 6 bytes, Stack size 0 bytes, stm32f10x_rcc.o(.text), UNUSED)

<P><STRONG><a name="[188]"></a>RCC_PLLConfig</STRONG> (Thumb, 16 bytes, Stack size 0 bytes, stm32f10x_rcc.o(.text), UNUSED)

<P><STRONG><a name="[189]"></a>RCC_PLLCmd</STRONG> (Thumb, 6 bytes, Stack size 0 bytes, stm32f10x_rcc.o(.text), UNUSED)

<P><STRONG><a name="[18a]"></a>RCC_SYSCLKConfig</STRONG> (Thumb, 14 bytes, Stack size 0 bytes, stm32f10x_rcc.o(.text), UNUSED)

<P><STRONG><a name="[18b]"></a>RCC_GetSYSCLKSource</STRONG> (Thumb, 10 bytes, Stack size 0 bytes, stm32f10x_rcc.o(.text), UNUSED)

<P><STRONG><a name="[18c]"></a>RCC_HCLKConfig</STRONG> (Thumb, 14 bytes, Stack size 0 bytes, stm32f10x_rcc.o(.text), UNUSED)

<P><STRONG><a name="[18d]"></a>RCC_PCLK1Config</STRONG> (Thumb, 14 bytes, Stack size 0 bytes, stm32f10x_rcc.o(.text), UNUSED)

<P><STRONG><a name="[18e]"></a>RCC_PCLK2Config</STRONG> (Thumb, 16 bytes, Stack size 0 bytes, stm32f10x_rcc.o(.text), UNUSED)

<P><STRONG><a name="[18f]"></a>RCC_ITConfig</STRONG> (Thumb, 18 bytes, Stack size 0 bytes, stm32f10x_rcc.o(.text), UNUSED)

<P><STRONG><a name="[190]"></a>RCC_USBCLKConfig</STRONG> (Thumb, 8 bytes, Stack size 0 bytes, stm32f10x_rcc.o(.text), UNUSED)

<P><STRONG><a name="[90]"></a>RCC_ADCCLKConfig</STRONG> (Thumb, 14 bytes, Stack size 0 bytes, stm32f10x_rcc.o(.text))
<BR><BR>[Called By]<UL><LI><a href="#[74]">&gt;&gt;</a>&nbsp;&nbsp;&nbsp;AD_Init
</UL>

<P><STRONG><a name="[191]"></a>RCC_LSEConfig</STRONG> (Thumb, 28 bytes, Stack size 0 bytes, stm32f10x_rcc.o(.text), UNUSED)

<P><STRONG><a name="[192]"></a>RCC_LSICmd</STRONG> (Thumb, 6 bytes, Stack size 0 bytes, stm32f10x_rcc.o(.text), UNUSED)

<P><STRONG><a name="[193]"></a>RCC_RTCCLKConfig</STRONG> (Thumb, 10 bytes, Stack size 0 bytes, stm32f10x_rcc.o(.text), UNUSED)

<P><STRONG><a name="[194]"></a>RCC_RTCCLKCmd</STRONG> (Thumb, 8 bytes, Stack size 0 bytes, stm32f10x_rcc.o(.text), UNUSED)

<P><STRONG><a name="[b1]"></a>RCC_GetClocksFreq</STRONG> (Thumb, 128 bytes, Stack size 12 bytes, stm32f10x_rcc.o(.text), UNUSED)
<BR><BR>[Called By]<UL><LI><a href="#[a5]">&gt;&gt;</a>&nbsp;&nbsp;&nbsp;USART_Init
<LI><a href="#[b4]">&gt;&gt;</a>&nbsp;&nbsp;&nbsp;I2S_Init
</UL>

<P><STRONG><a name="[8f]"></a>RCC_AHBPeriphClockCmd</STRONG> (Thumb, 18 bytes, Stack size 0 bytes, stm32f10x_rcc.o(.text))
<BR><BR>[Called By]<UL><LI><a href="#[74]">&gt;&gt;</a>&nbsp;&nbsp;&nbsp;AD_Init
</UL>

<P><STRONG><a name="[7e]"></a>RCC_APB2PeriphClockCmd</STRONG> (Thumb, 18 bytes, Stack size 0 bytes, stm32f10x_rcc.o(.text))
<BR><BR>[Called By]<UL><LI><a href="#[a3]">&gt;&gt;</a>&nbsp;&nbsp;&nbsp;uart_init
<LI><a href="#[80]">&gt;&gt;</a>&nbsp;&nbsp;&nbsp;SPI2_Init_JX
<LI><a href="#[75]">&gt;&gt;</a>&nbsp;&nbsp;&nbsp;RF2G4_Init
<LI><a href="#[72]">&gt;&gt;</a>&nbsp;&nbsp;&nbsp;LED_Init
<LI><a href="#[73]">&gt;&gt;</a>&nbsp;&nbsp;&nbsp;KEY_Init_JX
<LI><a href="#[76]">&gt;&gt;</a>&nbsp;&nbsp;&nbsp;IIC_Init
<LI><a href="#[74]">&gt;&gt;</a>&nbsp;&nbsp;&nbsp;AD_Init
</UL>

<P><STRONG><a name="[8c]"></a>RCC_APB1PeriphClockCmd</STRONG> (Thumb, 18 bytes, Stack size 0 bytes, stm32f10x_rcc.o(.text))
<BR><BR>[Called By]<UL><LI><a href="#[80]">&gt;&gt;</a>&nbsp;&nbsp;&nbsp;SPI2_Init_JX
</UL>

<P><STRONG><a name="[ab]"></a>RCC_APB2PeriphResetCmd</STRONG> (Thumb, 18 bytes, Stack size 0 bytes, stm32f10x_rcc.o(.text), UNUSED)
<BR><BR>[Called By]<UL><LI><a href="#[b2]">&gt;&gt;</a>&nbsp;&nbsp;&nbsp;ADC_DeInit
<LI><a href="#[af]">&gt;&gt;</a>&nbsp;&nbsp;&nbsp;USART_DeInit
<LI><a href="#[ac]">&gt;&gt;</a>&nbsp;&nbsp;&nbsp;GPIO_AFIODeInit
<LI><a href="#[aa]">&gt;&gt;</a>&nbsp;&nbsp;&nbsp;GPIO_DeInit
<LI><a href="#[b3]">&gt;&gt;</a>&nbsp;&nbsp;&nbsp;SPI_I2S_DeInit
</UL>

<P><STRONG><a name="[b0]"></a>RCC_APB1PeriphResetCmd</STRONG> (Thumb, 18 bytes, Stack size 0 bytes, stm32f10x_rcc.o(.text), UNUSED)
<BR><BR>[Called By]<UL><LI><a href="#[af]">&gt;&gt;</a>&nbsp;&nbsp;&nbsp;USART_DeInit
<LI><a href="#[b3]">&gt;&gt;</a>&nbsp;&nbsp;&nbsp;SPI_I2S_DeInit
</UL>

<P><STRONG><a name="[195]"></a>RCC_BackupResetCmd</STRONG> (Thumb, 8 bytes, Stack size 0 bytes, stm32f10x_rcc.o(.text), UNUSED)

<P><STRONG><a name="[196]"></a>RCC_ClockSecuritySystemCmd</STRONG> (Thumb, 6 bytes, Stack size 0 bytes, stm32f10x_rcc.o(.text), UNUSED)

<P><STRONG><a name="[197]"></a>RCC_MCOConfig</STRONG> (Thumb, 6 bytes, Stack size 0 bytes, stm32f10x_rcc.o(.text), UNUSED)

<P><STRONG><a name="[198]"></a>RCC_ClearFlag</STRONG> (Thumb, 12 bytes, Stack size 0 bytes, stm32f10x_rcc.o(.text), UNUSED)

<P><STRONG><a name="[199]"></a>RCC_GetITStatus</STRONG> (Thumb, 16 bytes, Stack size 0 bytes, stm32f10x_rcc.o(.text), UNUSED)

<P><STRONG><a name="[19a]"></a>RCC_ClearITPendingBit</STRONG> (Thumb, 6 bytes, Stack size 0 bytes, stm32f10x_rcc.o(.text), UNUSED)

<P><STRONG><a name="[af]"></a>USART_DeInit</STRONG> (Thumb, 96 bytes, Stack size 8 bytes, stm32f10x_usart.o(.text), UNUSED)
<BR><BR>[Calls]<UL><LI><a href="#[b0]">&gt;&gt;</a>&nbsp;&nbsp;&nbsp;RCC_APB1PeriphResetCmd
<LI><a href="#[ab]">&gt;&gt;</a>&nbsp;&nbsp;&nbsp;RCC_APB2PeriphResetCmd
</UL>

<P><STRONG><a name="[a5]"></a>USART_Init</STRONG> (Thumb, 166 bytes, Stack size 32 bytes, stm32f10x_usart.o(.text), UNUSED)
<BR><BR>[Calls]<UL><LI><a href="#[b1]">&gt;&gt;</a>&nbsp;&nbsp;&nbsp;RCC_GetClocksFreq
</UL>
<BR>[Called By]<UL><LI><a href="#[a3]">&gt;&gt;</a>&nbsp;&nbsp;&nbsp;uart_init
</UL>

<P><STRONG><a name="[19b]"></a>USART_StructInit</STRONG> (Thumb, 22 bytes, Stack size 0 bytes, stm32f10x_usart.o(.text), UNUSED)

<P><STRONG><a name="[19c]"></a>USART_ClockInit</STRONG> (Thumb, 30 bytes, Stack size 8 bytes, stm32f10x_usart.o(.text), UNUSED)

<P><STRONG><a name="[19d]"></a>USART_ClockStructInit</STRONG> (Thumb, 12 bytes, Stack size 0 bytes, stm32f10x_usart.o(.text), UNUSED)

<P><STRONG><a name="[a7]"></a>USART_Cmd</STRONG> (Thumb, 20 bytes, Stack size 0 bytes, stm32f10x_usart.o(.text), UNUSED)
<BR><BR>[Called By]<UL><LI><a href="#[a3]">&gt;&gt;</a>&nbsp;&nbsp;&nbsp;uart_init
</UL>

<P><STRONG><a name="[a6]"></a>USART_ITConfig</STRONG> (Thumb, 48 bytes, Stack size 8 bytes, stm32f10x_usart.o(.text), UNUSED)
<BR><BR>[Called By]<UL><LI><a href="#[a3]">&gt;&gt;</a>&nbsp;&nbsp;&nbsp;uart_init
</UL>

<P><STRONG><a name="[19e]"></a>USART_DMACmd</STRONG> (Thumb, 16 bytes, Stack size 0 bytes, stm32f10x_usart.o(.text), UNUSED)

<P><STRONG><a name="[19f]"></a>USART_SetAddress</STRONG> (Thumb, 16 bytes, Stack size 0 bytes, stm32f10x_usart.o(.text), UNUSED)

<P><STRONG><a name="[1a0]"></a>USART_WakeUpConfig</STRONG> (Thumb, 16 bytes, Stack size 0 bytes, stm32f10x_usart.o(.text), UNUSED)

<P><STRONG><a name="[1a1]"></a>USART_ReceiverWakeUpCmd</STRONG> (Thumb, 20 bytes, Stack size 0 bytes, stm32f10x_usart.o(.text), UNUSED)

<P><STRONG><a name="[1a2]"></a>USART_LINBreakDetectLengthConfig</STRONG> (Thumb, 16 bytes, Stack size 0 bytes, stm32f10x_usart.o(.text), UNUSED)

<P><STRONG><a name="[1a3]"></a>USART_LINCmd</STRONG> (Thumb, 20 bytes, Stack size 0 bytes, stm32f10x_usart.o(.text), UNUSED)

<P><STRONG><a name="[1a4]"></a>USART_SendData</STRONG> (Thumb, 8 bytes, Stack size 0 bytes, stm32f10x_usart.o(.text), UNUSED)

<P><STRONG><a name="[a9]"></a>USART_ReceiveData</STRONG> (Thumb, 8 bytes, Stack size 0 bytes, stm32f10x_usart.o(.text))
<BR><BR>[Called By]<UL><LI><a href="#[49]">&gt;&gt;</a>&nbsp;&nbsp;&nbsp;USART1_IRQHandler
</UL>

<P><STRONG><a name="[1a5]"></a>USART_SendBreak</STRONG> (Thumb, 10 bytes, Stack size 0 bytes, stm32f10x_usart.o(.text), UNUSED)

<P><STRONG><a name="[1a6]"></a>USART_SetGuardTime</STRONG> (Thumb, 16 bytes, Stack size 0 bytes, stm32f10x_usart.o(.text), UNUSED)

<P><STRONG><a name="[1a7]"></a>USART_SetPrescaler</STRONG> (Thumb, 16 bytes, Stack size 0 bytes, stm32f10x_usart.o(.text), UNUSED)

<P><STRONG><a name="[1a8]"></a>USART_SmartCardCmd</STRONG> (Thumb, 20 bytes, Stack size 0 bytes, stm32f10x_usart.o(.text), UNUSED)

<P><STRONG><a name="[1a9]"></a>USART_SmartCardNACKCmd</STRONG> (Thumb, 20 bytes, Stack size 0 bytes, stm32f10x_usart.o(.text), UNUSED)

<P><STRONG><a name="[1aa]"></a>USART_HalfDuplexCmd</STRONG> (Thumb, 20 bytes, Stack size 0 bytes, stm32f10x_usart.o(.text), UNUSED)

<P><STRONG><a name="[1ab]"></a>USART_OverSampling8Cmd</STRONG> (Thumb, 20 bytes, Stack size 0 bytes, stm32f10x_usart.o(.text), UNUSED)

<P><STRONG><a name="[1ac]"></a>USART_OneBitMethodCmd</STRONG> (Thumb, 20 bytes, Stack size 0 bytes, stm32f10x_usart.o(.text), UNUSED)

<P><STRONG><a name="[1ad]"></a>USART_IrDAConfig</STRONG> (Thumb, 16 bytes, Stack size 0 bytes, stm32f10x_usart.o(.text), UNUSED)

<P><STRONG><a name="[1ae]"></a>USART_IrDACmd</STRONG> (Thumb, 20 bytes, Stack size 0 bytes, stm32f10x_usart.o(.text), UNUSED)

<P><STRONG><a name="[1af]"></a>USART_GetFlagStatus</STRONG> (Thumb, 14 bytes, Stack size 0 bytes, stm32f10x_usart.o(.text), UNUSED)

<P><STRONG><a name="[1b0]"></a>USART_ClearFlag</STRONG> (Thumb, 6 bytes, Stack size 0 bytes, stm32f10x_usart.o(.text), UNUSED)

<P><STRONG><a name="[a8]"></a>USART_GetITStatus</STRONG> (Thumb, 62 bytes, Stack size 12 bytes, stm32f10x_usart.o(.text))
<BR><BR>[Stack]<UL><LI>Max Depth = 12<LI>Call Chain = USART_GetITStatus
</UL>
<BR>[Called By]<UL><LI><a href="#[49]">&gt;&gt;</a>&nbsp;&nbsp;&nbsp;USART1_IRQHandler
</UL>

<P><STRONG><a name="[1b1]"></a>USART_ClearITPendingBit</STRONG> (Thumb, 12 bytes, Stack size 0 bytes, stm32f10x_usart.o(.text), UNUSED)

<P><STRONG><a name="[b2]"></a>ADC_DeInit</STRONG> (Thumb, 56 bytes, Stack size 8 bytes, stm32f10x_adc.o(.text), UNUSED)
<BR><BR>[Calls]<UL><LI><a href="#[ab]">&gt;&gt;</a>&nbsp;&nbsp;&nbsp;RCC_APB2PeriphResetCmd
</UL>

<P><STRONG><a name="[92]"></a>ADC_Init</STRONG> (Thumb, 62 bytes, Stack size 8 bytes, stm32f10x_adc.o(.text))
<BR><BR>[Stack]<UL><LI>Max Depth = 8<LI>Call Chain = ADC_Init
</UL>
<BR>[Called By]<UL><LI><a href="#[74]">&gt;&gt;</a>&nbsp;&nbsp;&nbsp;AD_Init
</UL>

<P><STRONG><a name="[1b2]"></a>ADC_StructInit</STRONG> (Thumb, 18 bytes, Stack size 0 bytes, stm32f10x_adc.o(.text), UNUSED)

<P><STRONG><a name="[96]"></a>ADC_Cmd</STRONG> (Thumb, 20 bytes, Stack size 0 bytes, stm32f10x_adc.o(.text))
<BR><BR>[Called By]<UL><LI><a href="#[74]">&gt;&gt;</a>&nbsp;&nbsp;&nbsp;AD_Init
</UL>

<P><STRONG><a name="[95]"></a>ADC_DMACmd</STRONG> (Thumb, 20 bytes, Stack size 0 bytes, stm32f10x_adc.o(.text))
<BR><BR>[Called By]<UL><LI><a href="#[74]">&gt;&gt;</a>&nbsp;&nbsp;&nbsp;AD_Init
</UL>

<P><STRONG><a name="[1b3]"></a>ADC_ITConfig</STRONG> (Thumb, 18 bytes, Stack size 0 bytes, stm32f10x_adc.o(.text), UNUSED)

<P><STRONG><a name="[97]"></a>ADC_ResetCalibration</STRONG> (Thumb, 10 bytes, Stack size 0 bytes, stm32f10x_adc.o(.text))
<BR><BR>[Called By]<UL><LI><a href="#[74]">&gt;&gt;</a>&nbsp;&nbsp;&nbsp;AD_Init
</UL>

<P><STRONG><a name="[98]"></a>ADC_GetResetCalibrationStatus</STRONG> (Thumb, 14 bytes, Stack size 0 bytes, stm32f10x_adc.o(.text))
<BR><BR>[Called By]<UL><LI><a href="#[74]">&gt;&gt;</a>&nbsp;&nbsp;&nbsp;AD_Init
</UL>

<P><STRONG><a name="[99]"></a>ADC_StartCalibration</STRONG> (Thumb, 10 bytes, Stack size 0 bytes, stm32f10x_adc.o(.text))
<BR><BR>[Called By]<UL><LI><a href="#[74]">&gt;&gt;</a>&nbsp;&nbsp;&nbsp;AD_Init
</UL>

<P><STRONG><a name="[9a]"></a>ADC_GetCalibrationStatus</STRONG> (Thumb, 14 bytes, Stack size 0 bytes, stm32f10x_adc.o(.text))
<BR><BR>[Called By]<UL><LI><a href="#[74]">&gt;&gt;</a>&nbsp;&nbsp;&nbsp;AD_Init
</UL>

<P><STRONG><a name="[9b]"></a>ADC_SoftwareStartConvCmd</STRONG> (Thumb, 20 bytes, Stack size 0 bytes, stm32f10x_adc.o(.text))
<BR><BR>[Called By]<UL><LI><a href="#[74]">&gt;&gt;</a>&nbsp;&nbsp;&nbsp;AD_Init
</UL>

<P><STRONG><a name="[1b4]"></a>ADC_GetSoftwareStartConvStatus</STRONG> (Thumb, 14 bytes, Stack size 0 bytes, stm32f10x_adc.o(.text), UNUSED)

<P><STRONG><a name="[1b5]"></a>ADC_DiscModeChannelCountConfig</STRONG> (Thumb, 16 bytes, Stack size 0 bytes, stm32f10x_adc.o(.text), UNUSED)

<P><STRONG><a name="[1b6]"></a>ADC_DiscModeCmd</STRONG> (Thumb, 20 bytes, Stack size 0 bytes, stm32f10x_adc.o(.text), UNUSED)

<P><STRONG><a name="[91]"></a>ADC_RegularChannelConfig</STRONG> (Thumb, 116 bytes, Stack size 16 bytes, stm32f10x_adc.o(.text))
<BR><BR>[Stack]<UL><LI>Max Depth = 16<LI>Call Chain = ADC_RegularChannelConfig
</UL>
<BR>[Called By]<UL><LI><a href="#[74]">&gt;&gt;</a>&nbsp;&nbsp;&nbsp;AD_Init
</UL>

<P><STRONG><a name="[1b7]"></a>ADC_ExternalTrigConvCmd</STRONG> (Thumb, 20 bytes, Stack size 0 bytes, stm32f10x_adc.o(.text), UNUSED)

<P><STRONG><a name="[1b8]"></a>ADC_GetConversionValue</STRONG> (Thumb, 6 bytes, Stack size 0 bytes, stm32f10x_adc.o(.text), UNUSED)

<P><STRONG><a name="[1b9]"></a>ADC_GetDualModeConversionValue</STRONG> (Thumb, 8 bytes, Stack size 0 bytes, stm32f10x_adc.o(.text), UNUSED)

<P><STRONG><a name="[1ba]"></a>ADC_AutoInjectedConvCmd</STRONG> (Thumb, 20 bytes, Stack size 0 bytes, stm32f10x_adc.o(.text), UNUSED)

<P><STRONG><a name="[1bb]"></a>ADC_InjectedDiscModeCmd</STRONG> (Thumb, 20 bytes, Stack size 0 bytes, stm32f10x_adc.o(.text), UNUSED)

<P><STRONG><a name="[1bc]"></a>ADC_ExternalTrigInjectedConvConfig</STRONG> (Thumb, 12 bytes, Stack size 0 bytes, stm32f10x_adc.o(.text), UNUSED)

<P><STRONG><a name="[1bd]"></a>ADC_ExternalTrigInjectedConvCmd</STRONG> (Thumb, 20 bytes, Stack size 0 bytes, stm32f10x_adc.o(.text), UNUSED)

<P><STRONG><a name="[1be]"></a>ADC_SoftwareStartInjectedConvCmd</STRONG> (Thumb, 20 bytes, Stack size 0 bytes, stm32f10x_adc.o(.text), UNUSED)

<P><STRONG><a name="[1bf]"></a>ADC_GetSoftwareStartInjectedConvCmdStatus</STRONG> (Thumb, 14 bytes, Stack size 0 bytes, stm32f10x_adc.o(.text), UNUSED)

<P><STRONG><a name="[1c0]"></a>ADC_InjectedChannelConfig</STRONG> (Thumb, 74 bytes, Stack size 16 bytes, stm32f10x_adc.o(.text), UNUSED)

<P><STRONG><a name="[1c1]"></a>ADC_InjectedSequencerLengthConfig</STRONG> (Thumb, 16 bytes, Stack size 0 bytes, stm32f10x_adc.o(.text), UNUSED)

<P><STRONG><a name="[1c2]"></a>ADC_SetInjectedOffset</STRONG> (Thumb, 10 bytes, Stack size 8 bytes, stm32f10x_adc.o(.text), UNUSED)

<P><STRONG><a name="[1c3]"></a>ADC_GetInjectedConversionValue</STRONG> (Thumb, 14 bytes, Stack size 8 bytes, stm32f10x_adc.o(.text), UNUSED)

<P><STRONG><a name="[1c4]"></a>ADC_AnalogWatchdogCmd</STRONG> (Thumb, 12 bytes, Stack size 0 bytes, stm32f10x_adc.o(.text), UNUSED)

<P><STRONG><a name="[1c5]"></a>ADC_AnalogWatchdogThresholdsConfig</STRONG> (Thumb, 6 bytes, Stack size 0 bytes, stm32f10x_adc.o(.text), UNUSED)

<P><STRONG><a name="[1c6]"></a>ADC_AnalogWatchdogSingleChannelConfig</STRONG> (Thumb, 12 bytes, Stack size 0 bytes, stm32f10x_adc.o(.text), UNUSED)

<P><STRONG><a name="[1c7]"></a>ADC_TempSensorVrefintCmd</STRONG> (Thumb, 24 bytes, Stack size 0 bytes, stm32f10x_adc.o(.text), UNUSED)

<P><STRONG><a name="[1c8]"></a>ADC_GetFlagStatus</STRONG> (Thumb, 14 bytes, Stack size 0 bytes, stm32f10x_adc.o(.text), UNUSED)

<P><STRONG><a name="[1c9]"></a>ADC_ClearFlag</STRONG> (Thumb, 6 bytes, Stack size 0 bytes, stm32f10x_adc.o(.text), UNUSED)

<P><STRONG><a name="[1ca]"></a>ADC_GetITStatus</STRONG> (Thumb, 28 bytes, Stack size 8 bytes, stm32f10x_adc.o(.text), UNUSED)

<P><STRONG><a name="[1cb]"></a>ADC_ClearITPendingBit</STRONG> (Thumb, 8 bytes, Stack size 0 bytes, stm32f10x_adc.o(.text), UNUSED)

<P><STRONG><a name="[1cc]"></a>DMA_DeInit</STRONG> (Thumb, 218 bytes, Stack size 0 bytes, stm32f10x_dma.o(.text), UNUSED)

<P><STRONG><a name="[93]"></a>DMA_Init</STRONG> (Thumb, 58 bytes, Stack size 12 bytes, stm32f10x_dma.o(.text))
<BR><BR>[Stack]<UL><LI>Max Depth = 12<LI>Call Chain = DMA_Init
</UL>
<BR>[Called By]<UL><LI><a href="#[74]">&gt;&gt;</a>&nbsp;&nbsp;&nbsp;AD_Init
</UL>

<P><STRONG><a name="[1cd]"></a>DMA_StructInit</STRONG> (Thumb, 26 bytes, Stack size 0 bytes, stm32f10x_dma.o(.text), UNUSED)

<P><STRONG><a name="[94]"></a>DMA_Cmd</STRONG> (Thumb, 22 bytes, Stack size 0 bytes, stm32f10x_dma.o(.text))
<BR><BR>[Called By]<UL><LI><a href="#[74]">&gt;&gt;</a>&nbsp;&nbsp;&nbsp;AD_Init
</UL>

<P><STRONG><a name="[1ce]"></a>DMA_ITConfig</STRONG> (Thumb, 16 bytes, Stack size 0 bytes, stm32f10x_dma.o(.text), UNUSED)

<P><STRONG><a name="[1cf]"></a>DMA_SetCurrDataCounter</STRONG> (Thumb, 4 bytes, Stack size 0 bytes, stm32f10x_dma.o(.text), UNUSED)

<P><STRONG><a name="[1d0]"></a>DMA_GetCurrDataCounter</STRONG> (Thumb, 6 bytes, Stack size 0 bytes, stm32f10x_dma.o(.text), UNUSED)

<P><STRONG><a name="[1d1]"></a>DMA_GetFlagStatus</STRONG> (Thumb, 28 bytes, Stack size 0 bytes, stm32f10x_dma.o(.text), UNUSED)

<P><STRONG><a name="[1d2]"></a>DMA_ClearFlag</STRONG> (Thumb, 20 bytes, Stack size 0 bytes, stm32f10x_dma.o(.text), UNUSED)

<P><STRONG><a name="[1d3]"></a>DMA_GetITStatus</STRONG> (Thumb, 28 bytes, Stack size 0 bytes, stm32f10x_dma.o(.text), UNUSED)

<P><STRONG><a name="[1d4]"></a>DMA_ClearITPendingBit</STRONG> (Thumb, 20 bytes, Stack size 0 bytes, stm32f10x_dma.o(.text), UNUSED)

<P><STRONG><a name="[b3]"></a>SPI_I2S_DeInit</STRONG> (Thumb, 72 bytes, Stack size 8 bytes, stm32f10x_spi.o(.text), UNUSED)
<BR><BR>[Calls]<UL><LI><a href="#[b0]">&gt;&gt;</a>&nbsp;&nbsp;&nbsp;RCC_APB1PeriphResetCmd
<LI><a href="#[ab]">&gt;&gt;</a>&nbsp;&nbsp;&nbsp;RCC_APB2PeriphResetCmd
</UL>

<P><STRONG><a name="[8d]"></a>SPI_Init</STRONG> (Thumb, 56 bytes, Stack size 12 bytes, stm32f10x_spi.o(.text))
<BR><BR>[Stack]<UL><LI>Max Depth = 12<LI>Call Chain = SPI_Init
</UL>
<BR>[Called By]<UL><LI><a href="#[80]">&gt;&gt;</a>&nbsp;&nbsp;&nbsp;SPI2_Init_JX
</UL>

[...]

<P><STRONG><a name="[1ff]"></a>_ll_ushift_r</STRONG> (Thumb, 0 bytes, Stack size 0 bytes, llushr.o(.text), UNUSED)

<P><STRONG><a name="[200]"></a>__I$use$fp</STRONG> (Thumb, 0 bytes, Stack size 8 bytes, iusefp.o(.text), UNUSED)

<P><STRONG><a name="[164]"></a>_double_round</STRONG> (Thumb, 30 bytes, Stack size 8 bytes, depilogue.o(.text))
<BR><BR>[Stack]<UL><LI>Max Depth = 8<LI>Call Chain = _double_round
</UL>
<BR>[Called By]<UL><LI><a href="#[65]">&gt;&gt;</a>&nbsp;&nbsp;&nbsp;__aeabi_ddiv
<LI><a href="#[163]">&gt;&gt;</a>&nbsp;&nbsp;&nbsp;_double_epilogue
</UL>

<P><STRONG><a name="[163]"></a>_double_epilogue</STRONG> (Thumb, 156 bytes, Stack size 32 bytes, depilogue.o(.text))
<BR><BR>[Stack]<UL><LI>Max Depth = 40<LI>Call Chain = _double_epilogue &rArr; _double_round
</UL>
<BR>[Calls]<UL><LI><a href="#[166]">&gt;&gt;</a>&nbsp;&nbsp;&nbsp;__aeabi_llsl
<LI><a href="#[165]">&gt;&gt;</a>&nbsp;&nbsp;&nbsp;__aeabi_llsr
<LI><a href="#[164]">&gt;&gt;</a>&nbsp;&nbsp;&nbsp;_double_round
</UL>
<BR>[Called By]<UL><LI><a href="#[9d]">&gt;&gt;</a>&nbsp;&nbsp;&nbsp;__aeabi_ui2d
<LI><a href="#[64]">&gt;&gt;</a>&nbsp;&nbsp;&nbsp;__aeabi_i2d
<LI><a href="#[66]">&gt;&gt;</a>&nbsp;&nbsp;&nbsp;__aeabi_dmul
</UL>

<P><STRONG><a name="[61]"></a>__scatterload</STRONG> (Thumb, 28 bytes, Stack size 0 bytes, init.o(.text))
<BR><BR>[Calls]<UL><LI><a href="#[167]">&gt;&gt;</a>&nbsp;&nbsp;&nbsp;__main_after_scatterload
</UL>
<BR>[Called By]<UL><LI><a href="#[60]">&gt;&gt;</a>&nbsp;&nbsp;&nbsp;_main_scatterload
</UL>

<P><STRONG><a name="[201]"></a>__scatterload_rt2</STRONG> (Thumb, 0 bytes, Stack size 0 bytes, init.o(.text), UNUSED)

<P><STRONG><a name="[166]"></a>__aeabi_llsl</STRONG> (Thumb, 30 bytes, Stack size 0 bytes, llshl.o(.text))
<BR><BR>[Called By]<UL><LI><a href="#[163]">&gt;&gt;</a>&nbsp;&nbsp;&nbsp;_double_epilogue
</UL>

<P><STRONG><a name="[202]"></a>_ll_shift_l</STRONG> (Thumb, 0 bytes, Stack size 0 bytes, llshl.o(.text), UNUSED)

<P><STRONG><a name="[203]"></a>__decompress</STRONG> (Thumb, 0 bytes, Stack size unknown bytes, __dczerorl2.o(.text), UNUSED)

<P><STRONG><a name="[204]"></a>__decompress1</STRONG> (Thumb, 86 bytes, Stack size unknown bytes, __dczerorl2.o(.text), UNUSED)

<P><STRONG><a name="[168]"></a>__0sprintf$1</STRONG> (Thumb, 34 bytes, Stack size 24 bytes, printf1.o(i.__0sprintf$1), UNUSED)
<BR><BR>[Calls]<UL><LI><a href="#[5c]">&gt;&gt;</a>&nbsp;&nbsp;&nbsp;_sputc
<LI><a href="#[169]">&gt;&gt;</a>&nbsp;&nbsp;&nbsp;_printf_core
</UL>

<P><STRONG><a name="[205]"></a>__1sprintf$1</STRONG> (Thumb, 0 bytes, Stack size 24 bytes, printf1.o(i.__0sprintf$1), UNUSED)

<P><STRONG><a name="[68]"></a>__2sprintf</STRONG> (Thumb, 0 bytes, Stack size 24 bytes, printf1.o(i.__0sprintf$1))
<BR><BR>[Stack]<UL><LI>Max Depth = 24<LI>Call Chain = __2sprintf
</UL>
<BR>[Called By]<UL><LI><a href="#[9c]">&gt;&gt;</a>&nbsp;&nbsp;&nbsp;potenti_show
<LI><a href="#[4f]">&gt;&gt;</a>&nbsp;&nbsp;&nbsp;main
<LI><a href="#[62]">&gt;&gt;</a>&nbsp;&nbsp;&nbsp;startup_UI
</UL>

<P><STRONG><a name="[206]"></a>__scatterload_copy</STRONG> (Thumb, 14 bytes, Stack size unknown bytes, handlers.o(i.__scatterload_copy), UNUSED)

<P><STRONG><a name="[207]"></a>__scatterload_null</STRONG> (Thumb, 2 bytes, Stack size unknown bytes, handlers.o(i.__scatterload_null), UNUSED)

<P><STRONG><a name="[208]"></a>__scatterload_zeroinit</STRONG> (Thumb, 14 bytes, Stack size unknown bytes, handlers.o(i.__scatterload_zeroinit), UNUSED)
<P>
<H3>
Local Symbols
</H3>
<P><STRONG><a name="[7d]"></a>SetSysClockTo72</STRONG> (Thumb, 160 bytes, Stack size 12 bytes, system_stm32f10x.o(.text))
<BR><BR>[Stack]<UL><LI>Max Depth = 12<LI>Call Chain = SetSysClockTo72
</UL>
<BR>[Called By]<UL><LI><a href="#[50]">&gt;&gt;</a>&nbsp;&nbsp;&nbsp;SystemInit
</UL>

<P><STRONG><a name="[be]"></a>u8g2_send_buffer</STRONG> (Thumb, 78 bytes, Stack size 32 bytes, u8g2_buffer.o(.text))
<BR><BR>[Stack]<UL><LI>Max Depth = 48<LI>Call Chain = u8g2_send_buffer &rArr; u8x8_DrawTile
</UL>
<BR>[Calls]<UL><LI><a href="#[bf]">&gt;&gt;</a>&nbsp;&nbsp;&nbsp;u8x8_DrawTile
</UL>
<BR>[Called By]<UL><LI><a href="#[6d]">&gt;&gt;</a>&nbsp;&nbsp;&nbsp;u8g2_SendBuffer
<LI><a href="#[c5]">&gt;&gt;</a>&nbsp;&nbsp;&nbsp;u8g2_UpdateDisplay
<LI><a href="#[c3]">&gt;&gt;</a>&nbsp;&nbsp;&nbsp;u8g2_NextPage
</UL>

<P><STRONG><a name="[ce]"></a>u8g2_draw_circle_section</STRONG> (Thumb, 186 bytes, Stack size 64 bytes, u8g2_circle.o(.text))
<BR><BR>[Stack]<UL><LI>Max Depth = 116<LI>Call Chain = u8g2_draw_circle_section &rArr; u8g2_DrawPixel &rArr; u8g2_DrawHVLine &rArr; u8g2_clip_intersection2
</UL>
<BR>[Calls]<UL><LI><a href="#[cf]">&gt;&gt;</a>&nbsp;&nbsp;&nbsp;u8g2_DrawPixel
</UL>
<BR>[Called By]<UL><LI><a href="#[d0]">&gt;&gt;</a>&nbsp;&nbsp;&nbsp;u8g2_draw_circle
</UL>

<P><STRONG><a name="[d1]"></a>u8g2_draw_disc_section</STRONG> (Thumb, 200 bytes, Stack size 64 bytes, u8g2_circle.o(.text))
<BR><BR>[Stack]<UL><LI>Max Depth = 124<LI>Call Chain = u8g2_draw_disc_section &rArr; u8g2_DrawVLine &rArr; u8g2_DrawHVLine &rArr; u8g2_clip_intersection2
</UL>
<BR>[Calls]<UL><LI><a href="#[bc]">&gt;&gt;</a>&nbsp;&nbsp;&nbsp;u8g2_DrawVLine
</UL>
<BR>[Called By]<UL><LI><a href="#[d2]">&gt;&gt;</a>&nbsp;&nbsp;&nbsp;u8g2_draw_disc
</UL>

<P><STRONG><a name="[d3]"></a>u8g2_draw_ellipse_section</STRONG> (Thumb, 96 bytes, Stack size 40 bytes, u8g2_circle.o(.text), UNUSED)
<BR><BR>[Calls]<UL><LI><a href="#[cf]">&gt;&gt;</a>&nbsp;&nbsp;&nbsp;u8g2_DrawPixel
</UL>
<BR>[Called By]<UL><LI><a href="#[d5]">&gt;&gt;</a>&nbsp;&nbsp;&nbsp;u8g2_draw_ellipse
</UL>

<P><STRONG><a name="[d6]"></a>u8g2_draw_filled_ellipse_section</STRONG> (Thumb, 104 bytes, Stack size 40 bytes, u8g2_circle.o(.text), UNUSED)
<BR><BR>[Calls]<UL><LI><a href="#[bc]">&gt;&gt;</a>&nbsp;&nbsp;&nbsp;u8g2_DrawVLine
</UL>
<BR>[Called By]<UL><LI><a href="#[d8]">&gt;&gt;</a>&nbsp;&nbsp;&nbsp;u8g2_draw_filled_ellipse
</UL>

<P><STRONG><a name="[d0]"></a>u8g2_draw_circle</STRONG> (Thumb, 102 bytes, Stack size 64 bytes, u8g2_circle.o(.text))
<BR><BR>[Stack]<UL><LI>Max Depth = 180<LI>Call Chain = u8g2_draw_circle &rArr; u8g2_draw_circle_section &rArr; u8g2_DrawPixel &rArr; u8g2_DrawHVLine &rArr; u8g2_clip_intersection2
</UL>
<BR>[Calls]<UL><LI><a href="#[ce]">&gt;&gt;</a>&nbsp;&nbsp;&nbsp;u8g2_draw_circle_section
</UL>
<BR>[Called By]<UL><LI><a href="#[ba]">&gt;&gt;</a>&nbsp;&nbsp;&nbsp;u8g2_DrawCircle
</UL>

<P><STRONG><a name="[d2]"></a>u8g2_draw_disc</STRONG> (Thumb, 102 bytes, Stack size 64 bytes, u8g2_circle.o(.text))
<BR><BR>[Stack]<UL><LI>Max Depth = 188<LI>Call Chain = u8g2_draw_disc &rArr; u8g2_draw_disc_section &rArr; u8g2_DrawVLine &rArr; u8g2_DrawHVLine &rArr; u8g2_clip_intersection2
</UL>
<BR>[Calls]<UL><LI><a href="#[d1]">&gt;&gt;</a>&nbsp;&nbsp;&nbsp;u8g2_draw_disc_section
</UL>
<BR>[Called By]<UL><LI><a href="#[b9]">&gt;&gt;</a>&nbsp;&nbsp;&nbsp;u8g2_DrawDisc
</UL>

<P><STRONG><a name="[d5]"></a>u8g2_draw_ellipse</STRONG> (Thumb, 218 bytes, Stack size 80 bytes, u8g2_circle.o(.text), UNUSED)
<BR><BR>[Calls]<UL><LI><a href="#[d3]">&gt;&gt;</a>&nbsp;&nbsp;&nbsp;u8g2_draw_ellipse_section
</UL>
<BR>[Called By]<UL><LI><a href="#[d4]">&gt;&gt;</a>&nbsp;&nbsp;&nbsp;u8g2_DrawEllipse
</UL>

<P><STRONG><a name="[d8]"></a>u8g2_draw_filled_ellipse</STRONG> (Thumb, 216 bytes, Stack size 80 bytes, u8g2_circle.o(.text), UNUSED)
<BR><BR>[Calls]<UL><LI><a href="#[d6]">&gt;&gt;</a>&nbsp;&nbsp;&nbsp;u8g2_draw_filled_ellipse_section
</UL>
<BR>[Called By]<UL><LI><a href="#[d7]">&gt;&gt;</a>&nbsp;&nbsp;&nbsp;u8g2_DrawFilledEllipse
</UL>

<P><STRONG><a name="[e5]"></a>u8g2_font_setup_decode</STRONG> (Thumb, 52 bytes, Stack size 12 bytes, u8g2_font.o(.text))
<BR><BR>[Stack]<UL><LI>Max Depth = 24<LI>Call Chain = u8g2_font_setup_decode &rArr; u8g2_font_decode_get_unsigned_bits
</UL>
<BR>[Calls]<UL><LI><a href="#[e1]">&gt;&gt;</a>&nbsp;&nbsp;&nbsp;u8g2_font_decode_get_unsigned_bits
</UL>
<BR>[Called By]<UL><LI><a href="#[fc]">&gt;&gt;</a>&nbsp;&nbsp;&nbsp;u8g2_GetStrX
<LI><a href="#[e9]">&gt;&gt;</a>&nbsp;&nbsp;&nbsp;u8g2_GetGlyphWidth
<LI><a href="#[e6]">&gt;&gt;</a>&nbsp;&nbsp;&nbsp;u8g2_font_decode_glyph
</UL>

<P><STRONG><a name="[eb]"></a>u8g2_draw_string</STRONG> (Thumb, 118 bytes, Stack size 32 bytes, u8g2_font.o(.text))
<BR><BR>[Stack]<UL><LI>Max Depth = 188<LI>Call Chain = u8g2_draw_string &rArr; u8g2_DrawGlyph &rArr; u8g2_font_decode_glyph &rArr; u8g2_font_decode_len &rArr; u8g2_DrawHVLine &rArr; u8g2_clip_intersection2
</UL>
<BR>[Calls]<UL><LI><a href="#[ec]">&gt;&gt;</a>&nbsp;&nbsp;&nbsp;u8x8_utf8_init
<LI><a href="#[ea]">&gt;&gt;</a>&nbsp;&nbsp;&nbsp;u8g2_DrawGlyph
</UL>
<BR>[Called By]<UL><LI><a href="#[6a]">&gt;&gt;</a>&nbsp;&nbsp;&nbsp;u8g2_DrawStr
<LI><a href="#[ed]">&gt;&gt;</a>&nbsp;&nbsp;&nbsp;u8g2_DrawUTF8
</UL>

<P><STRONG><a name="[fb]"></a>u8g2_string_width</STRONG> (Thumb, 116 bytes, Stack size 32 bytes, u8g2_font.o(.text), UNUSED)
<BR><BR>[Calls]<UL><LI><a href="#[ec]">&gt;&gt;</a>&nbsp;&nbsp;&nbsp;u8x8_utf8_init
<LI><a href="#[e9]">&gt;&gt;</a>&nbsp;&nbsp;&nbsp;u8g2_GetGlyphWidth
</UL>
<BR>[Called By]<UL><LI><a href="#[fe]">&gt;&gt;</a>&nbsp;&nbsp;&nbsp;u8g2_GetUTF8Width
<LI><a href="#[fd]">&gt;&gt;</a>&nbsp;&nbsp;&nbsp;u8g2_GetStrWidth
</UL>

<P><STRONG><a name="[de]"></a>u8g2_font_get_word</STRONG> (Thumb, 20 bytes, Stack size 0 bytes, u8g2_font.o(.text))
<BR><BR>[Called By]<UL><LI><a href="#[e7]">&gt;&gt;</a>&nbsp;&nbsp;&nbsp;u8g2_font_get_glyph_data
<LI><a href="#[df]">&gt;&gt;</a>&nbsp;&nbsp;&nbsp;u8g2_GetFontSize
<LI><a href="#[dd]">&gt;&gt;</a>&nbsp;&nbsp;&nbsp;u8g2_read_font_info
</UL>

<P><STRONG><a name="[ff]"></a>u8g2_clip_intersection2</STRONG> (Thumb, 60 bytes, Stack size 12 bytes, u8g2_hvline.o(.text))
<BR><BR>[Stack]<UL><LI>Max Depth = 12<LI>Call Chain = u8g2_clip_intersection2
</UL>
<BR>[Called By]<UL><LI><a href="#[b7]">&gt;&gt;</a>&nbsp;&nbsp;&nbsp;u8g2_DrawHVLine
</UL>

<P><STRONG><a name="[105]"></a>u8g2_update_dimension_common</STRONG> (Thumb, 70 bytes, Stack size 20 bytes, u8g2_setup.o(.text))
<BR><BR>[Stack]<UL><LI>Max Depth = 20<LI>Call Chain = u8g2_update_dimension_common
</UL>
<BR>[Called By]<UL><LI><a href="#[10a]">&gt;&gt;</a>&nbsp;&nbsp;&nbsp;u8g2_update_dimension_r3
<LI><a href="#[108]">&gt;&gt;</a>&nbsp;&nbsp;&nbsp;u8g2_update_dimension_r2
<LI><a href="#[106]">&gt;&gt;</a>&nbsp;&nbsp;&nbsp;u8g2_update_dimension_r1
<LI><a href="#[5d]">&gt;&gt;</a>&nbsp;&nbsp;&nbsp;u8g2_update_dimension_r0
</UL>

<P><STRONG><a name="[104]"></a>u8g2_apply_clip_window</STRONG> (Thumb, 110 bytes, Stack size 16 bytes, u8g2_setup.o(.text))
<BR><BR>[Stack]<UL><LI>Max Depth = 32<LI>Call Chain = u8g2_apply_clip_window &rArr; u8g2_IsIntersection
</UL>
<BR>[Calls]<UL><LI><a href="#[b6]">&gt;&gt;</a>&nbsp;&nbsp;&nbsp;u8g2_IsIntersection
</UL>
<BR>[Called By]<UL><LI><a href="#[10b]">&gt;&gt;</a>&nbsp;&nbsp;&nbsp;u8g2_update_page_win_r3
<LI><a href="#[109]">&gt;&gt;</a>&nbsp;&nbsp;&nbsp;u8g2_update_page_win_r2
<LI><a href="#[107]">&gt;&gt;</a>&nbsp;&nbsp;&nbsp;u8g2_update_page_win_r1
<LI><a href="#[5e]">&gt;&gt;</a>&nbsp;&nbsp;&nbsp;u8g2_update_page_win_r0
</UL>

<P><STRONG><a name="[114]"></a>u8x8_get_glyph_data</STRONG> (Thumb, 104 bytes, Stack size 20 bytes, u8x8_8x8.o(.text), UNUSED)
<BR><BR>[Called By]<UL><LI><a href="#[117]">&gt;&gt;</a>&nbsp;&nbsp;&nbsp;u8x8_Draw1x2Glyph
<LI><a href="#[116]">&gt;&gt;</a>&nbsp;&nbsp;&nbsp;u8x8_draw_2x2_subglyph
<LI><a href="#[113]">&gt;&gt;</a>&nbsp;&nbsp;&nbsp;u8x8_DrawGlyph
</UL>

<P><STRONG><a name="[119]"></a>u8x8_draw_string</STRONG> (Thumb, 80 bytes, Stack size 40 bytes, u8x8_8x8.o(.text), UNUSED)
<BR><BR>[Calls]<UL><LI><a href="#[113]">&gt;&gt;</a>&nbsp;&nbsp;&nbsp;u8x8_DrawGlyph
</UL>
<BR>[Called By]<UL><LI><a href="#[11b]">&gt;&gt;</a>&nbsp;&nbsp;&nbsp;u8x8_DrawUTF8
<LI><a href="#[11a]">&gt;&gt;</a>&nbsp;&nbsp;&nbsp;u8x8_DrawString
</UL>

<P><STRONG><a name="[11c]"></a>u8x8_draw_2x2_string</STRONG> (Thumb, 82 bytes, Stack size 40 bytes, u8x8_8x8.o(.text), UNUSED)
<BR><BR>[Calls]<UL><LI><a href="#[115]">&gt;&gt;</a>&nbsp;&nbsp;&nbsp;u8x8_Draw2x2Glyph
</UL>
<BR>[Called By]<UL><LI><a href="#[11e]">&gt;&gt;</a>&nbsp;&nbsp;&nbsp;u8x8_Draw2x2UTF8
<LI><a href="#[11d]">&gt;&gt;</a>&nbsp;&nbsp;&nbsp;u8x8_Draw2x2String
</UL>

<P><STRONG><a name="[11f]"></a>u8x8_draw_1x2_string</STRONG> (Thumb, 78 bytes, Stack size 40 bytes, u8x8_8x8.o(.text), UNUSED)
<BR><BR>[Calls]<UL><LI><a href="#[117]">&gt;&gt;</a>&nbsp;&nbsp;&nbsp;u8x8_Draw1x2Glyph
</UL>
<BR>[Called By]<UL><LI><a href="#[121]">&gt;&gt;</a>&nbsp;&nbsp;&nbsp;u8x8_Draw1x2UTF8
<LI><a href="#[120]">&gt;&gt;</a>&nbsp;&nbsp;&nbsp;u8x8_Draw1x2String
</UL>

<P><STRONG><a name="[116]"></a>u8x8_draw_2x2_subglyph</STRONG> (Thumb, 152 bytes, Stack size 56 bytes, u8x8_8x8.o(.text), UNUSED)
<BR><BR>[Calls]<UL><LI><a href="#[bf]">&gt;&gt;</a>&nbsp;&nbsp;&nbsp;u8x8_DrawTile
<LI><a href="#[118]">&gt;&gt;</a>&nbsp;&nbsp;&nbsp;u8x8_upscale_byte
<LI><a href="#[123]">&gt;&gt;</a>&nbsp;&nbsp;&nbsp;u8x8_upscale_buf
<LI><a href="#[114]">&gt;&gt;</a>&nbsp;&nbsp;&nbsp;u8x8_get_glyph_data
</UL>
<BR>[Called By]<UL><LI><a href="#[115]">&gt;&gt;</a>&nbsp;&nbsp;&nbsp;u8x8_Draw2x2Glyph
</UL>

<P><STRONG><a name="[123]"></a>u8x8_upscale_buf</STRONG> (Thumb, 26 bytes, Stack size 0 bytes, u8x8_8x8.o(.text), UNUSED)
<BR><BR>[Called By]<UL><LI><a href="#[116]">&gt;&gt;</a>&nbsp;&nbsp;&nbsp;u8x8_draw_2x2_subglyph
</UL>

<P><STRONG><a name="[12c]"></a>i2c_write_byte</STRONG> (Thumb, 124 bytes, Stack size 16 bytes, u8x8_byte.o(.text))
<BR><BR>[Stack]<UL><LI>Max Depth = 40<LI>Call Chain = i2c_write_byte &rArr; i2c_write_bit &rArr; i2c_read_scl_and_delay &rArr; u8x8_gpio_call
</UL>
<BR>[Calls]<UL><LI><a href="#[12d]">&gt;&gt;</a>&nbsp;&nbsp;&nbsp;i2c_write_bit
<LI><a href="#[12e]">&gt;&gt;</a>&nbsp;&nbsp;&nbsp;i2c_read_sda
<LI><a href="#[131]">&gt;&gt;</a>&nbsp;&nbsp;&nbsp;i2c_clear_scl
<LI><a href="#[130]">&gt;&gt;</a>&nbsp;&nbsp;&nbsp;i2c_read_scl_and_delay
<LI><a href="#[12f]">&gt;&gt;</a>&nbsp;&nbsp;&nbsp;i2c_delay
</UL>
<BR>[Called By]<UL><LI><a href="#[5b]">&gt;&gt;</a>&nbsp;&nbsp;&nbsp;u8x8_byte_sw_i2c
</UL>

<P><STRONG><a name="[12f]"></a>i2c_delay</STRONG> (Thumb, 10 bytes, Stack size 0 bytes, u8x8_byte.o(.text))
<BR><BR>[Stack]<UL><LI>Max Depth = 8<LI>Call Chain = i2c_delay &rArr; u8x8_gpio_call
</UL>
<BR>[Calls]<UL><LI><a href="#[125]">&gt;&gt;</a>&nbsp;&nbsp;&nbsp;u8x8_gpio_call
</UL>
<BR>[Called By]<UL><LI><a href="#[5b]">&gt;&gt;</a>&nbsp;&nbsp;&nbsp;u8x8_byte_sw_i2c
<LI><a href="#[12d]">&gt;&gt;</a>&nbsp;&nbsp;&nbsp;i2c_write_bit
<LI><a href="#[130]">&gt;&gt;</a>&nbsp;&nbsp;&nbsp;i2c_read_scl_and_delay
<LI><a href="#[12c]">&gt;&gt;</a>&nbsp;&nbsp;&nbsp;i2c_write_byte
</UL>

<P><STRONG><a name="[130]"></a>i2c_read_scl_and_delay</STRONG> (Thumb, 20 bytes, Stack size 8 bytes, u8x8_byte.o(.text))
<BR><BR>[Stack]<UL><LI>Max Depth = 16<LI>Call Chain = i2c_read_scl_and_delay &rArr; u8x8_gpio_call
</UL>
<BR>[Calls]<UL><LI><a href="#[125]">&gt;&gt;</a>&nbsp;&nbsp;&nbsp;u8x8_gpio_call
<LI><a href="#[12f]">&gt;&gt;</a>&nbsp;&nbsp;&nbsp;i2c_delay
</UL>
<BR>[Called By]<UL><LI><a href="#[5b]">&gt;&gt;</a>&nbsp;&nbsp;&nbsp;u8x8_byte_sw_i2c
<LI><a href="#[12d]">&gt;&gt;</a>&nbsp;&nbsp;&nbsp;i2c_write_bit
<LI><a href="#[12c]">&gt;&gt;</a>&nbsp;&nbsp;&nbsp;i2c_write_byte
</UL>

<P><STRONG><a name="[131]"></a>i2c_clear_scl</STRONG> (Thumb, 8 bytes, Stack size 0 bytes, u8x8_byte.o(.text))
<BR><BR>[Stack]<UL><LI>Max Depth = 8<LI>Call Chain = i2c_clear_scl &rArr; u8x8_gpio_call
</UL>
<BR>[Calls]<UL><LI><a href="#[125]">&gt;&gt;</a>&nbsp;&nbsp;&nbsp;u8x8_gpio_call
</UL>
<BR>[Called By]<UL><LI><a href="#[5b]">&gt;&gt;</a>&nbsp;&nbsp;&nbsp;u8x8_byte_sw_i2c
<LI><a href="#[12d]">&gt;&gt;</a>&nbsp;&nbsp;&nbsp;i2c_write_bit
<LI><a href="#[12c]">&gt;&gt;</a>&nbsp;&nbsp;&nbsp;i2c_write_byte
</UL>

<P><STRONG><a name="[12e]"></a>i2c_read_sda</STRONG> (Thumb, 8 bytes, Stack size 0 bytes, u8x8_byte.o(.text))
<BR><BR>[Stack]<UL><LI>Max Depth = 8<LI>Call Chain = i2c_read_sda &rArr; u8x8_gpio_call
</UL>
<BR>[Calls]<UL><LI><a href="#[125]">&gt;&gt;</a>&nbsp;&nbsp;&nbsp;u8x8_gpio_call
</UL>
<BR>[Called By]<UL><LI><a href="#[5b]">&gt;&gt;</a>&nbsp;&nbsp;&nbsp;u8x8_byte_sw_i2c
<LI><a href="#[12d]">&gt;&gt;</a>&nbsp;&nbsp;&nbsp;i2c_write_bit
<LI><a href="#[12c]">&gt;&gt;</a>&nbsp;&nbsp;&nbsp;i2c_write_byte
</UL>

<P><STRONG><a name="[132]"></a>i2c_clear_sda</STRONG> (Thumb, 8 bytes, Stack size 0 bytes, u8x8_byte.o(.text))
<BR><BR>[Stack]<UL><LI>Max Depth = 8<LI>Call Chain = i2c_clear_sda &rArr; u8x8_gpio_call
</UL>
<BR>[Calls]<UL><LI><a href="#[125]">&gt;&gt;</a>&nbsp;&nbsp;&nbsp;u8x8_gpio_call
</UL>
<BR>[Called By]<UL><LI><a href="#[5b]">&gt;&gt;</a>&nbsp;&nbsp;&nbsp;u8x8_byte_sw_i2c
<LI><a href="#[12d]">&gt;&gt;</a>&nbsp;&nbsp;&nbsp;i2c_write_bit
</UL>

<P><STRONG><a name="[12d]"></a>i2c_write_bit</STRONG> (Thumb, 36 bytes, Stack size 8 bytes, u8x8_byte.o(.text))
<BR><BR>[Stack]<UL><LI>Max Depth = 24<LI>Call Chain = i2c_write_bit &rArr; i2c_read_scl_and_delay &rArr; u8x8_gpio_call
</UL>
<BR>[Calls]<UL><LI><a href="#[132]">&gt;&gt;</a>&nbsp;&nbsp;&nbsp;i2c_clear_sda
<LI><a href="#[12e]">&gt;&gt;</a>&nbsp;&nbsp;&nbsp;i2c_read_sda
<LI><a href="#[131]">&gt;&gt;</a>&nbsp;&nbsp;&nbsp;i2c_clear_scl
<LI><a href="#[130]">&gt;&gt;</a>&nbsp;&nbsp;&nbsp;i2c_read_scl_and_delay
<LI><a href="#[12f]">&gt;&gt;</a>&nbsp;&nbsp;&nbsp;i2c_delay
</UL>
<BR>[Called By]<UL><LI><a href="#[12c]">&gt;&gt;</a>&nbsp;&nbsp;&nbsp;i2c_write_byte
</UL>

<P><STRONG><a name="[146]"></a>u8x8_i2c_data_transfer</STRONG> (Thumb, 44 bytes, Stack size 24 bytes, u8x8_cad.o(.text))
<BR><BR>[Stack]<UL><LI>Max Depth = 40<LI>Call Chain = u8x8_i2c_data_transfer &rArr; u8x8_byte_SendByte
</UL>
<BR>[Calls]<UL><LI><a href="#[13f]">&gt;&gt;</a>&nbsp;&nbsp;&nbsp;u8x8_byte_EndTransfer
<LI><a href="#[13e]">&gt;&gt;</a>&nbsp;&nbsp;&nbsp;u8x8_byte_StartTransfer
<LI><a href="#[13a]">&gt;&gt;</a>&nbsp;&nbsp;&nbsp;u8x8_byte_SendByte
</UL>
<BR>[Called By]<UL><LI><a href="#[54]">&gt;&gt;</a>&nbsp;&nbsp;&nbsp;u8x8_cad_ssd13xx_fast_i2c
<LI><a href="#[147]">&gt;&gt;</a>&nbsp;&nbsp;&nbsp;u8x8_cad_st75256_i2c
<LI><a href="#[145]">&gt;&gt;</a>&nbsp;&nbsp;&nbsp;u8x8_cad_ssd13xx_i2c
</UL>

<P><STRONG><a name="[14c]"></a>u8x8_d_ssd1306_sh1106_generic</STRONG> (Thumb, 196 bytes, Stack size 24 bytes, u8x8_d_ssd1306_128x64_noname.o(.text))
<BR><BR>[Stack]<UL><LI>Max Depth = 56<LI>Call Chain = u8x8_d_ssd1306_sh1106_generic &rArr; u8x8_cad_SendSequence &rArr; u8x8_cad_SendData
</UL>
<BR>[Calls]<UL><LI><a href="#[139]">&gt;&gt;</a>&nbsp;&nbsp;&nbsp;u8x8_cad_SendSequence
<LI><a href="#[137]">&gt;&gt;</a>&nbsp;&nbsp;&nbsp;u8x8_cad_EndTransfer
<LI><a href="#[133]">&gt;&gt;</a>&nbsp;&nbsp;&nbsp;u8x8_cad_StartTransfer
<LI><a href="#[136]">&gt;&gt;</a>&nbsp;&nbsp;&nbsp;u8x8_cad_SendData
<LI><a href="#[134]">&gt;&gt;</a>&nbsp;&nbsp;&nbsp;u8x8_cad_SendArg
<LI><a href="#[135]">&gt;&gt;</a>&nbsp;&nbsp;&nbsp;u8x8_cad_SendCmd
</UL>
<BR>[Called By]<UL><LI><a href="#[55]">&gt;&gt;</a>&nbsp;&nbsp;&nbsp;u8x8_d_ssd1306_128x64_noname
<LI><a href="#[154]">&gt;&gt;</a>&nbsp;&nbsp;&nbsp;u8x8_d_sh1106_128x64_winstar
<LI><a href="#[153]">&gt;&gt;</a>&nbsp;&nbsp;&nbsp;u8x8_d_sh1106_128x64_vcomh0
<LI><a href="#[152]">&gt;&gt;</a>&nbsp;&nbsp;&nbsp;u8x8_d_sh1106_128x64_noname
<LI><a href="#[151]">&gt;&gt;</a>&nbsp;&nbsp;&nbsp;u8x8_d_ssd1306_128x64_alt0
<LI><a href="#[150]">&gt;&gt;</a>&nbsp;&nbsp;&nbsp;u8x8_d_ssd1306_128x64_vcomh0
<LI><a href="#[14f]">&gt;&gt;</a>&nbsp;&nbsp;&nbsp;u8x8_d_ssd1312_128x64_noname
</UL>

<P><STRONG><a name="[169]"></a>_printf_core</STRONG> (Thumb, 336 bytes, Stack size 88 bytes, printf1.o(i._printf_core), UNUSED)
<BR><BR>[Calls]<UL><LI><a href="#[16a]">&gt;&gt;</a>&nbsp;&nbsp;&nbsp;__aeabi_uidivmod
</UL>
<BR>[Called By]<UL><LI><a href="#[168]">&gt;&gt;</a>&nbsp;&nbsp;&nbsp;__0sprintf$1
</UL>

<P><STRONG><a name="[5c]"></a>_sputc</STRONG> (Thumb, 10 bytes, Stack size 0 bytes, printf1.o(i._sputc))
<BR><BR>[Called By]<UL><LI><a href="#[168]">&gt;&gt;</a>&nbsp;&nbsp;&nbsp;__0sprintf$1
</UL>
<BR>[Address Reference Count : 1]<UL><LI> printf1.o(i.__0sprintf$1)
</UL><P>
<H3>
Undefined Global Symbols
</H3><HR></body></html>
