Component: ARM Compiler 5.06 update 7 (build 960) Tool: armlink [4d3601]

==============================================================================

Section Cross References

    main.o(.text) refers to _printf_percent.o(.ARM.Collect$$_printf_percent$$00000000) for _printf_percent
    main.o(.text) refers to _printf_d.o(.ARM.Collect$$_printf_percent$$00000009) for _printf_d
    main.o(.text) refers to _printf_dec.o(.text) for _printf_int_dec
    main.o(.text) refers to misc.o(.text) for NVIC_PriorityGroupConfig
    main.o(.text) refers to delay.o(.text) for delay_init
    main.o(.text) refers to timer.o(.text) for TIM3_Time_Init
    main.o(.text) refers to rf2g4.o(.text) for RF2G4_Init
    main.o(.text) refers to pwm.o(.text) for PWM_Init
    main.o(.text) refers to motor.o(.text) for Motor_Control_Init
    main.o(.text) refers to u8g2_init.o(.text) for IIC_Init
    main.o(.text) refers to u8g2_font.o(.text) for u8g2_SetFont
    main.o(.text) refers to u8g2_buffer.o(.text) for u8g2_ClearBuffer
    main.o(.text) refers to noretval__2sprintf.o(.text) for __2sprintf
    main.o(.text) refers to u8g2_fonts.o(.constdata) for u8g2_font_ncenB08_tf
    main.o(.text) refers to rf2g4.o(.bss) for RF2G4_Receive_Data
    main.o(.text) refers to main.o(.data) for .data
    system_stm32f10x.o(.text) refers to system_stm32f10x.o(.data) for .data
    led.o(.text) refers to stm32f10x_rcc.o(.text) for RCC_APB2PeriphClockCmd
    led.o(.text) refers to stm32f10x_gpio.o(.text) for GPIO_Init
    rf2g4.o(.text) refers to stm32f10x_rcc.o(.text) for RCC_APB2PeriphClockCmd
    rf2g4.o(.text) refers to stm32f10x_gpio.o(.text) for GPIO_Init
    rf2g4.o(.text) refers to spi.o(.text) for SPI2_Init_JX
    rf2g4.o(.text) refers to rf2g4.o(.constdata) for .constdata
    timer.o(.text) refers to stm32f10x_rcc.o(.text) for RCC_APB1PeriphClockCmd
    timer.o(.text) refers to stm32f10x_tim.o(.text) for TIM_TimeBaseInit
    timer.o(.text) refers to misc.o(.text) for NVIC_Init
    timer.o(.text) refers to main.o(.data) for C_2G4_Command
    spi.o(.text) refers to stm32f10x_spi.o(.text) for SPI_I2S_GetFlagStatus
    spi.o(.text) refers to stm32f10x_rcc.o(.text) for RCC_APB2PeriphClockCmd
    spi.o(.text) refers to stm32f10x_gpio.o(.text) for GPIO_Init
    key.o(.text) refers to stm32f10x_rcc.o(.text) for RCC_APB2PeriphClockCmd
    key.o(.text) refers to stm32f10x_gpio.o(.text) for GPIO_Init
    pwm.o(.text) refers to stm32f10x_rcc.o(.text) for RCC_APB2PeriphClockCmd
    pwm.o(.text) refers to stm32f10x_gpio.o(.text) for GPIO_Init
    pwm.o(.text) refers to stm32f10x_tim.o(.text) for TIM_TimeBaseInit
    motor.o(.text) refers to pwm.o(.text) for PWM_SetMotor1
    delay.o(.text) refers to misc.o(.text) for SysTick_CLKSourceConfig
    delay.o(.text) refers to system_stm32f10x.o(.data) for SystemCoreClock
    delay.o(.text) refers to delay.o(.data) for .data
    usart.o(.text) refers (Special) to use_no_semi_2.o(.text) for __use_no_semihosting
    usart.o(.text) refers to stm32f10x_rcc.o(.text) for RCC_APB2PeriphClockCmd
    usart.o(.text) refers to stm32f10x_gpio.o(.text) for GPIO_Init
    usart.o(.text) refers to misc.o(.text) for NVIC_Init
    usart.o(.text) refers to stm32f10x_usart.o(.text) for USART_Init
    usart.o(.text) refers to usart.o(.data) for .data
    usart.o(.text) refers to usart.o(.bss) for .bss
    usart.o(.bss) refers (Special) to use_no_semi_2.o(.text) for __use_no_semihosting
    usart.o(.data) refers (Special) to use_no_semi_2.o(.text) for __use_no_semihosting
    usart.o(.data) refers (Special) to use_no_semi_2.o(.text) for __use_no_semihosting
    startup_stm32f10x_hd.o(STACK) refers (Special) to heapauxi.o(.text) for __use_two_region_memory
    startup_stm32f10x_hd.o(HEAP) refers (Special) to heapauxi.o(.text) for __use_two_region_memory
    startup_stm32f10x_hd.o(RESET) refers (Special) to heapauxi.o(.text) for __use_two_region_memory
    startup_stm32f10x_hd.o(RESET) refers to startup_stm32f10x_hd.o(STACK) for __initial_sp
    startup_stm32f10x_hd.o(RESET) refers to startup_stm32f10x_hd.o(.text) for Reset_Handler
    startup_stm32f10x_hd.o(RESET) refers to stm32f10x_it.o(.text) for NMI_Handler
    startup_stm32f10x_hd.o(RESET) refers to timer.o(.text) for TIM3_IRQHandler
    startup_stm32f10x_hd.o(RESET) refers to usart.o(.text) for USART1_IRQHandler
    startup_stm32f10x_hd.o(.text) refers (Special) to heapauxi.o(.text) for __use_two_region_memory
    startup_stm32f10x_hd.o(.text) refers to system_stm32f10x.o(.text) for SystemInit
    startup_stm32f10x_hd.o(.text) refers to __main.o(!!!main) for __main
    startup_stm32f10x_hd.o(.text) refers to startup_stm32f10x_hd.o(HEAP) for Heap_Mem
    startup_stm32f10x_hd.o(.text) refers to startup_stm32f10x_hd.o(STACK) for Stack_Mem
    stm32f10x_gpio.o(.text) refers to stm32f10x_rcc.o(.text) for RCC_APB2PeriphResetCmd
    stm32f10x_rcc.o(.text) refers to stm32f10x_rcc.o(.data) for .data
    stm32f10x_usart.o(.text) refers to stm32f10x_rcc.o(.text) for RCC_APB2PeriphResetCmd
[...]
    .ARM.Collect$$rtexit$$00000002           0x080001ca   Section        0  rtexit2.o(.ARM.Collect$$rtexit$$00000002)
    .ARM.Collect$$rtexit$$00000003           0x080001ca   Section        4  rtexit2.o(.ARM.Collect$$rtexit$$00000003)
    .ARM.Collect$$rtexit$$00000004           0x080001ce   Section        6  rtexit2.o(.ARM.Collect$$rtexit$$00000004)
    .text                                    0x080001d4   Section        0  main.o(.text)
    .text                                    0x08000408   Section        0  stm32f10x_it.o(.text)
    .text                                    0x0800041c   Section        0  system_stm32f10x.o(.text)
    SetSysClockTo72                          0x0800041d   Thumb Code   160  system_stm32f10x.o(.text)
    .text                                    0x08000570   Section        0  rf2g4.o(.text)
    .text                                    0x08000808   Section        0  timer.o(.text)
    .text                                    0x080008a0   Section        0  spi.o(.text)
    .text                                    0x08000990   Section        0  pwm.o(.text)
    .text                                    0x08000a60   Section        0  motor.o(.text)
    constrain_u16                            0x08000b33   Thumb Code    14  motor.o(.text)
    .text                                    0x08000b40   Section        0  delay.o(.text)
    .text                                    0x08000bd8   Section        0  usart.o(.text)
    .text                                    0x08000cec   Section       64  startup_stm32f10x_hd.o(.text)
    .text                                    0x08000d2c   Section        0  stm32f10x_gpio.o(.text)
    .text                                    0x08000f98   Section        0  stm32f10x_rcc.o(.text)
    .text                                    0x0800124c   Section        0  stm32f10x_usart.o(.text)
    .text                                    0x08001574   Section        0  misc.o(.text)
    .text                                    0x08001624   Section        0  stm32f10x_spi.o(.text)
    .text                                    0x08001898   Section        0  stm32f10x_tim.o(.text)
    TI2_Config                               0x08001c2b   Thumb Code   166  stm32f10x_tim.o(.text)
    TI1_Config                               0x08001ce1   Thumb Code    88  stm32f10x_tim.o(.text)
    .text                                    0x0800238c   Section        0  u8g2_buffer.o(.text)
    u8g2_send_buffer                         0x0800239f   Thumb Code    78  u8g2_buffer.o(.text)
    .text                                    0x08002568   Section        0  u8g2_d_memory.o(.text)
    .text                                    0x08002574   Section        0  u8g2_d_setup.o(.text)
    .text                                    0x080025ac   Section        0  u8g2_font.o(.text)
    u8g2_font_setup_decode                   0x08002779   Thumb Code    52  u8g2_font.o(.text)
    u8g2_draw_string                         0x080029f3   Thumb Code   118  u8g2_font.o(.text)
    u8g2_string_width                        0x08002cbf   Thumb Code   116  u8g2_font.o(.text)
    u8g2_font_get_word                       0x08002d81   Thumb Code    20  u8g2_font.o(.text)
    .text                                    0x08002d9c   Section        0  u8g2_hvline.o(.text)
    u8g2_clip_intersection2                  0x08002d9d   Thumb Code    60  u8g2_hvline.o(.text)
    .text                                    0x08002eea   Section        0  u8g2_intersection.o(.text)
    .text                                    0x08002f30   Section        0  u8g2_kerning.o(.text)
    .text                                    0x08002fb8   Section        0  u8g2_ll_hvline.o(.text)
    .text                                    0x080030c0   Section        0  u8g2_setup.o(.text)
    u8g2_update_dimension_common             0x08003163   Thumb Code    70  u8g2_setup.o(.text)
    u8g2_apply_clip_window                   0x080031a9   Thumb Code   110  u8g2_setup.o(.text)
    .text                                    0x080033f4   Section        0  u8x8_8x8.o(.text)
    u8x8_get_glyph_data                      0x080033f9   Thumb Code   104  u8x8_8x8.o(.text)
    u8x8_draw_string                         0x08003661   Thumb Code    80  u8x8_8x8.o(.text)
    u8x8_draw_2x2_string                     0x080036c9   Thumb Code    82  u8x8_8x8.o(.text)
    u8x8_draw_1x2_string                     0x08003733   Thumb Code    78  u8x8_8x8.o(.text)
    u8x8_draw_2x2_subglyph                   0x080037c9   Thumb Code   152  u8x8_8x8.o(.text)
    u8x8_upscale_buf                         0x08003861   Thumb Code    26  u8x8_8x8.o(.text)
    .text                                    0x0800387c   Section        0  u8x8_byte.o(.text)
    i2c_write_byte                           0x08003e2b   Thumb Code   124  u8x8_byte.o(.text)
    i2c_delay                                0x08003f63   Thumb Code    10  u8x8_byte.o(.text)
    i2c_read_scl_and_delay                   0x08003f6d   Thumb Code    20  u8x8_byte.o(.text)
    i2c_clear_scl                            0x08003f81   Thumb Code     8  u8x8_byte.o(.text)
    i2c_read_sda                             0x08003f89   Thumb Code     8  u8x8_byte.o(.text)
    i2c_clear_sda                            0x08003f91   Thumb Code     8  u8x8_byte.o(.text)
    i2c_write_bit                            0x08003f99   Thumb Code    36  u8x8_byte.o(.text)
    .text                                    0x08003fc0   Section        0  u8x8_cad.o(.text)
    u8x8_i2c_data_transfer                   0x08004841   Thumb Code    44  u8x8_cad.o(.text)
    .text                                    0x0800486c   Section        0  u8x8_capture.o(.text)
    .text                                    0x08004a74   Section        0  u8x8_d_ssd1306_128x64_noname.o(.text)
    u8x8_d_ssd1306_sh1106_generic            0x08004a75   Thumb Code   196  u8x8_d_ssd1306_128x64_noname.o(.text)
    .text                                    0x08004ce0   Section        0  u8x8_display.o(.text)
    .text                                    0x08004e80   Section        0  u8x8_gpio.o(.text)
    .text                                    0x08004e8c   Section        0  u8x8_setup.o(.text)
    .text                                    0x08004ef4   Section        0  u8x8_u16toa.o(.text)
    .text                                    0x08004f58   Section        0  u8g2_init.o(.text)
    .text                                    0x0800504c   Section        2  use_no_semi_2.o(.text)
    .text                                    0x08005050   Section        0  noretval__2sprintf.o(.text)
    .text                                    0x08005078   Section        0  __printf.o(.text)
    .text                                    0x080050e0   Section        0  _printf_dec.o(.text)
    .text                                    0x08005158   Section       68  rt_memclr.o(.text)
    .text                                    0x0800519c   Section       78  rt_memclr_w.o(.text)
    .text                                    0x080051ea   Section        0  heapauxi.o(.text)
    .text                                    0x080051f0   Section        2  use_no_semi.o(.text)
    .text                                    0x080051f2   Section        0  _printf_intcommon.o(.text)
    .text                                    0x080052a4   Section        0  _printf_char_common.o(.text)
    _printf_input_char                       0x080052a5   Thumb Code    10  _printf_char_common.o(.text)
    .text                                    0x080052d4   Section        0  _sputc.o(.text)
    .text                                    0x080052de   Section       74  sys_stackheap_outer.o(.text)
    .text                                    0x08005328   Section        0  exit.o(.text)
    .text                                    0x0800533c   Section        8  libspace.o(.text)
    .constdata                               0x08005344   Section       10  rf2g4.o(.constdata)
    .constdata                               0x0800534e   Section     2518  u8g2_fonts.o(.constdata)
    .constdata                               0x08005d24   Section       12  u8g2_setup.o(.constdata)
    .constdata                               0x08005d30   Section      292  u8x8_d_ssd1306_128x64_noname.o(.constdata)
    u8x8_d_ssd1306_128x64_noname_powersave0_seq 0x08005d30   Data           5  u8x8_d_ssd1306_128x64_noname.o(.constdata)
    u8x8_d_ssd1306_128x64_noname_powersave1_seq 0x08005d35   Data           5  u8x8_d_ssd1306_128x64_noname.o(.constdata)
    u8x8_d_ssd1306_128x64_noname_flip0_seq   0x08005d3a   Data           7  u8x8_d_ssd1306_128x64_noname.o(.constdata)
    u8x8_d_ssd1306_128x64_noname_flip1_seq   0x08005d41   Data           7  u8x8_d_ssd1306_128x64_noname.o(.constdata)
    u8x8_d_ssd1312_128x64_noname_flip0_seq   0x08005d48   Data           7  u8x8_d_ssd1306_128x64_noname.o(.constdata)
    u8x8_d_ssd1312_128x64_noname_flip1_seq   0x08005d4f   Data           7  u8x8_d_ssd1306_128x64_noname.o(.constdata)
    u8x8_d_ssd1306_128x64_noname_init_seq    0x08005d56   Data          53  u8x8_d_ssd1306_128x64_noname.o(.constdata)
    u8x8_d_ssd1306_128x64_vcomh0_init_seq    0x08005d8b   Data          53  u8x8_d_ssd1306_128x64_noname.o(.constdata)
    u8x8_d_ssd1306_128x64_alt0_init_seq      0x08005dc0   Data          53  u8x8_d_ssd1306_128x64_noname.o(.constdata)
    u8x8_d_sh1106_128x64_winstar_init_seq    0x08005df5   Data          45  u8x8_d_ssd1306_128x64_noname.o(.constdata)
    u8x8_ssd1306_128x64_noname_display_info  0x08005e24   Data          24  u8x8_d_ssd1306_128x64_noname.o(.constdata)
    u8x8_sh1106_128x64_noname_display_info   0x08005e3c   Data          24  u8x8_d_ssd1306_128x64_noname.o(.constdata)
    .constdata                               0x08005e54   Section       24  u8x8_setup.o(.constdata)
    u8x8_null_display_info                   0x08005e54   Data          24  u8x8_setup.o(.constdata)
    .data                                    0x20000000   Section        4  main.o(.data)
    .data                                    0x20000004   Section       20  system_stm32f10x.o(.data)
    .data                                    0x20000018   Section        4  delay.o(.data)
    fac_us                                   0x20000018   Data           1  delay.o(.data)
    fac_ms                                   0x2000001a   Data           2  delay.o(.data)
    .data                                    0x2000001c   Section        2  usart.o(.data)
    .data                                    0x2000001e   Section       20  stm32f10x_rcc.o(.data)
    ADCPrescTable                            0x2000001e   Data           4  stm32f10x_rcc.o(.data)
    APBAHBPrescTable                         0x20000022   Data          16  stm32f10x_rcc.o(.data)
    .data                                    0x20000032   Section        8  u8g2_setup.o(.data)
    buf                                      0x20000032   Data           8  u8g2_setup.o(.data)
    .data                                    0x2000003a   Section        2  u8x8_byte.o(.data)
    last_dc                                  0x2000003a   Data           1  u8x8_byte.o(.data)
    enable_pin                               0x2000003b   Data           1  u8x8_byte.o(.data)
    .data                                    0x2000003c   Section        6  u8x8_cad.o(.data)
    in_transfer                              0x2000003c   Data           1  u8x8_cad.o(.data)
    in_transfer                              0x2000003d   Data           1  u8x8_cad.o(.data)
    in_transfer                              0x2000003e   Data           1  u8x8_cad.o(.data)
    is_data                                  0x2000003f   Data           1  u8x8_cad.o(.data)
    in_transfer                              0x20000040   Data           1  u8x8_cad.o(.data)
    is_data                                  0x20000041   Data           1  u8x8_cad.o(.data)
    .data                                    0x20000042   Section        6  u8x8_u16toa.o(.data)
    buf                                      0x20000042   Data           6  u8x8_u16toa.o(.data)
    .bss                                     0x20000048   Section       14  rf2g4.o(.bss)
    .bss                                     0x20000056   Section      200  usart.o(.bss)
    .bss                                     0x2000011e   Section     1024  u8g2_d_memory.o(.bss)
    buf                                      0x2000011e   Data        1024  u8g2_d_memory.o(.bss)
    .bss                                     0x2000051e   Section       16  u8x8_cad.o(.bss)
    buf                                      0x2000051e   Data          16  u8x8_cad.o(.bss)
    .bss                                     0x20000530   Section       96  libspace.o(.bss)
    HEAP                                     0x20000590   Section      512  startup_stm32f10x_hd.o(HEAP)
    Heap_Mem                                 0x20000590   Data         512  startup_stm32f10x_hd.o(HEAP)
    STACK                                    0x20000790   Section     1024  startup_stm32f10x_hd.o(STACK)
    Stack_Mem                                0x20000790   Data        1024  startup_stm32f10x_hd.o(STACK)
    __initial_sp                             0x20000b90   Data           0  startup_stm32f10x_hd.o(STACK)

    Global Symbols

    Symbol Name                              Value     Ov Type        Size  Object(Section)

    BuildAttributes$$THM_ISAv4$P$D$K$B$S$PE$A:L22UL41UL21$X:L11$S22US41US21$IEEE1$IW$USESV6$~STKCKD$USESV7$~SHL$OSPACE$ROPI$EBA8$UX$STANDARDLIB$REQ8$PRES8$EABIv2 0x00000000   Number         0  anon$$obj.o ABSOLUTE
    __ARM_use_no_argv                        0x00000000   Number         0  main.o ABSOLUTE
    __ARM_exceptions_init                     - Undefined Weak Reference
    __alloca_initialize                       - Undefined Weak Reference
    __arm_fini_                               - Undefined Weak Reference
    __arm_preinit_                            - Undefined Weak Reference
    __cpp_initialize__aeabi_                  - Undefined Weak Reference
    __cxa_finalize                            - Undefined Weak Reference
    __rt_locale                               - Undefined Weak Reference
    __sigvec_lookup                           - Undefined Weak Reference
    _atexit_init                              - Undefined Weak Reference
    _call_atexit_fns                          - Undefined Weak Reference
    _clock_init                               - Undefined Weak Reference
    _fp_trap_init                             - Undefined Weak Reference
    _fp_trap_shutdown                         - Undefined Weak Reference
    _get_lc_collate                           - Undefined Weak Reference
    _get_lc_ctype                             - Undefined Weak Reference
    _get_lc_monetary                          - Undefined Weak Reference
    _get_lc_numeric                           - Undefined Weak Reference
    _get_lc_time                              - Undefined Weak Reference
    _getenv_init                              - Undefined Weak Reference
    _handle_redirection                       - Undefined Weak Reference
    _init_alloc                               - Undefined Weak Reference
    _init_user_alloc                          - Undefined Weak Reference
    _initio                                   - Undefined Weak Reference
    _mutex_acquire                            - Undefined Weak Reference
    _mutex_release                            - Undefined Weak Reference
    _printf_post_padding                      - Undefined Weak Reference
    _printf_pre_padding                       - Undefined Weak Reference
    _printf_truncate_signed                   - Undefined Weak Reference
    _printf_truncate_unsigned                 - Undefined Weak Reference
    _rand_init                                - Undefined Weak Reference
    _signal_finish                            - Undefined Weak Reference
    _signal_init                              - Undefined Weak Reference
    _terminate_alloc                          - Undefined Weak Reference
    _terminate_user_alloc                     - Undefined Weak Reference
    _terminateio                              - Undefined Weak Reference
    __Vectors_Size                           0x00000130   Number         0  startup_stm32f10x_hd.o ABSOLUTE
    __Vectors                                0x08000000   Data           4  startup_stm32f10x_hd.o(RESET)
    __Vectors_End                            0x08000130   Data           0  startup_stm32f10x_hd.o(RESET)
    __main                                   0x08000131   Thumb Code     8  __main.o(!!!main)
    __scatterload                            0x08000139   Thumb Code     0  __scatter.o(!!!scatter)
    __scatterload_rt2                        0x08000139   Thumb Code    44  __scatter.o(!!!scatter)
    __scatterload_rt2_thumb_only             0x08000139   Thumb Code     0  __scatter.o(!!!scatter)
    __scatterload_null                       0x08000147   Thumb Code     0  __scatter.o(!!!scatter)
    __scatterload_copy                       0x0800016d   Thumb Code    26  __scatter_copy.o(!!handler_copy)
    __scatterload_zeroinit                   0x08000189   Thumb Code    28  __scatter_zi.o(!!handler_zi)
    _printf_d                                0x080001a5   Thumb Code     0  _printf_d.o(.ARM.Collect$$_printf_percent$$00000009)
    _printf_percent                          0x080001a5   Thumb Code     0  _printf_percent.o(.ARM.Collect$$_printf_percent$$00000000)
    _printf_percent_end                      0x080001ab   Thumb Code     0  _printf_percent_end.o(.ARM.Collect$$_printf_percent$$00000017)
    __rt_lib_init                            0x080001af   Thumb Code     0  libinit.o(.ARM.Collect$$libinit$$00000000)
    __rt_lib_init_alloca_1                   0x080001b1   Thumb Code     0  libinit2.o(.ARM.Collect$$libinit$$0000002E)
    __rt_lib_init_argv_1                     0x080001b1   Thumb Code     0  libinit2.o(.ARM.Collect$$libinit$$0000002C)
    __rt_lib_init_atexit_1                   0x080001b1   Thumb Code     0  libinit2.o(.ARM.Collect$$libinit$$0000001B)
    __rt_lib_init_clock_1                    0x080001b1   Thumb Code     0  libinit2.o(.ARM.Collect$$libinit$$00000021)
    __rt_lib_init_cpp_1                      0x080001b1   Thumb Code     0  libinit2.o(.ARM.Collect$$libinit$$00000032)
    __rt_lib_init_exceptions_1               0x080001b1   Thumb Code     0  libinit2.o(.ARM.Collect$$libinit$$00000030)
    __rt_lib_init_fp_1                       0x080001b1   Thumb Code     0  libinit2.o(.ARM.Collect$$libinit$$00000002)
    __rt_lib_init_fp_trap_1                  0x080001b1   Thumb Code     0  libinit2.o(.ARM.Collect$$libinit$$0000001F)
    __rt_lib_init_getenv_1                   0x080001b1   Thumb Code     0  libinit2.o(.ARM.Collect$$libinit$$00000023)
    __rt_lib_init_heap_1                     0x080001b1   Thumb Code     0  libinit2.o(.ARM.Collect$$libinit$$0000000A)
    __rt_lib_init_lc_collate_1               0x080001b1   Thumb Code     0  libinit2.o(.ARM.Collect$$libinit$$00000011)
    __rt_lib_init_lc_ctype_1                 0x080001b1   Thumb Code     0  libinit2.o(.ARM.Collect$$libinit$$00000013)
    __rt_lib_init_lc_monetary_1              0x080001b1   Thumb Code     0  libinit2.o(.ARM.Collect$$libinit$$00000015)
    __rt_lib_init_lc_numeric_1               0x080001b1   Thumb Code     0  libinit2.o(.ARM.Collect$$libinit$$00000017)
    __rt_lib_init_lc_time_1                  0x080001b1   Thumb Code     0  libinit2.o(.ARM.Collect$$libinit$$00000019)
    __rt_lib_init_preinit_1                  0x080001b1   Thumb Code     0  libinit2.o(.ARM.Collect$$libinit$$00000004)
    __rt_lib_init_rand_1                     0x080001b1   Thumb Code     0  libinit2.o(.ARM.Collect$$libinit$$0000000E)
    __rt_lib_init_return                     0x080001b1   Thumb Code     0  libinit2.o(.ARM.Collect$$libinit$$00000033)
    __rt_lib_init_signal_1                   0x080001b1   Thumb Code     0  libinit2.o(.ARM.Collect$$libinit$$0000001D)
    __rt_lib_init_stdio_1                    0x080001b1   Thumb Code     0  libinit2.o(.ARM.Collect$$libinit$$00000025)
    __rt_lib_init_user_alloc_1               0x080001b1   Thumb Code     0  libinit2.o(.ARM.Collect$$libinit$$0000000C)
    __rt_lib_shutdown                        0x080001b3   Thumb Code     0  libshutdown.o(.ARM.Collect$$libshutdown$$00000000)
    __rt_lib_shutdown_cpp_1                  0x080001b5   Thumb Code     0  libshutdown2.o(.ARM.Collect$$libshutdown$$00000004)
    __rt_lib_shutdown_fini_1                 0x080001b5   Thumb Code     0  libshutdown2.o(.ARM.Collect$$libshutdown$$00000002)
    __rt_lib_shutdown_fp_trap_1              0x080001b5   Thumb Code     0  libshutdown2.o(.ARM.Collect$$libshutdown$$00000009)
    __rt_lib_shutdown_heap_1                 0x080001b5   Thumb Code     0  libshutdown2.o(.ARM.Collect$$libshutdown$$00000011)
    __rt_lib_shutdown_return                 0x080001b5   Thumb Code     0  libshutdown2.o(.ARM.Collect$$libshutdown$$00000012)
    __rt_lib_shutdown_signal_1               0x080001b5   Thumb Code     0  libshutdown2.o(.ARM.Collect$$libshutdown$$0000000C)
    __rt_lib_shutdown_stdio_1                0x080001b5   Thumb Code     0  libshutdown2.o(.ARM.Collect$$libshutdown$$00000006)
    __rt_lib_shutdown_user_alloc_1           0x080001b5   Thumb Code     0  libshutdown2.o(.ARM.Collect$$libshutdown$$0000000E)
    __rt_entry                               0x080001b7   Thumb Code     0  __rtentry.o(.ARM.Collect$$rtentry$$00000000)
    __rt_entry_presh_1                       0x080001b7   Thumb Code     0  __rtentry2.o(.ARM.Collect$$rtentry$$00000002)
    __rt_entry_sh                            0x080001b7   Thumb Code     0  __rtentry4.o(.ARM.Collect$$rtentry$$00000004)
    __rt_entry_li                            0x080001bd   Thumb Code     0  __rtentry2.o(.ARM.Collect$$rtentry$$0000000A)
    __rt_entry_postsh_1                      0x080001bd   Thumb Code     0  __rtentry2.o(.ARM.Collect$$rtentry$$00000009)
    __rt_entry_main                          0x080001c1   Thumb Code     0  __rtentry2.o(.ARM.Collect$$rtentry$$0000000D)
    __rt_entry_postli_1                      0x080001c1   Thumb Code     0  __rtentry2.o(.ARM.Collect$$rtentry$$0000000C)
    __rt_exit                                0x080001c9   Thumb Code     0  rtexit.o(.ARM.Collect$$rtexit$$00000000)
    __rt_exit_ls                             0x080001cb   Thumb Code     0  rtexit2.o(.ARM.Collect$$rtexit$$00000003)
    __rt_exit_prels_1                        0x080001cb   Thumb Code     0  rtexit2.o(.ARM.Collect$$rtexit$$00000002)
    __rt_exit_exit                           0x080001cf   Thumb Code     0  rtexit2.o(.ARM.Collect$$rtexit$$00000004)
    main                                     0x080001d5   Thumb Code   498  main.o(.text)
    NMI_Handler                              0x08000409   Thumb Code     2  stm32f10x_it.o(.text)
    HardFault_Handler                        0x0800040b   Thumb Code     2  stm32f10x_it.o(.text)
    MemManage_Handler                        0x0800040d   Thumb Code     2  stm32f10x_it.o(.text)
    BusFault_Handler                         0x0800040f   Thumb Code     2  stm32f10x_it.o(.text)
    UsageFault_Handler                       0x08000411   Thumb Code     2  stm32f10x_it.o(.text)
    SVC_Handler                              0x08000413   Thumb Code     2  stm32f10x_it.o(.text)
    DebugMon_Handler                         0x08000415   Thumb Code     2  stm32f10x_it.o(.text)
    PendSV_Handler                           0x08000417   Thumb Code     2  stm32f10x_it.o(.text)
    SysTick_Handler                          0x08000419   Thumb Code     2  stm32f10x_it.o(.text)
    SystemInit                               0x080004bd   Thumb Code    64  system_stm32f10x.o(.text)
    SystemCoreClockUpdate                    0x080004fd   Thumb Code    84  system_stm32f10x.o(.text)
    RF2G4_Init                               0x08000571   Thumb Code    88  rf2g4.o(.text)
    RF2G4_Write_Reg                          0x080005c9   Thumb Code    36  rf2g4.o(.text)
    RF2G4_Write_Cont                         0x080005ed   Thumb Code    52  rf2g4.o(.text)
    RF2G4_Read_Reg                           0x08000621   Thumb Code    30  rf2g4.o(.text)
    RF2G4_Read_Cont                          0x0800063f   Thumb Code    52  rf2g4.o(.text)
    RF2G4_Check                              0x08000673   Thumb Code    68  rf2g4.o(.text)
    RF2G4_RX_Mode                            0x080006b7   Thumb Code    78  rf2g4.o(.text)
    RF2G4_TX_Mode                            0x08000705   Thumb Code    90  rf2g4.o(.text)
    RF2G4_Tx_Packet                          0x0800075f   Thumb Code    90  rf2g4.o(.text)
    RF2G4_Rx_Packet                          0x080007b9   Thumb Code    58  rf2g4.o(.text)
    TIM3_Time_Init                           0x08000809   Thumb Code    90  timer.o(.text)
    TIM3_IRQHandler                          0x08000863   Thumb Code    50  timer.o(.text)
    SPI2_ReadWriteByte                       0x080008a1   Thumb Code    82  spi.o(.text)
    SPI2_Init_JX                             0x080008f3   Thumb Code   132  spi.o(.text)
    SPI2_SetSpeed                            0x08000977   Thumb Code    18  spi.o(.text)
    PWM_Init                                 0x08000991   Thumb Code   152  pwm.o(.text)
    PWM_SetMotor1                            0x08000a29   Thumb Code    26  pwm.o(.text)
    PWM_SetMotor2                            0x08000a43   Thumb Code    26  pwm.o(.text)
    Motor_Control_Init                       0x08000a61   Thumb Code    22  motor.o(.text)
    Motor_Update                             0x08000a77   Thumb Code   188  motor.o(.text)
    delay_init                               0x08000b41   Thumb Code    46  delay.o(.text)
    delay_us                                 0x08000b6f   Thumb Code    46  delay.o(.text)
    delay_ms                                 0x08000b9d   Thumb Code    46  delay.o(.text)
    _sys_exit                                0x08000bd9   Thumb Code     2  usart.o(.text)
    fputc                                    0x08000bdb   Thumb Code    18  usart.o(.text)
    uart_init                                0x08000bed   Thumb Code   152  usart.o(.text)
    USART1_IRQHandler                        0x08000c85   Thumb Code    88  usart.o(.text)
    Reset_Handler                            0x08000ced   Thumb Code     8  startup_stm32f10x_hd.o(.text)
    ADC1_2_IRQHandler                        0x08000d07   Thumb Code     0  startup_stm32f10x_hd.o(.text)
    ADC3_IRQHandler                          0x08000d07   Thumb Code     0  startup_stm32f10x_hd.o(.text)
    CAN1_RX1_IRQHandler                      0x08000d07   Thumb Code     0  startup_stm32f10x_hd.o(.text)
    CAN1_SCE_IRQHandler                      0x08000d07   Thumb Code     0  startup_stm32f10x_hd.o(.text)
    DMA1_Channel1_IRQHandler                 0x08000d07   Thumb Code     0  startup_stm32f10x_hd.o(.text)
    DMA1_Channel2_IRQHandler                 0x08000d07   Thumb Code     0  startup_stm32f10x_hd.o(.text)
    DMA1_Channel3_IRQHandler                 0x08000d07   Thumb Code     0  startup_stm32f10x_hd.o(.text)
    DMA1_Channel4_IRQHandler                 0x08000d07   Thumb Code     0  startup_stm32f10x_hd.o(.text)
    DMA1_Channel5_IRQHandler                 0x08000d07   Thumb Code     0  startup_stm32f10x_hd.o(.text)
    DMA1_Channel6_IRQHandler                 0x08000d07   Thumb Code     0  startup_stm32f10x_hd.o(.text)
    DMA1_Channel7_IRQHandler                 0x08000d07   Thumb Code     0  startup_stm32f10x_hd.o(.text)
    DMA2_Channel1_IRQHandler                 0x08000d07   Thumb Code     0  startup_stm32f10x_hd.o(.text)
    DMA2_Channel2_IRQHandler                 0x08000d07   Thumb Code     0  startup_stm32f10x_hd.o(.text)
    DMA2_Channel3_IRQHandler                 0x08000d07   Thumb Code     0  startup_stm32f10x_hd.o(.text)
    DMA2_Channel4_5_IRQHandler               0x08000d07   Thumb Code     0  startup_stm32f10x_hd.o(.text)
    EXTI0_IRQHandler                         0x08000d07   Thumb Code     0  startup_stm32f10x_hd.o(.text)
    EXTI15_10_IRQHandler                     0x08000d07   Thumb Code     0  startup_stm32f10x_hd.o(.text)
    EXTI1_IRQHandler                         0x08000d07   Thumb Code     0  startup_stm32f10x_hd.o(.text)
    EXTI2_IRQHandler                         0x08000d07   Thumb Code     0  startup_stm32f10x_hd.o(.text)
    EXTI3_IRQHandler                         0x08000d07   Thumb Code     0  startup_stm32f10x_hd.o(.text)
    EXTI4_IRQHandler                         0x08000d07   Thumb Code     0  startup_stm32f10x_hd.o(.text)
    EXTI9_5_IRQHandler                       0x08000d07   Thumb Code     0  startup_stm32f10x_hd.o(.text)
    FLASH_IRQHandler                         0x08000d07   Thumb Code     0  startup_stm32f10x_hd.o(.text)
    FSMC_IRQHandler                          0x08000d07   Thumb Code     0  startup_stm32f10x_hd.o(.text)
    I2C1_ER_IRQHandler                       0x08000d07   Thumb Code     0  startup_stm32f10x_hd.o(.text)
    I2C1_EV_IRQHandler                       0x08000d07   Thumb Code     0  startup_stm32f10x_hd.o(.text)
    I2C2_ER_IRQHandler                       0x08000d07   Thumb Code     0  startup_stm32f10x_hd.o(.text)
    I2C2_EV_IRQHandler                       0x08000d07   Thumb Code     0  startup_stm32f10x_hd.o(.text)
    PVD_IRQHandler                           0x08000d07   Thumb Code     0  startup_stm32f10x_hd.o(.text)
    RCC_IRQHandler                           0x08000d07   Thumb Code     0  startup_stm32f10x_hd.o(.text)
    RTCAlarm_IRQHandler                      0x08000d07   Thumb Code     0  startup_stm32f10x_hd.o(.text)
    RTC_IRQHandler                           0x08000d07   Thumb Code     0  startup_stm32f10x_hd.o(.text)
    SDIO_IRQHandler                          0x08000d07   Thumb Code     0  startup_stm32f10x_hd.o(.text)
    SPI1_IRQHandler                          0x08000d07   Thumb Code     0  startup_stm32f10x_hd.o(.text)
    SPI2_IRQHandler                          0x08000d07   Thumb Code     0  startup_stm32f10x_hd.o(.text)
    SPI3_IRQHandler                          0x08000d07   Thumb Code     0  startup_stm32f10x_hd.o(.text)
    TAMPER_IRQHandler                        0x08000d07   Thumb Code     0  startup_stm32f10x_hd.o(.text)
    TIM1_BRK_IRQHandler                      0x08000d07   Thumb Code     0  startup_stm32f10x_hd.o(.text)
    TIM1_CC_IRQHandler                       0x08000d07   Thumb Code     0  startup_stm32f10x_hd.o(.text)
    TIM1_TRG_COM_IRQHandler                  0x08000d07   Thumb Code     0  startup_stm32f10x_hd.o(.text)
    TIM1_UP_IRQHandler                       0x08000d07   Thumb Code     0  startup_stm32f10x_hd.o(.text)
    TIM2_IRQHandler                          0x08000d07   Thumb Code     0  startup_stm32f10x_hd.o(.text)
    TIM4_IRQHandler                          0x08000d07   Thumb Code     0  startup_stm32f10x_hd.o(.text)
    TIM5_IRQHandler                          0x08000d07   Thumb Code     0  startup_stm32f10x_hd.o(.text)
    TIM6_IRQHandler                          0x08000d07   Thumb Code     0  startup_stm32f10x_hd.o(.text)
    TIM7_IRQHandler                          0x08000d07   Thumb Code     0  startup_stm32f10x_hd.o(.text)
    TIM8_BRK_IRQHandler                      0x08000d07   Thumb Code     0  startup_stm32f10x_hd.o(.text)
    TIM8_CC_IRQHandler                       0x08000d07   Thumb Code     0  startup_stm32f10x_hd.o(.text)
    TIM8_TRG_COM_IRQHandler                  0x08000d07   Thumb Code     0  startup_stm32f10x_hd.o(.text)
    TIM8_UP_IRQHandler                       0x08000d07   Thumb Code     0  startup_stm32f10x_hd.o(.text)
    UART4_IRQHandler                         0x08000d07   Thumb Code     0  startup_stm32f10x_hd.o(.text)
    UART5_IRQHandler                         0x08000d07   Thumb Code     0  startup_stm32f10x_hd.o(.text)
    USART2_IRQHandler                        0x08000d07   Thumb Code     0  startup_stm32f10x_hd.o(.text)
    USART3_IRQHandler                        0x08000d07   Thumb Code     0  startup_stm32f10x_hd.o(.text)
    USBWakeUp_IRQHandler                     0x08000d07   Thumb Code     0  startup_stm32f10x_hd.o(.text)
    USB_HP_CAN1_TX_IRQHandler                0x08000d07   Thumb Code     0  startup_stm32f10x_hd.o(.text)
    USB_LP_CAN1_RX0_IRQHandler               0x08000d07   Thumb Code     0  startup_stm32f10x_hd.o(.text)
    WWDG_IRQHandler                          0x08000d07   Thumb Code     0  startup_stm32f10x_hd.o(.text)
    __user_initial_stackheap                 0x08000d09   Thumb Code     0  startup_stm32f10x_hd.o(.text)
    GPIO_DeInit                              0x08000d2d   Thumb Code   152  stm32f10x_gpio.o(.text)
    GPIO_AFIODeInit                          0x08000dc5   Thumb Code    22  stm32f10x_gpio.o(.text)
    GPIO_Init                                0x08000ddb   Thumb Code   164  stm32f10x_gpio.o(.text)
    GPIO_StructInit                          0x08000e7f   Thumb Code    16  stm32f10x_gpio.o(.text)
    GPIO_ReadInputDataBit                    0x08000e8f   Thumb Code    14  stm32f10x_gpio.o(.text)
    GPIO_ReadInputData                       0x08000e9d   Thumb Code     6  stm32f10x_gpio.o(.text)
    GPIO_ReadOutputDataBit                   0x08000ea3   Thumb Code    14  stm32f10x_gpio.o(.text)
    GPIO_ReadOutputData                      0x08000eb1   Thumb Code     6  stm32f10x_gpio.o(.text)
    GPIO_SetBits                             0x08000eb7   Thumb Code     4  stm32f10x_gpio.o(.text)
    GPIO_ResetBits                           0x08000ebb   Thumb Code     4  stm32f10x_gpio.o(.text)
    GPIO_WriteBit                            0x08000ebf   Thumb Code    10  stm32f10x_gpio.o(.text)
    GPIO_Write                               0x08000ec9   Thumb Code     4  stm32f10x_gpio.o(.text)
    GPIO_PinLockConfig                       0x08000ecd   Thumb Code    16  stm32f10x_gpio.o(.text)
    GPIO_EventOutputConfig                   0x08000edd   Thumb Code    22  stm32f10x_gpio.o(.text)
    GPIO_EventOutputCmd                      0x08000ef3   Thumb Code     6  stm32f10x_gpio.o(.text)
    GPIO_PinRemapConfig                      0x08000ef9   Thumb Code    82  stm32f10x_gpio.o(.text)
    GPIO_EXTILineConfig                      0x08000f4b   Thumb Code    34  stm32f10x_gpio.o(.text)
    GPIO_ETH_MediaInterfaceConfig            0x08000f6d   Thumb Code     8  stm32f10x_gpio.o(.text)
    RCC_DeInit                               0x08000f99   Thumb Code    50  stm32f10x_rcc.o(.text)
    RCC_HSEConfig                            0x08000fcb   Thumb Code    48  stm32f10x_rcc.o(.text)
    RCC_GetFlagStatus                        0x08000ffb   Thumb Code    42  stm32f10x_rcc.o(.text)
    RCC_WaitForHSEStartUp                    0x08001025   Thumb Code    44  stm32f10x_rcc.o(.text)
    RCC_AdjustHSICalibrationValue            0x08001051   Thumb Code    16  stm32f10x_rcc.o(.text)
    RCC_HSICmd                               0x08001061   Thumb Code     6  stm32f10x_rcc.o(.text)
    RCC_PLLConfig                            0x08001067   Thumb Code    16  stm32f10x_rcc.o(.text)
    RCC_PLLCmd                               0x08001077   Thumb Code     6  stm32f10x_rcc.o(.text)
    RCC_SYSCLKConfig                         0x0800107d   Thumb Code    14  stm32f10x_rcc.o(.text)
    RCC_GetSYSCLKSource                      0x0800108b   Thumb Code    10  stm32f10x_rcc.o(.text)
    RCC_HCLKConfig                           0x08001095   Thumb Code    14  stm32f10x_rcc.o(.text)
    RCC_PCLK1Config                          0x080010a3   Thumb Code    14  stm32f10x_rcc.o(.text)
    RCC_PCLK2Config                          0x080010b1   Thumb Code    16  stm32f10x_rcc.o(.text)
    RCC_ITConfig                             0x080010c1   Thumb Code    18  stm32f10x_rcc.o(.text)
    RCC_USBCLKConfig                         0x080010d3   Thumb Code     8  stm32f10x_rcc.o(.text)
    RCC_ADCCLKConfig                         0x080010db   Thumb Code    14  stm32f10x_rcc.o(.text)
    RCC_LSEConfig                            0x080010e9   Thumb Code    28  stm32f10x_rcc.o(.text)
    RCC_LSICmd                               0x08001105   Thumb Code     6  stm32f10x_rcc.o(.text)
    RCC_RTCCLKConfig                         0x0800110b   Thumb Code    10  stm32f10x_rcc.o(.text)
    RCC_RTCCLKCmd                            0x08001115   Thumb Code     8  stm32f10x_rcc.o(.text)
    RCC_GetClocksFreq                        0x0800111d   Thumb Code   128  stm32f10x_rcc.o(.text)
    RCC_AHBPeriphClockCmd                    0x0800119d   Thumb Code    18  stm32f10x_rcc.o(.text)
    RCC_APB2PeriphClockCmd                   0x080011af   Thumb Code    18  stm32f10x_rcc.o(.text)
    RCC_APB1PeriphClockCmd                   0x080011c1   Thumb Code    18  stm32f10x_rcc.o(.text)
    RCC_APB2PeriphResetCmd                   0x080011d3   Thumb Code    18  stm32f10x_rcc.o(.text)
    RCC_APB1PeriphResetCmd                   0x080011e5   Thumb Code    18  stm32f10x_rcc.o(.text)
    RCC_BackupResetCmd                       0x080011f7   Thumb Code     8  stm32f10x_rcc.o(.text)
    RCC_ClockSecuritySystemCmd               0x080011ff   Thumb Code     6  stm32f10x_rcc.o(.text)
    RCC_MCOConfig                            0x08001205   Thumb Code     6  stm32f10x_rcc.o(.text)
    RCC_ClearFlag                            0x0800120b   Thumb Code    12  stm32f10x_rcc.o(.text)
    RCC_GetITStatus                          0x08001217   Thumb Code    16  stm32f10x_rcc.o(.text)
    RCC_ClearITPendingBit                    0x08001227   Thumb Code     6  stm32f10x_rcc.o(.text)
    USART_DeInit                             0x0800124d   Thumb Code    96  stm32f10x_usart.o(.text)
    USART_Init                               0x080012ad   Thumb Code   166  stm32f10x_usart.o(.text)
    USART_StructInit                         0x08001353   Thumb Code    22  stm32f10x_usart.o(.text)
    USART_ClockInit                          0x08001369   Thumb Code    30  stm32f10x_usart.o(.text)
    USART_ClockStructInit                    0x08001387   Thumb Code    12  stm32f10x_usart.o(.text)
    USART_Cmd                                0x08001393   Thumb Code    20  stm32f10x_usart.o(.text)
    USART_ITConfig                           0x080013a7   Thumb Code    48  stm32f10x_usart.o(.text)
    USART_DMACmd                             0x080013d7   Thumb Code    16  stm32f10x_usart.o(.text)
    USART_SetAddress                         0x080013e7   Thumb Code    16  stm32f10x_usart.o(.text)
    USART_WakeUpConfig                       0x080013f7   Thumb Code    16  stm32f10x_usart.o(.text)
    USART_ReceiverWakeUpCmd                  0x08001407   Thumb Code    20  stm32f10x_usart.o(.text)
    USART_LINBreakDetectLengthConfig         0x0800141b   Thumb Code    16  stm32f10x_usart.o(.text)
    USART_LINCmd                             0x0800142b   Thumb Code    20  stm32f10x_usart.o(.text)
    USART_SendData                           0x0800143f   Thumb Code     8  stm32f10x_usart.o(.text)
    USART_ReceiveData                        0x08001447   Thumb Code     8  stm32f10x_usart.o(.text)
    USART_SendBreak                          0x0800144f   Thumb Code    10  stm32f10x_usart.o(.text)
    USART_SetGuardTime                       0x08001459   Thumb Code    16  stm32f10x_usart.o(.text)
    USART_SetPrescaler                       0x08001469   Thumb Code    16  stm32f10x_usart.o(.text)
    USART_SmartCardCmd                       0x08001479   Thumb Code    20  stm32f10x_usart.o(.text)
    USART_SmartCardNACKCmd                   0x0800148d   Thumb Code    20  stm32f10x_usart.o(.text)
    USART_HalfDuplexCmd                      0x080014a1   Thumb Code    20  stm32f10x_usart.o(.text)
    USART_OverSampling8Cmd                   0x080014b5   Thumb Code    20  stm32f10x_usart.o(.text)
    USART_OneBitMethodCmd                    0x080014c9   Thumb Code    20  stm32f10x_usart.o(.text)
    USART_IrDAConfig                         0x080014dd   Thumb Code    16  stm32f10x_usart.o(.text)
    USART_IrDACmd                            0x080014ed   Thumb Code    20  stm32f10x_usart.o(.text)
    USART_GetFlagStatus                      0x08001501   Thumb Code    14  stm32f10x_usart.o(.text)
    USART_ClearFlag                          0x0800150f   Thumb Code     6  stm32f10x_usart.o(.text)
    USART_GetITStatus                        0x08001515   Thumb Code    62  stm32f10x_usart.o(.text)
    USART_ClearITPendingBit                  0x08001553   Thumb Code    12  stm32f10x_usart.o(.text)
    NVIC_PriorityGroupConfig                 0x08001575   Thumb Code    10  misc.o(.text)
    NVIC_Init                                0x0800157f   Thumb Code    94  misc.o(.text)
    NVIC_SetVectorTable                      0x080015dd   Thumb Code    14  misc.o(.text)
    NVIC_SystemLPConfig                      0x080015eb   Thumb Code    20  misc.o(.text)
    SysTick_CLKSourceConfig                  0x080015ff   Thumb Code    24  misc.o(.text)
    SPI_I2S_DeInit                           0x08001625   Thumb Code    72  stm32f10x_spi.o(.text)
    SPI_Init                                 0x0800166d   Thumb Code    56  stm32f10x_spi.o(.text)
    I2S_Init                                 0x080016a5   Thumb Code   152  stm32f10x_spi.o(.text)
    SPI_StructInit                           0x0800173d   Thumb Code    24  stm32f10x_spi.o(.text)
    I2S_StructInit                           0x08001755   Thumb Code    18  stm32f10x_spi.o(.text)
    SPI_Cmd                                  0x08001767   Thumb Code    20  stm32f10x_spi.o(.text)
    I2S_Cmd                                  0x0800177b   Thumb Code    20  stm32f10x_spi.o(.text)
    SPI_I2S_ITConfig                         0x0800178f   Thumb Code    24  stm32f10x_spi.o(.text)
    SPI_I2S_DMACmd                           0x080017a7   Thumb Code    16  stm32f10x_spi.o(.text)
    SPI_I2S_SendData                         0x080017b7   Thumb Code     4  stm32f10x_spi.o(.text)
    SPI_I2S_ReceiveData                      0x080017bb   Thumb Code     4  stm32f10x_spi.o(.text)
    SPI_NSSInternalSoftwareConfig            0x080017bf   Thumb Code    24  stm32f10x_spi.o(.text)
    SPI_SSOutputCmd                          0x080017d7   Thumb Code    20  stm32f10x_spi.o(.text)
    SPI_DataSizeConfig                       0x080017eb   Thumb Code    16  stm32f10x_spi.o(.text)
    SPI_TransmitCRC                          0x080017fb   Thumb Code    10  stm32f10x_spi.o(.text)
    SPI_CalculateCRC                         0x08001805   Thumb Code    20  stm32f10x_spi.o(.text)
    SPI_GetCRC                               0x08001819   Thumb Code    12  stm32f10x_spi.o(.text)
    SPI_GetCRCPolynomial                     0x08001825   Thumb Code     4  stm32f10x_spi.o(.text)
    SPI_BiDirectionalLineConfig              0x08001829   Thumb Code    22  stm32f10x_spi.o(.text)
    SPI_I2S_GetFlagStatus                    0x0800183f   Thumb Code    14  stm32f10x_spi.o(.text)
    SPI_I2S_ClearFlag                        0x0800184d   Thumb Code     6  stm32f10x_spi.o(.text)
    SPI_I2S_GetITStatus                      0x08001853   Thumb Code    42  stm32f10x_spi.o(.text)
    SPI_I2S_ClearITPendingBit                0x0800187d   Thumb Code    14  stm32f10x_spi.o(.text)
    TIM_DeInit                               0x08001899   Thumb Code   304  stm32f10x_tim.o(.text)
    TIM_TimeBaseInit                         0x080019c9   Thumb Code   114  stm32f10x_tim.o(.text)
    TIM_OC1Init                              0x08001a3b   Thumb Code   106  stm32f10x_tim.o(.text)
    TIM_OC2Init                              0x08001aa5   Thumb Code   120  stm32f10x_tim.o(.text)
    TIM_OC3Init                              0x08001b1d   Thumb Code   116  stm32f10x_tim.o(.text)
    TIM_OC4Init                              0x08001b91   Thumb Code    90  stm32f10x_tim.o(.text)
    TIM_SetIC4Prescaler                      0x08001beb   Thumb Code    24  stm32f10x_tim.o(.text)
    TIM_SetIC3Prescaler                      0x08001c03   Thumb Code    16  stm32f10x_tim.o(.text)
    TIM_SetIC2Prescaler                      0x08001c13   Thumb Code    24  stm32f10x_tim.o(.text)
    TIM_SetIC1Prescaler                      0x08001cd1   Thumb Code    16  stm32f10x_tim.o(.text)
    TIM_ICInit                               0x08001d39   Thumb Code   272  stm32f10x_tim.o(.text)
    TIM_PWMIConfig                           0x08001e49   Thumb Code   104  stm32f10x_tim.o(.text)
    TIM_BDTRConfig                           0x08001eb1   Thumb Code    34  stm32f10x_tim.o(.text)
    TIM_TimeBaseStructInit                   0x08001ed3   Thumb Code    18  stm32f10x_tim.o(.text)
    TIM_OCStructInit                         0x08001ee5   Thumb Code    20  stm32f10x_tim.o(.text)
    TIM_ICStructInit                         0x08001ef9   Thumb Code    16  stm32f10x_tim.o(.text)
    TIM_BDTRStructInit                       0x08001f09   Thumb Code    18  stm32f10x_tim.o(.text)
    TIM_Cmd                                  0x08001f1b   Thumb Code    20  stm32f10x_tim.o(.text)
    TIM_CtrlPWMOutputs                       0x08001f2f   Thumb Code    22  stm32f10x_tim.o(.text)
    TIM_ITConfig                             0x08001f45   Thumb Code    16  stm32f10x_tim.o(.text)
    TIM_GenerateEvent                        0x08001f55   Thumb Code     4  stm32f10x_tim.o(.text)
    TIM_DMAConfig                            0x08001f59   Thumb Code     8  stm32f10x_tim.o(.text)
    TIM_DMACmd                               0x08001f61   Thumb Code    16  stm32f10x_tim.o(.text)
    TIM_InternalClockConfig                  0x08001f71   Thumb Code    10  stm32f10x_tim.o(.text)
    TIM_SelectInputTrigger                   0x08001f7b   Thumb Code    12  stm32f10x_tim.o(.text)
    TIM_ITRxExternalClockConfig              0x08001f87   Thumb Code    18  stm32f10x_tim.o(.text)
    TIM_TIxExternalClockConfig               0x08001f99   Thumb Code    46  stm32f10x_tim.o(.text)
    TIM_ETRConfig                            0x08001fc7   Thumb Code    24  stm32f10x_tim.o(.text)
    TIM_ETRClockMode1Config                  0x08001fdf   Thumb Code    18  stm32f10x_tim.o(.text)
    TIM_ETRClockMode2Config                  0x08001ff1   Thumb Code    18  stm32f10x_tim.o(.text)
    TIM_PrescalerConfig                      0x08002003   Thumb Code     6  stm32f10x_tim.o(.text)
    TIM_CounterModeConfig                    0x08002009   Thumb Code    12  stm32f10x_tim.o(.text)
    TIM_EncoderInterfaceConfig               0x08002015   Thumb Code    50  stm32f10x_tim.o(.text)
    TIM_ForcedOC1Config                      0x08002047   Thumb Code    12  stm32f10x_tim.o(.text)
    TIM_ForcedOC2Config                      0x08002053   Thumb Code    20  stm32f10x_tim.o(.text)
    TIM_ForcedOC3Config                      0x08002067   Thumb Code    12  stm32f10x_tim.o(.text)
    TIM_ForcedOC4Config                      0x08002073   Thumb Code    20  stm32f10x_tim.o(.text)
    TIM_ARRPreloadConfig                     0x08002087   Thumb Code    20  stm32f10x_tim.o(.text)
    TIM_SelectCOM                            0x0800209b   Thumb Code    20  stm32f10x_tim.o(.text)
    TIM_SelectCCDMA                          0x080020af   Thumb Code    20  stm32f10x_tim.o(.text)
    TIM_CCPreloadControl                     0x080020c3   Thumb Code    20  stm32f10x_tim.o(.text)
    TIM_OC1PreloadConfig                     0x080020d7   Thumb Code    34  stm32f10x_tim.o(.text)
    TIM_OC2PreloadConfig                     0x080020f9   Thumb Code    20  stm32f10x_tim.o(.text)
    TIM_OC3PreloadConfig                     0x0800210d   Thumb Code    12  stm32f10x_tim.o(.text)
    TIM_OC4PreloadConfig                     0x08002119   Thumb Code    20  stm32f10x_tim.o(.text)
    TIM_OC1FastConfig                        0x0800212d   Thumb Code    12  stm32f10x_tim.o(.text)
    TIM_OC2FastConfig                        0x08002139   Thumb Code    20  stm32f10x_tim.o(.text)
    TIM_OC3FastConfig                        0x0800214d   Thumb Code    12  stm32f10x_tim.o(.text)
    TIM_OC4FastConfig                        0x08002159   Thumb Code    20  stm32f10x_tim.o(.text)
    TIM_ClearOC1Ref                          0x0800216d   Thumb Code    12  stm32f10x_tim.o(.text)
    TIM_ClearOC2Ref                          0x08002179   Thumb Code    20  stm32f10x_tim.o(.text)
    TIM_ClearOC3Ref                          0x0800218d   Thumb Code    12  stm32f10x_tim.o(.text)
    TIM_ClearOC4Ref                          0x08002199   Thumb Code    20  stm32f10x_tim.o(.text)
    TIM_OC1PolarityConfig                    0x080021ad   Thumb Code    12  stm32f10x_tim.o(.text)
    TIM_OC1NPolarityConfig                   0x080021b9   Thumb Code    12  stm32f10x_tim.o(.text)
    TIM_OC2PolarityConfig                    0x080021c5   Thumb Code    20  stm32f10x_tim.o(.text)
    TIM_OC2NPolarityConfig                   0x080021d9   Thumb Code    20  stm32f10x_tim.o(.text)
    TIM_OC3PolarityConfig                    0x080021ed   Thumb Code    20  stm32f10x_tim.o(.text)
    TIM_OC3NPolarityConfig                   0x08002201   Thumb Code    20  stm32f10x_tim.o(.text)
    TIM_OC4PolarityConfig                    0x08002215   Thumb Code    20  stm32f10x_tim.o(.text)
    TIM_CCxCmd                               0x08002229   Thumb Code    22  stm32f10x_tim.o(.text)
    TIM_CCxNCmd                              0x0800223f   Thumb Code    22  stm32f10x_tim.o(.text)
    TIM_SelectOCxM                           0x08002255   Thumb Code    70  stm32f10x_tim.o(.text)
    TIM_UpdateDisableConfig                  0x0800229b   Thumb Code    20  stm32f10x_tim.o(.text)
    TIM_UpdateRequestConfig                  0x080022af   Thumb Code    20  stm32f10x_tim.o(.text)
    TIM_SelectHallSensor                     0x080022c3   Thumb Code    20  stm32f10x_tim.o(.text)
    TIM_SelectOnePulseMode                   0x080022d7   Thumb Code    16  stm32f10x_tim.o(.text)
    TIM_SelectOutputTrigger                  0x080022e7   Thumb Code    16  stm32f10x_tim.o(.text)
    TIM_SelectSlaveMode                      0x080022f7   Thumb Code    16  stm32f10x_tim.o(.text)
    TIM_SelectMasterSlaveMode                0x08002307   Thumb Code    16  stm32f10x_tim.o(.text)
    TIM_SetCounter                           0x08002317   Thumb Code     4  stm32f10x_tim.o(.text)
    TIM_SetAutoreload                        0x0800231b   Thumb Code     4  stm32f10x_tim.o(.text)
    TIM_SetCompare1                          0x0800231f   Thumb Code     4  stm32f10x_tim.o(.text)
    TIM_SetCompare2                          0x08002323   Thumb Code     4  stm32f10x_tim.o(.text)
    TIM_SetCompare3                          0x08002327   Thumb Code     4  stm32f10x_tim.o(.text)
    TIM_SetCompare4                          0x0800232b   Thumb Code     6  stm32f10x_tim.o(.text)
    TIM_SetClockDivision                     0x08002331   Thumb Code    16  stm32f10x_tim.o(.text)
    TIM_GetCapture1                          0x08002341   Thumb Code     4  stm32f10x_tim.o(.text)
    TIM_GetCapture2                          0x08002345   Thumb Code     4  stm32f10x_tim.o(.text)
    TIM_GetCapture3                          0x08002349   Thumb Code     4  stm32f10x_tim.o(.text)
    TIM_GetCapture4                          0x0800234d   Thumb Code     6  stm32f10x_tim.o(.text)
    TIM_GetCounter                           0x08002353   Thumb Code     4  stm32f10x_tim.o(.text)
    TIM_GetPrescaler                         0x08002357   Thumb Code     4  stm32f10x_tim.o(.text)
    TIM_GetFlagStatus                        0x0800235b   Thumb Code    14  stm32f10x_tim.o(.text)
    TIM_ClearFlag                            0x08002369   Thumb Code     6  stm32f10x_tim.o(.text)
    TIM_GetITStatus                          0x0800236f   Thumb Code    24  stm32f10x_tim.o(.text)
    TIM_ClearITPendingBit                    0x08002387   Thumb Code     6  stm32f10x_tim.o(.text)
    u8g2_ClearBuffer                         0x0800238d   Thumb Code    18  u8g2_buffer.o(.text)
    u8g2_SendBuffer                          0x080023ed   Thumb Code    18  u8g2_buffer.o(.text)
    u8g2_SetBufferCurrTileRow                0x080023ff   Thumb Code    28  u8g2_buffer.o(.text)
    u8g2_FirstPage                           0x0800241b   Thumb Code    26  u8g2_buffer.o(.text)
    u8g2_NextPage                            0x08002435   Thumb Code    62  u8g2_buffer.o(.text)
    u8g2_UpdateDisplayArea                   0x08002473   Thumb Code    74  u8g2_buffer.o(.text)
    u8g2_UpdateDisplay                       0x080024bd   Thumb Code     2  u8g2_buffer.o(.text)
    u8g2_WriteBufferPBM                      0x080024bf   Thumb Code    40  u8g2_buffer.o(.text)
    u8g2_WriteBufferXBM                      0x080024e7   Thumb Code    40  u8g2_buffer.o(.text)
    u8g2_WriteBufferPBM2                     0x0800250f   Thumb Code    40  u8g2_buffer.o(.text)
    u8g2_WriteBufferXBM2                     0x08002537   Thumb Code    40  u8g2_buffer.o(.text)
    u8g2_m_16_8_f                            0x08002569   Thumb Code     8  u8g2_d_memory.o(.text)
    u8g2_Setup_ssd1306_i2c_128x64_noname_f   0x08002575   Thumb Code    42  u8g2_d_setup.o(.text)
    u8g2_read_font_info                      0x080025ad   Thumb Code   106  u8g2_font.o(.text)
    u8g2_GetFontSize                         0x08002617   Thumb Code    56  u8g2_font.o(.text)
    u8g2_GetFontBBXWidth                     0x0800264f   Thumb Code     6  u8g2_font.o(.text)
    u8g2_GetFontBBXHeight                    0x08002655   Thumb Code     6  u8g2_font.o(.text)
    u8g2_GetFontBBXOffX                      0x0800265b   Thumb Code     6  u8g2_font.o(.text)
    u8g2_GetFontBBXOffY                      0x08002661   Thumb Code     6  u8g2_font.o(.text)
    u8g2_GetFontCapitalAHeight               0x08002667   Thumb Code     6  u8g2_font.o(.text)
    u8g2_font_decode_get_unsigned_bits       0x0800266d   Thumb Code    52  u8g2_font.o(.text)
    u8g2_font_decode_get_signed_bits         0x080026a1   Thumb Code    20  u8g2_font.o(.text)
    u8g2_add_vector_y                        0x080026b5   Thumb Code    28  u8g2_font.o(.text)
    u8g2_add_vector_x                        0x080026d1   Thumb Code    28  u8g2_font.o(.text)
    u8g2_font_decode_len                     0x080026ed   Thumb Code   140  u8g2_font.o(.text)
    u8g2_font_decode_glyph                   0x080027ad   Thumb Code   276  u8g2_font.o(.text)
    u8g2_font_get_glyph_data                 0x080028c1   Thumb Code   114  u8g2_font.o(.text)
    u8g2_IsGlyph                             0x08002933   Thumb Code    14  u8g2_font.o(.text)
    u8g2_GetGlyphWidth                       0x08002941   Thumb Code    60  u8g2_font.o(.text)
    u8g2_SetFontMode                         0x0800297d   Thumb Code     6  u8g2_font.o(.text)
    u8g2_DrawGlyph                           0x08002983   Thumb Code   112  u8g2_font.o(.text)
    u8g2_DrawStr                             0x08002a69   Thumb Code    10  u8g2_font.o(.text)
    u8g2_DrawUTF8                            0x08002a73   Thumb Code    10  u8g2_font.o(.text)
    u8g2_DrawExtendedUTF8                    0x08002a7d   Thumb Code   162  u8g2_font.o(.text)
    u8g2_DrawExtUTF8                         0x08002b1f   Thumb Code   144  u8g2_font.o(.text)
    u8g2_UpdateRefHeight                     0x08002baf   Thumb Code    82  u8g2_font.o(.text)
    u8g2_SetFontRefHeightText                0x08002c01   Thumb Code     8  u8g2_font.o(.text)
    u8g2_SetFontRefHeightExtendedText        0x08002c09   Thumb Code     8  u8g2_font.o(.text)
    u8g2_SetFontRefHeightAll                 0x08002c11   Thumb Code     8  u8g2_font.o(.text)
    u8g2_font_calc_vref_font                 0x08002c19   Thumb Code     4  u8g2_font.o(.text)
    u8g2_SetFontPosBaseline                  0x08002c1d   Thumb Code     8  u8g2_font.o(.text)
    u8g2_font_calc_vref_bottom               0x08002c25   Thumb Code     8  u8g2_font.o(.text)
    u8g2_SetFontPosBottom                    0x08002c2d   Thumb Code     8  u8g2_font.o(.text)
    u8g2_font_calc_vref_top                  0x08002c35   Thumb Code    10  u8g2_font.o(.text)
    u8g2_SetFontPosTop                       0x08002c3f   Thumb Code     8  u8g2_font.o(.text)
    u8g2_font_calc_vref_center               0x08002c47   Thumb Code    24  u8g2_font.o(.text)
    u8g2_SetFontPosCenter                    0x08002c5f   Thumb Code     8  u8g2_font.o(.text)
    u8g2_SetFont                             0x08002c67   Thumb Code    30  u8g2_font.o(.text)
    u8g2_IsAllValidUTF8                      0x08002c85   Thumb Code    58  u8g2_font.o(.text)
    u8g2_GetStrX                             0x08002d33   Thumb Code    60  u8g2_font.o(.text)
    u8g2_GetStrWidth                         0x08002d6f   Thumb Code     6  u8g2_font.o(.text)
    u8g2_GetUTF8Width                        0x08002d75   Thumb Code     6  u8g2_font.o(.text)
    u8g2_SetFontDirection                    0x08002d7b   Thumb Code     6  u8g2_font.o(.text)
    u8g2_draw_hv_line_2dir                   0x08002dd9   Thumb Code    18  u8g2_hvline.o(.text)
    u8g2_DrawHVLine                          0x08002deb   Thumb Code   170  u8g2_hvline.o(.text)
    u8g2_DrawHLine                           0x08002e95   Thumb Code    12  u8g2_hvline.o(.text)
    u8g2_DrawVLine                           0x08002ea1   Thumb Code    12  u8g2_hvline.o(.text)
    u8g2_DrawPixel                           0x08002ead   Thumb Code    46  u8g2_hvline.o(.text)
    u8g2_SetDrawColor                        0x08002edb   Thumb Code    16  u8g2_hvline.o(.text)
    u8g2_is_intersection_decision_tree       0x08002eeb   Thumb Code    24  u8g2_intersection.o(.text)
    u8g2_IsIntersection                      0x08002f03   Thumb Code    46  u8g2_intersection.o(.text)
    u8g2_GetKerning                          0x08002f31   Thumb Code    84  u8g2_kerning.o(.text)
    u8g2_GetKerningByTable                   0x08002f85   Thumb Code    52  u8g2_kerning.o(.text)
    u8g2_ll_hvline_vertical_top_lsb          0x08002fb9   Thumb Code   144  u8g2_ll_hvline.o(.text)
    u8g2_ll_hvline_horizontal_right_lsb      0x08003049   Thumb Code   118  u8g2_ll_hvline.o(.text)
    u8g2_SetMaxClipWindow                    0x080030c1   Thumb Code    28  u8g2_setup.o(.text)
    u8g2_SetClipWindow                       0x080030dd   Thumb Code    28  u8g2_setup.o(.text)
    u8g2_SetupBuffer                         0x080030f9   Thumb Code    66  u8g2_setup.o(.text)
    u8g2_SetDisplayRotation                  0x0800313b   Thumb Code    22  u8g2_setup.o(.text)
    u8g2_SendF                               0x08003151   Thumb Code    18  u8g2_setup.o(.text)
    u8g2_update_dimension_r0                 0x08003217   Thumb Code     2  u8g2_setup.o(.text)
    u8g2_update_page_win_r0                  0x08003219   Thumb Code    32  u8g2_setup.o(.text)
    u8g2_update_dimension_r1                 0x08003239   Thumb Code    24  u8g2_setup.o(.text)
    u8g2_update_page_win_r1                  0x08003251   Thumb Code    32  u8g2_setup.o(.text)
    u8g2_update_dimension_r2                 0x08003271   Thumb Code     2  u8g2_setup.o(.text)
    u8g2_update_page_win_r2                  0x08003273   Thumb Code    48  u8g2_setup.o(.text)
    u8g2_update_dimension_r3                 0x080032a3   Thumb Code    24  u8g2_setup.o(.text)
    u8g2_update_page_win_r3                  0x080032bb   Thumb Code    48  u8g2_setup.o(.text)
    u8g2_draw_l90_r0                         0x080032eb   Thumb Code    12  u8g2_setup.o(.text)
    u8g2_draw_l90_mirrorr_r0                 0x080032f7   Thumb Code    32  u8g2_setup.o(.text)
    u8g2_draw_mirror_vertical_r0             0x08003317   Thumb Code    32  u8g2_setup.o(.text)
    u8g2_draw_l90_r1                         0x08003337   Thumb Code    42  u8g2_setup.o(.text)
    u8g2_draw_l90_r2                         0x08003361   Thumb Code    54  u8g2_setup.o(.text)
    u8g2_draw_l90_r3                         0x08003397   Thumb Code    42  u8g2_setup.o(.text)
    u8g2_Setup_null                          0x080033c1   Thumb Code    34  u8g2_setup.o(.text)
    u8x8_SetFont                             0x080033f5   Thumb Code     4  u8x8_8x8.o(.text)
    u8x8_DrawGlyph                           0x08003461   Thumb Code    90  u8x8_8x8.o(.text)
    u8x8_upscale_byte                        0x080034bb   Thumb Code    36  u8x8_8x8.o(.text)
    u8x8_Draw2x2Glyph                        0x080034df   Thumb Code    74  u8x8_8x8.o(.text)
    u8x8_Draw1x2Glyph                        0x08003529   Thumb Code   146  u8x8_8x8.o(.text)
    u8x8_utf8_init                           0x080035bb   Thumb Code     8  u8x8_8x8.o(.text)
    u8x8_ascii_next                          0x080035c3   Thumb Code    14  u8x8_8x8.o(.text)
    u8x8_utf8_next                           0x080035d1   Thumb Code   144  u8x8_8x8.o(.text)
    u8x8_DrawString                          0x080036b1   Thumb Code    12  u8x8_8x8.o(.text)
    u8x8_DrawUTF8                            0x080036bd   Thumb Code    12  u8x8_8x8.o(.text)
    u8x8_Draw2x2String                       0x0800371b   Thumb Code    12  u8x8_8x8.o(.text)
    u8x8_Draw2x2UTF8                         0x08003727   Thumb Code    12  u8x8_8x8.o(.text)
    u8x8_Draw1x2String                       0x08003781   Thumb Code    12  u8x8_8x8.o(.text)
    u8x8_Draw1x2UTF8                         0x0800378d   Thumb Code    12  u8x8_8x8.o(.text)
    u8x8_GetUTF8Len                          0x08003799   Thumb Code    48  u8x8_8x8.o(.text)
    u8x8_byte_SetDC                          0x0800387d   Thumb Code    16  u8x8_byte.o(.text)
    u8x8_byte_SendBytes                      0x0800388d   Thumb Code    16  u8x8_byte.o(.text)
    u8x8_byte_SendByte                       0x0800389d   Thumb Code    14  u8x8_byte.o(.text)
    u8x8_byte_StartTransfer                  0x080038ab   Thumb Code    16  u8x8_byte.o(.text)
    u8x8_byte_EndTransfer                    0x080038bb   Thumb Code    16  u8x8_byte.o(.text)
    u8x8_byte_empty                          0x080038cb   Thumb Code     4  u8x8_byte.o(.text)
    u8x8_byte_4wire_sw_spi                   0x080038cf   Thumb Code   232  u8x8_byte.o(.text)
    u8x8_byte_8bit_6800mode                  0x080039b7   Thumb Code   214  u8x8_byte.o(.text)
    u8x8_byte_8bit_8080mode                  0x08003a8d   Thumb Code   212  u8x8_byte.o(.text)
    u8x8_byte_3wire_sw_spi                   0x08003b61   Thumb Code   250  u8x8_byte.o(.text)
    u8x8_byte_set_ks0108_cs                  0x08003c5b   Thumb Code    46  u8x8_byte.o(.text)
    u8x8_byte_ks0108                         0x08003c89   Thumb Code   206  u8x8_byte.o(.text)
    u8x8_byte_sed1520                        0x08003d57   Thumb Code   212  u8x8_byte.o(.text)
    u8x8_byte_sw_i2c                         0x08003ea7   Thumb Code   188  u8x8_byte.o(.text)
    u8x8_cad_SendCmd                         0x08003fc1   Thumb Code    16  u8x8_cad.o(.text)
    u8x8_cad_SendArg                         0x08003fd1   Thumb Code    16  u8x8_cad.o(.text)
    u8x8_cad_SendMultipleArg                 0x08003fe1   Thumb Code    38  u8x8_cad.o(.text)
    u8x8_cad_SendData                        0x08004007   Thumb Code    16  u8x8_cad.o(.text)
    u8x8_cad_StartTransfer                   0x08004017   Thumb Code    16  u8x8_cad.o(.text)
    u8x8_cad_EndTransfer                     0x08004027   Thumb Code    16  u8x8_cad.o(.text)
    u8x8_cad_vsendf                          0x08004037   Thumb Code    80  u8x8_cad.o(.text)
    u8x8_SendF                               0x08004087   Thumb Code    18  u8x8_cad.o(.text)
    u8x8_cad_SendSequence                    0x08004099   Thumb Code   104  u8x8_cad.o(.text)
    u8x8_cad_empty                           0x08004101   Thumb Code    44  u8x8_cad.o(.text)
    u8x8_cad_110                             0x0800412d   Thumb Code    80  u8x8_cad.o(.text)
    u8x8_gu800_cad_110                       0x0800417d   Thumb Code   116  u8x8_cad.o(.text)
    u8x8_cad_100                             0x080041f1   Thumb Code    84  u8x8_cad.o(.text)
    u8x8_cad_001                             0x08004245   Thumb Code    80  u8x8_cad.o(.text)
    u8x8_cad_011                             0x08004295   Thumb Code    84  u8x8_cad.o(.text)
    u8x8_cad_st7920_spi                      0x080042e9   Thumb Code   242  u8x8_cad.o(.text)
    u8x8_cad_ssd13xx_i2c                     0x080043db   Thumb Code   122  u8x8_cad.o(.text)
    u8x8_cad_ssd13xx_fast_i2c                0x08004455   Thumb Code   180  u8x8_cad.o(.text)
    u8x8_cad_st75256_i2c                     0x08004509   Thumb Code   132  u8x8_cad.o(.text)
    u8x8_cad_ld7032_i2c                      0x0800458d   Thumb Code   174  u8x8_cad.o(.text)
    u8x8_cad_uc16xx_i2c                      0x0800463b   Thumb Code   234  u8x8_cad.o(.text)
    u8x8_cad_uc1638_i2c                      0x08004725   Thumb Code   284  u8x8_cad.o(.text)
    u8x8_capture_get_pixel_1                 0x0800486d   Thumb Code    28  u8x8_capture.o(.text)
    u8x8_capture_get_pixel_2                 0x08004889   Thumb Code    32  u8x8_capture.o(.text)
    u8x8_capture_write_pbm_pre               0x080048a9   Thumb Code    42  u8x8_capture.o(.text)
    u8x8_capture_write_pbm_buffer            0x080048d3   Thumb Code    84  u8x8_capture.o(.text)
    u8x8_capture_write_xbm_pre               0x08004927   Thumb Code    50  u8x8_capture.o(.text)
    u8x8_capture_write_xbm_buffer            0x08004959   Thumb Code   176  u8x8_capture.o(.text)
    u8x8_d_ssd1306_128x64_noname             0x08004b39   Thumb Code    56  u8x8_d_ssd1306_128x64_noname.o(.text)
    u8x8_d_ssd1312_128x64_noname             0x08004b71   Thumb Code    86  u8x8_d_ssd1306_128x64_noname.o(.text)
    u8x8_d_ssd1306_128x64_vcomh0             0x08004bc7   Thumb Code    56  u8x8_d_ssd1306_128x64_noname.o(.text)
    u8x8_d_ssd1306_128x64_alt0               0x08004bff   Thumb Code    56  u8x8_d_ssd1306_128x64_noname.o(.text)
    u8x8_d_sh1106_128x64_noname              0x08004c37   Thumb Code    54  u8x8_d_ssd1306_128x64_noname.o(.text)
    u8x8_d_sh1106_128x64_vcomh0              0x08004c6d   Thumb Code    54  u8x8_d_ssd1306_128x64_noname.o(.text)
    u8x8_d_sh1106_128x64_winstar             0x08004ca3   Thumb Code    54  u8x8_d_ssd1306_128x64_noname.o(.text)
    u8x8_d_helper_display_setup_memory       0x08004ce1   Thumb Code    10  u8x8_display.o(.text)
    u8x8_d_helper_display_init               0x08004ceb   Thumb Code    96  u8x8_display.o(.text)
    u8x8_DrawTile                            0x08004d4b   Thumb Code    30  u8x8_display.o(.text)
    u8x8_SetupMemory                         0x08004d69   Thumb Code    16  u8x8_display.o(.text)
    u8x8_InitInterface                       0x08004d79   Thumb Code    32  u8x8_display.o(.text)
    u8x8_InitDisplay                         0x08004d99   Thumb Code    16  u8x8_display.o(.text)
    u8x8_SetPowerSave                        0x08004da9   Thumb Code    16  u8x8_display.o(.text)
    u8x8_SetFlipMode                         0x08004db9   Thumb Code    16  u8x8_display.o(.text)
    u8x8_SetContrast                         0x08004dc9   Thumb Code    16  u8x8_display.o(.text)
    u8x8_RefreshDisplay                      0x08004dd9   Thumb Code    16  u8x8_display.o(.text)
    u8x8_ClearDisplayWithTile                0x08004de9   Thumb Code    58  u8x8_display.o(.text)
    u8x8_ClearDisplay                        0x08004e23   Thumb Code    16  u8x8_display.o(.text)
    u8x8_FillDisplay                         0x08004e33   Thumb Code    20  u8x8_display.o(.text)
    u8x8_ClearLine                           0x08004e47   Thumb Code    48  u8x8_display.o(.text)
    u8x8_gpio_call                           0x08004e81   Thumb Code    12  u8x8_gpio.o(.text)
    u8x8_dummy_cb                            0x08004e8d   Thumb Code     4  u8x8_setup.o(.text)
    u8x8_d_null_cb                           0x08004e91   Thumb Code    28  u8x8_setup.o(.text)
    u8x8_SetupDefaults                       0x08004ead   Thumb Code    34  u8x8_setup.o(.text)
    u8x8_Setup                               0x08004ecf   Thumb Code    34  u8x8_setup.o(.text)
    u8x8_u16toap                             0x08004ef5   Thumb Code    46  u8x8_u16toa.o(.text)
    u8x8_u16toa                              0x08004f23   Thumb Code    20  u8x8_u16toa.o(.text)
    u8x8_utoa                                0x08004f37   Thumb Code    28  u8x8_u16toa.o(.text)
    IIC_Init                                 0x08004f59   Thumb Code    38  u8g2_init.o(.text)
    u8x8_gpio_and_delay                      0x08004f7f   Thumb Code   152  u8g2_init.o(.text)
    u8g2Init                                 0x08005017   Thumb Code    40  u8g2_init.o(.text)
    __use_no_semihosting                     0x0800504d   Thumb Code     2  use_no_semi_2.o(.text)
    __2sprintf                               0x08005051   Thumb Code    34  noretval__2sprintf.o(.text)
    __printf                                 0x08005079   Thumb Code   104  __printf.o(.text)
    _printf_int_dec                          0x080050e1   Thumb Code   104  _printf_dec.o(.text)
    __aeabi_memclr                           0x08005159   Thumb Code     0  rt_memclr.o(.text)
    __rt_memclr                              0x08005159   Thumb Code    68  rt_memclr.o(.text)
    _memset                                  0x0800515d   Thumb Code     0  rt_memclr.o(.text)
    __aeabi_memclr4                          0x0800519d   Thumb Code     0  rt_memclr_w.o(.text)
    __aeabi_memclr8                          0x0800519d   Thumb Code     0  rt_memclr_w.o(.text)
    __rt_memclr_w                            0x0800519d   Thumb Code    78  rt_memclr_w.o(.text)
    _memset_w                                0x080051a1   Thumb Code     0  rt_memclr_w.o(.text)
    __use_two_region_memory                  0x080051eb   Thumb Code     2  heapauxi.o(.text)
    __rt_heap_escrow$2region                 0x080051ed   Thumb Code     2  heapauxi.o(.text)
    __rt_heap_expand$2region                 0x080051ef   Thumb Code     2  heapauxi.o(.text)
    __I$use$semihosting                      0x080051f1   Thumb Code     0  use_no_semi.o(.text)
    __use_no_semihosting_swi                 0x080051f1   Thumb Code     2  use_no_semi.o(.text)
    _printf_int_common                       0x080051f3   Thumb Code   178  _printf_intcommon.o(.text)
    _printf_char_common                      0x080052af   Thumb Code    32  _printf_char_common.o(.text)
    _sputc                                   0x080052d5   Thumb Code    10  _sputc.o(.text)
    __user_setup_stackheap                   0x080052df   Thumb Code    74  sys_stackheap_outer.o(.text)
    exit                                     0x08005329   Thumb Code    18  exit.o(.text)
    __user_libspace                          0x0800533d   Thumb Code     8  libspace.o(.text)
    __user_perproc_libspace                  0x0800533d   Thumb Code     0  libspace.o(.text)
    __user_perthread_libspace                0x0800533d   Thumb Code     0  libspace.o(.text)
    RF2G4_ADDR_TX                            0x08005344   Data           5  rf2g4.o(.constdata)
    RF2G4_ADDR_RX                            0x08005349   Data           5  rf2g4.o(.constdata)
    u8g2_font_ncenB08_tf                     0x0800534e   Data        2518  u8g2_fonts.o(.constdata)
    u8g2_cb_r0                               0x08005d24   Data          12  u8g2_setup.o(.constdata)
    Region$$Table$$Base                      0x08005e6c   Number         0  anon$$obj.o(Region$$Table)
    Region$$Table$$Limit                     0x08005e8c   Number         0  anon$$obj.o(Region$$Table)
    F_2G4_Command_Valid                      0x20000000   Data           1  main.o(.data)
    C_2G4_Command                            0x20000002   Data           2  main.o(.data)
    SystemCoreClock                          0x20000004   Data           4  system_stm32f10x.o(.data)
    AHBPrescTable                            0x20000008   Data          16  system_stm32f10x.o(.data)
    USART_RX_STA                             0x2000001c   Data           2  usart.o(.data)
    RF2G4_Receive_Data                       0x20000048   Data          14  rf2g4.o(.bss)
    USART_RX_BUF                             0x20000056   Data         200  usart.o(.bss)
    __libspace_start                         0x20000530   Data          96  libspace.o(.bss)
    __temporary_stack_top$libspace           0x20000590   Data           0  libspace.o(.bss)



==============================================================================

Memory Map of the image

  Image Entry point : 0x08000131

  Load Region LR_IROM1 (Base: 0x08000000, Size: 0x00005ed4, Max: 0x00010000, ABSOLUTE)

    Execution Region ER_IROM1 (Exec base: 0x08000000, Load base: 0x08000000, Size: 0x00005e8c, Max: 0x00010000, ABSOLUTE)

    Exec Addr    Load Addr    Size         Type   Attr      Idx    E Section Name        Object

    0x08000000   0x08000000   0x00000130   Data   RO          380    RESET               startup_stm32f10x_hd.o
    0x08000130   0x08000130   0x00000008   Code   RO         3334  * !!!main             c_w.l(__main.o)
    0x08000138   0x08000138   0x00000034   Code   RO         3506    !!!scatter          c_w.l(__scatter.o)
    0x0800016c   0x0800016c   0x0000001a   Code   RO         3508    !!handler_copy      c_w.l(__scatter_copy.o)
    0x08000186   0x08000186   0x00000002   PAD
    0x08000188   0x08000188   0x0000001c   Code   RO         3510    !!handler_zi        c_w.l(__scatter_zi.o)
    0x080001a4   0x080001a4   0x00000000   Code   RO         3327    .ARM.Collect$$_printf_percent$$00000000  c_w.l(_printf_percent.o)
    0x080001a4   0x080001a4   0x00000006   Code   RO         3326    .ARM.Collect$$_printf_percent$$00000009  c_w.l(_printf_d.o)
    0x080001aa   0x080001aa   0x00000004   Code   RO         3347    .ARM.Collect$$_printf_percent$$00000017  c_w.l(_printf_percent_end.o)
    0x080001ae   0x080001ae   0x00000002   Code   RO         3378    .ARM.Collect$$libinit$$00000000  c_w.l(libinit.o)
    0x080001b0   0x080001b0   0x00000000   Code   RO         3385    .ARM.Collect$$libinit$$00000002  c_w.l(libinit2.o)
    0x080001b0   0x080001b0   0x00000000   Code   RO         3387    .ARM.Collect$$libinit$$00000004  c_w.l(libinit2.o)
    0x080001b0   0x080001b0   0x00000000   Code   RO         3390    .ARM.Collect$$libinit$$0000000A  c_w.l(libinit2.o)
    0x080001b0   0x080001b0   0x00000000   Code   RO         3392    .ARM.Collect$$libinit$$0000000C  c_w.l(libinit2.o)
    0x080001b0   0x080001b0   0x00000000   Code   RO         3394    .ARM.Collect$$libinit$$0000000E  c_w.l(libinit2.o)
    0x080001b0   0x080001b0   0x00000000   Code   RO         3397    .ARM.Collect$$libinit$$00000011  c_w.l(libinit2.o)
    0x080001b0   0x080001b0   0x00000000   Code   RO         3399    .ARM.Collect$$libinit$$00000013  c_w.l(libinit2.o)
    0x080001b0   0x080001b0   0x00000000   Code   RO         3401    .ARM.Collect$$libinit$$00000015  c_w.l(libinit2.o)
    0x080001b0   0x080001b0   0x00000000   Code   RO         3403    .ARM.Collect$$libinit$$00000017  c_w.l(libinit2.o)
    0x080001b0   0x080001b0   0x00000000   Code   RO         3405    .ARM.Collect$$libinit$$00000019  c_w.l(libinit2.o)
    0x080001b0   0x080001b0   0x00000000   Code   RO         3407    .ARM.Collect$$libinit$$0000001B  c_w.l(libinit2.o)
    0x080001b0   0x080001b0   0x00000000   Code   RO         3409    .ARM.Collect$$libinit$$0000001D  c_w.l(libinit2.o)
    0x080001b0   0x080001b0   0x00000000   Code   RO         3411    .ARM.Collect$$libinit$$0000001F  c_w.l(libinit2.o)
    0x080001b0   0x080001b0   0x00000000   Code   RO         3413    .ARM.Collect$$libinit$$00000021  c_w.l(libinit2.o)
    0x080001b0   0x080001b0   0x00000000   Code   RO         3415    .ARM.Collect$$libinit$$00000023  c_w.l(libinit2.o)
    0x080001b0   0x080001b0   0x00000000   Code   RO         3417    .ARM.Collect$$libinit$$00000025  c_w.l(libinit2.o)
    0x080001b0   0x080001b0   0x00000000   Code   RO         3421    .ARM.Collect$$libinit$$0000002C  c_w.l(libinit2.o)
    0x080001b0   0x080001b0   0x00000000   Code   RO         3423    .ARM.Collect$$libinit$$0000002E  c_w.l(libinit2.o)
    0x080001b0   0x080001b0   0x00000000   Code   RO         3425    .ARM.Collect$$libinit$$00000030  c_w.l(libinit2.o)
    0x080001b0   0x080001b0   0x00000000   Code   RO         3427    .ARM.Collect$$libinit$$00000032  c_w.l(libinit2.o)
    0x080001b0   0x080001b0   0x00000002   Code   RO         3428    .ARM.Collect$$libinit$$00000033  c_w.l(libinit2.o)
    0x080001b2   0x080001b2   0x00000002   Code   RO         3446    .ARM.Collect$$libshutdown$$00000000  c_w.l(libshutdown.o)
    0x080001b4   0x080001b4   0x00000000   Code   RO         3456    .ARM.Collect$$libshutdown$$00000002  c_w.l(libshutdown2.o)
    0x080001b4   0x080001b4   0x00000000   Code   RO         3458    .ARM.Collect$$libshutdown$$00000004  c_w.l(libshutdown2.o)
    0x080001b4   0x080001b4   0x00000000   Code   RO         3460    .ARM.Collect$$libshutdown$$00000006  c_w.l(libshutdown2.o)
    0x080001b4   0x080001b4   0x00000000   Code   RO         3463    .ARM.Collect$$libshutdown$$00000009  c_w.l(libshutdown2.o)
    0x080001b4   0x080001b4   0x00000000   Code   RO         3466    .ARM.Collect$$libshutdown$$0000000C  c_w.l(libshutdown2.o)
    0x080001b4   0x080001b4   0x00000000   Code   RO         3468    .ARM.Collect$$libshutdown$$0000000E  c_w.l(libshutdown2.o)
    0x080001b4   0x080001b4   0x00000000   Code   RO         3471    .ARM.Collect$$libshutdown$$00000011  c_w.l(libshutdown2.o)
    0x080001b4   0x080001b4   0x00000002   Code   RO         3472    .ARM.Collect$$libshutdown$$00000012  c_w.l(libshutdown2.o)
    0x080001b6   0x080001b6   0x00000000   Code   RO         3338    .ARM.Collect$$rtentry$$00000000  c_w.l(__rtentry.o)
    0x080001b6   0x080001b6   0x00000000   Code   RO         3349    .ARM.Collect$$rtentry$$00000002  c_w.l(__rtentry2.o)
    0x080001b6   0x080001b6   0x00000006   Code   RO         3361    .ARM.Collect$$rtentry$$00000004  c_w.l(__rtentry4.o)
    0x080001bc   0x080001bc   0x00000000   Code   RO         3351    .ARM.Collect$$rtentry$$00000009  c_w.l(__rtentry2.o)
    0x080001bc   0x080001bc   0x00000004   Code   RO         3352    .ARM.Collect$$rtentry$$0000000A  c_w.l(__rtentry2.o)
    0x080001c0   0x080001c0   0x00000000   Code   RO         3354    .ARM.Collect$$rtentry$$0000000C  c_w.l(__rtentry2.o)
    0x080001c0   0x080001c0   0x00000008   Code   RO         3355    .ARM.Collect$$rtentry$$0000000D  c_w.l(__rtentry2.o)
    0x080001c8   0x080001c8   0x00000002   Code   RO         3382    .ARM.Collect$$rtexit$$00000000  c_w.l(rtexit.o)
    0x080001ca   0x080001ca   0x00000000   Code   RO         3430    .ARM.Collect$$rtexit$$00000002  c_w.l(rtexit2.o)
    0x080001ca   0x080001ca   0x00000004   Code   RO         3431    .ARM.Collect$$rtexit$$00000003  c_w.l(rtexit2.o)
    0x080001ce   0x080001ce   0x00000006   Code   RO         3432    .ARM.Collect$$rtexit$$00000004  c_w.l(rtexit2.o)
    0x080001d4   0x080001d4   0x00000234   Code   RO            1    .text               main.o
    0x08000408   0x08000408   0x00000012   Code   RO          160    .text               stm32f10x_it.o
    0x0800041a   0x0800041a   0x00000002   PAD
    0x0800041c   0x0800041c   0x00000154   Code   RO          175    .text               system_stm32f10x.o
    0x08000570   0x08000570   0x00000298   Code   RO          231    .text               rf2g4.o
    0x08000808   0x08000808   0x00000098   Code   RO          252    .text               timer.o
    0x080008a0   0x080008a0   0x000000f0   Code   RO          265    .text               spi.o
    0x08000990   0x08000990   0x000000d0   Code   RO          289    .text               pwm.o
    0x08000a60   0x08000a60   0x000000e0   Code   RO          301    .text               motor.o
    0x08000b40   0x08000b40   0x00000098   Code   RO          313    .text               delay.o
    0x08000bd8   0x08000bd8   0x00000114   Code   RO          344    .text               usart.o
    0x08000cec   0x08000cec   0x00000040   Code   RO          381    .text               startup_stm32f10x_hd.o
    0x08000d2c   0x08000d2c   0x0000026c   Code   RO          385    .text               stm32f10x_gpio.o
    0x08000f98   0x08000f98   0x000002b4   Code   RO          397    .text               stm32f10x_rcc.o
    0x0800124c   0x0800124c   0x00000328   Code   RO          411    .text               stm32f10x_usart.o
    0x08001574   0x08001574   0x000000b0   Code   RO          423    .text               misc.o
    0x08001624   0x08001624   0x00000274   Code   RO          629    .text               stm32f10x_spi.o
    0x08001898   0x08001898   0x00000af4   Code   RO          641    .text               stm32f10x_tim.o
    0x0800238c   0x0800238c   0x000001dc   Code   RO          725    .text               u8g2_buffer.o
    0x08002568   0x08002568   0x0000000c   Code   RO          774    .text               u8g2_d_memory.o
    0x08002574   0x08002574   0x00000038   Code   RO          787    .text               u8g2_d_setup.o
    0x080025ac   0x080025ac   0x000007f0   Code   RO          799    .text               u8g2_font.o
    0x08002d9c   0x08002d9c   0x0000014e   Code   RO         2739    .text               u8g2_hvline.o
    0x08002eea   0x08002eea   0x00000046   Code   RO         2766    .text               u8g2_intersection.o
    0x08002f30   0x08002f30   0x00000088   Code   RO         2779    .text               u8g2_kerning.o
    0x08002fb8   0x08002fb8   0x00000106   Code   RO         2803    .text               u8g2_ll_hvline.o
    0x080030be   0x080030be   0x00000002   PAD
    0x080030c0   0x080030c0   0x00000334   Code   RO         2855    .text               u8g2_setup.o
    0x080033f4   0x080033f4   0x00000486   Code   RO         2925    .text               u8x8_8x8.o
    0x0800387a   0x0800387a   0x00000002   PAD
    0x0800387c   0x0800387c   0x00000744   Code   RO         2938    .text               u8x8_byte.o
    0x08003fc0   0x08003fc0   0x000008ac   Code   RO         2951    .text               u8x8_cad.o
    0x0800486c   0x0800486c   0x00000208   Code   RO         2966    .text               u8x8_capture.o
    0x08004a74   0x08004a74   0x0000026c   Code   RO         2978    .text               u8x8_d_ssd1306_128x64_noname.o
    0x08004ce0   0x08004ce0   0x000001a0   Code   RO         3020    .text               u8x8_display.o
    0x08004e80   0x08004e80   0x0000000c   Code   RO         3173    .text               u8x8_gpio.o
    0x08004e8c   0x08004e8c   0x00000068   Code   RO         3222    .text               u8x8_setup.o
    0x08004ef4   0x08004ef4   0x00000064   Code   RO         3264    .text               u8x8_u16toa.o
    0x08004f58   0x08004f58   0x000000f4   Code   RO         3278    .text               u8g2_init.o
    0x0800504c   0x0800504c   0x00000002   Code   RO         3292    .text               c_w.l(use_no_semi_2.o)
    0x0800504e   0x0800504e   0x00000002   PAD
    0x08005050   0x08005050   0x00000028   Code   RO         3300    .text               c_w.l(noretval__2sprintf.o)
    0x08005078   0x08005078   0x00000068   Code   RO         3302    .text               c_w.l(__printf.o)
    0x080050e0   0x080050e0   0x00000078   Code   RO         3304    .text               c_w.l(_printf_dec.o)
    0x08005158   0x08005158   0x00000044   Code   RO         3328    .text               c_w.l(rt_memclr.o)
    0x0800519c   0x0800519c   0x0000004e   Code   RO         3330    .text               c_w.l(rt_memclr_w.o)
    0x080051ea   0x080051ea   0x00000006   Code   RO         3332    .text               c_w.l(heapauxi.o)
    0x080051f0   0x080051f0   0x00000002   Code   RO         3336    .text               c_w.l(use_no_semi.o)
    0x080051f2   0x080051f2   0x000000b2   Code   RO         3339    .text               c_w.l(_printf_intcommon.o)
    0x080052a4   0x080052a4   0x00000030   Code   RO         3341    .text               c_w.l(_printf_char_common.o)
    0x080052d4   0x080052d4   0x0000000a   Code   RO         3343    .text               c_w.l(_sputc.o)
    0x080052de   0x080052de   0x0000004a   Code   RO         3369    .text               c_w.l(sys_stackheap_outer.o)
    0x08005328   0x08005328   0x00000012   Code   RO         3371    .text               c_w.l(exit.o)
    0x0800533a   0x0800533a   0x00000002   PAD
    0x0800533c   0x0800533c   0x00000008   Code   RO         3379    .text               c_w.l(libspace.o)
    0x08005344   0x08005344   0x0000000a   Data   RO          234    .constdata          rf2g4.o
    0x0800534e   0x0800534e   0x000009d6   Data   RO         2076    .constdata          u8g2_fonts.o
    0x08005d24   0x08005d24   0x0000000c   Data   RO         2856    .constdata          u8g2_setup.o
    0x08005d30   0x08005d30   0x00000124   Data   RO         2979    .constdata          u8x8_d_ssd1306_128x64_noname.o
    0x08005e54   0x08005e54   0x00000018   Data   RO         3223    .constdata          u8x8_setup.o
    0x08005e6c   0x08005e6c   0x00000020   Data   RO         3504    Region$$Table       anon$$obj.o


    Execution Region RW_IRAM1 (Exec base: 0x20000000, Load base: 0x08005e8c, Size: 0x00000b90, Max: 0x00005000, ABSOLUTE)

    Exec Addr    Load Addr    Size         Type   Attr      Idx    E Section Name        Object

    0x20000000   0x08005e8c   0x00000004   Data   RW            3    .data               main.o
    0x20000004   0x08005e90   0x00000014   Data   RW          176    .data               system_stm32f10x.o
    0x20000018   0x08005ea4   0x00000004   Data   RW          314    .data               delay.o
    0x2000001c   0x08005ea8   0x00000002   Data   RW          346    .data               usart.o
    0x2000001e   0x08005eaa   0x00000014   Data   RW          398    .data               stm32f10x_rcc.o
    0x20000032   0x08005ebe   0x00000008   Data   RW         2862    .data               u8g2_setup.o
    0x2000003a   0x08005ec6   0x00000002   Data   RW         2939    .data               u8x8_byte.o
    0x2000003c   0x08005ec8   0x00000006   Data   RW         2953    .data               u8x8_cad.o
    0x20000042   0x08005ece   0x00000006   Data   RW         3265    .data               u8x8_u16toa.o
    0x20000048        -       0x0000000e   Zero   RW          233    .bss                rf2g4.o
    0x20000056        -       0x000000c8   Zero   RW          345    .bss                usart.o
    0x2000011e        -       0x00000400   Zero   RW          775    .bss                u8g2_d_memory.o
    0x2000051e        -       0x00000010   Zero   RW         2952    .bss                u8x8_cad.o
    0x2000052e   0x08005ed4   0x00000002   PAD
    0x20000530        -       0x00000060   Zero   RW         3380    .bss                c_w.l(libspace.o)
    0x20000590        -       0x00000200   Zero   RW          379    HEAP                startup_stm32f10x_hd.o
    0x20000790        -       0x00000400   Zero   RW          378    STACK               startup_stm32f10x_hd.o


==============================================================================

Image component sizes


      Code (inc. data)   RO Data    RW Data    ZI Data      Debug   Object Name

       152         14          0          4          0       1063   delay.o
         0          0          0          0          0     203360   led.o
       564         66          0          4          0     415704   main.o
       176         14          0          0          0       1829   misc.o
       224          0          0          0          0       1986   motor.o
       208          4          0          0          0        943   pwm.o
       664         22         10          0         14       3888   rf2g4.o
       240          8          0          0          0       1216   spi.o
        64         26        304          0       1536        788   startup_stm32f10x_hd.o
       620         36          0          0          0       5797   stm32f10x_gpio.o
        18          0          0          0          0       1150   stm32f10x_it.o
       692         32          0         20          0       8940   stm32f10x_rcc.o
       628         14          0          0          0       6934   stm32f10x_spi.o
      2804         86          0          0          0      22918   stm32f10x_tim.o
       808         22          0          0          0       8716   stm32f10x_usart.o
         0          0          0          0          0         32   sys.o
       340         32          0         20          0       1719   system_stm32f10x.o
       152         12          0          0          0        701   timer.o
       476         10          0          0          0       3960   u8g2_buffer.o
        12          4          0          0       1024        768   u8g2_d_memory.o
        56         14          0          0          0        973   u8g2_d_setup.o
      2032          8          0          0          0      15241   u8g2_font.o
         0          0       2518          0          0     143013   u8g2_fonts.o
       334          0          0          0          0       2700   u8g2_hvline.o
       244         14          0          0          0       1148   u8g2_init.o
        70          0          0          0          0       1471   u8g2_intersection.o
       136          0          0          0          0       1493   u8g2_kerning.o
       262          0          0          0          0       1922   u8g2_ll_hvline.o
       820         18         12          8          0     146533   u8g2_setup.o
      1158          0          0          0          0       8682   u8x8_8x8.o
      1860          4          0          2          0       8297   u8x8_byte.o
      2220         86          0          6         16      11076   u8x8_cad.o
       520        108          0          0          0       3514   u8x8_capture.o
       620          8        292          0          0       5017   u8x8_d_ssd1306_128x64_noname.o
       416         10          0          0          0       3747   u8x8_display.o
        12          0          0          0          0        545   u8x8_gpio.o
       104          4         24          0          0       1565   u8x8_setup.o
       100          6          0          6          0       1395   u8x8_u16toa.o
       276         16          0          2        200       3166   usart.o

    ----------------------------------------------------------------------
     20088        698       3192         72       2792    1053910   Object Totals
         0          0         32          0          0          0   (incl. Generated)
         6          0          0          0          2          0   (incl. Padding)

    ----------------------------------------------------------------------

      Code (inc. data)   RO Data    RW Data    ZI Data      Debug   Library Member Name

         8          0          0          0          0         68   __main.o
       104          0          0          0          0         84   __printf.o
         0          0          0          0          0          0   __rtentry.o
        12          0          0          0          0          0   __rtentry2.o
         6          0          0          0          0          0   __rtentry4.o
        52          8          0          0          0          0   __scatter.o
        26          0          0          0          0          0   __scatter_copy.o
        28          0          0          0          0          0   __scatter_zi.o
        48          6          0          0          0         96   _printf_char_common.o
         6          0          0          0          0          0   _printf_d.o
       120         16          0          0          0         92   _printf_dec.o
       178          0          0          0          0         88   _printf_intcommon.o
         0          0          0          0          0          0   _printf_percent.o
         4          0          0          0          0          0   _printf_percent_end.o
        10          0          0          0          0         68   _sputc.o
        18          0          0          0          0         80   exit.o
         6          0          0          0          0        152   heapauxi.o
         2          0          0          0          0          0   libinit.o
         2          0          0          0          0          0   libinit2.o
         2          0          0          0          0          0   libshutdown.o
         2          0          0          0          0          0   libshutdown2.o
         8          4          0          0         96         68   libspace.o
        40          6          0          0          0         84   noretval__2sprintf.o
        68          0          0          0          0         68   rt_memclr.o
        78          0          0          0          0         80   rt_memclr_w.o
         2          0          0          0          0          0   rtexit.o
        10          0          0          0          0          0   rtexit2.o
        74          0          0          0          0         80   sys_stackheap_outer.o
         2          0          0          0          0         68   use_no_semi.o
         2          0          0          0          0         68   use_no_semi_2.o

    ----------------------------------------------------------------------
       924         40          0          0         96       1244   Library Totals
         6          0          0          0          0          0   (incl. Padding)

    ----------------------------------------------------------------------

      Code (inc. data)   RO Data    RW Data    ZI Data      Debug   Library Name

       918         40          0          0         96       1244   c_w.l

    ----------------------------------------------------------------------
       924         40          0          0         96       1244   Library Totals

    ----------------------------------------------------------------------

==============================================================================


      Code (inc. data)   RO Data    RW Data    ZI Data      Debug   

     21012        738       3192         72       2888    1050990   Grand Totals
     21012        738       3192         72       2888    1050990   ELF Image Totals
     21012        738       3192         72          0          0   ROM Totals

==============================================================================

    Total RO  Size (Code + RO Data)                24204 (  23.64kB)
    Total RW  Size (RW Data + ZI Data)              2960 (   2.89kB)
    Total ROM Size (Code + RO Data + RW Data)      24276 (  23.71kB)

==============================================================================

